<?xml version="1.0"?>
<link_info>
   <banner>MSP430 Linker PC v16.9.6.LTS</banner>
   <copyright>Copyright (c) 2003-2017 Texas Instruments Incorporated</copyright>
   <link_time>0x5b437766</link_time>
   <link_errors>0x0</link_errors>
   <output_file>auxbots.out</output_file>
   <entry_point>
      <name>_c_int00_noargs_noexit</name>
      <address>0xcf02</address>
   </entry_point>
   <input_file_list>
      <input_file id="fl-2">
         <path>.\Applications\application\End Device\</path>
         <kind>object</kind>
         <file>main_manyEDs.obj</file>
         <name>main_manyEDs.obj</name>
      </input_file>
      <input_file id="fl-3">
         <path>.\Components\bsp\</path>
         <kind>object</kind>
         <file>bsp.obj</file>
         <name>bsp.obj</name>
      </input_file>
      <input_file id="fl-4">
         <path>.\Components\mrfi\</path>
         <kind>object</kind>
         <file>mrfi.obj</file>
         <name>mrfi.obj</name>
      </input_file>
      <input_file id="fl-5">
         <path>.\Components\simpliciti\nwk\</path>
         <kind>object</kind>
         <file>nwk.obj</file>
         <name>nwk.obj</name>
      </input_file>
      <input_file id="fl-6">
         <path>.\Components\simpliciti\nwk\</path>
         <kind>object</kind>
         <file>nwk_QMgmt.obj</file>
         <name>nwk_QMgmt.obj</name>
      </input_file>
      <input_file id="fl-7">
         <path>.\Components\simpliciti\nwk\</path>
         <kind>object</kind>
         <file>nwk_api.obj</file>
         <name>nwk_api.obj</name>
      </input_file>
      <input_file id="fl-8">
         <path>.\Components\simpliciti\nwk\</path>
         <kind>object</kind>
         <file>nwk_frame.obj</file>
         <name>nwk_frame.obj</name>
      </input_file>
      <input_file id="fl-9">
         <path>.\Components\simpliciti\nwk\</path>
         <kind>object</kind>
         <file>nwk_globals.obj</file>
         <name>nwk_globals.obj</name>
      </input_file>
      <input_file id="fl-a">
         <path>.\Components\simpliciti\nwk_applications\</path>
         <kind>object</kind>
         <file>nwk_freq.obj</file>
         <name>nwk_freq.obj</name>
      </input_file>
      <input_file id="fl-b">
         <path>.\Components\simpliciti\nwk_applications\</path>
         <kind>object</kind>
         <file>nwk_ioctl.obj</file>
         <name>nwk_ioctl.obj</name>
      </input_file>
      <input_file id="fl-c">
         <path>.\Components\simpliciti\nwk_applications\</path>
         <kind>object</kind>
         <file>nwk_join.obj</file>
         <name>nwk_join.obj</name>
      </input_file>
      <input_file id="fl-d">
         <path>.\Components\simpliciti\nwk_applications\</path>
         <kind>object</kind>
         <file>nwk_link.obj</file>
         <name>nwk_link.obj</name>
      </input_file>
      <input_file id="fl-e">
         <path>.\Components\simpliciti\nwk_applications\</path>
         <kind>object</kind>
         <file>nwk_mgmt.obj</file>
         <name>nwk_mgmt.obj</name>
      </input_file>
      <input_file id="fl-f">
         <path>.\Components\simpliciti\nwk_applications\</path>
         <kind>object</kind>
         <file>nwk_ping.obj</file>
         <name>nwk_ping.obj</name>
      </input_file>
      <input_file id="fl-10">
         <path>.\Components\simpliciti\nwk_applications\</path>
         <kind>object</kind>
         <file>nwk_security.obj</file>
         <name>nwk_security.obj</name>
      </input_file>
      <input_file id="fl-11">
         <path>.\utils\</path>
         <kind>object</kind>
         <file>UART_HANDLER.obj</file>
         <name>UART_HANDLER.obj</name>
      </input_file>
      <input_file id="fl-12">
         <path>.\utils\</path>
         <kind>object</kind>
         <file>utils.obj</file>
         <name>utils.obj</name>
      </input_file>
      <input_file id="fl-17">
         <kind>object</kind>
         <file>&lt;internal&gt;</file>
         <name>&lt;internal&gt;</name>
      </input_file>
      <input_file id="fl-2d">
         <path>C:\ti\ccsv7\tools\compiler\ti-cgt-msp430_16.9.6.LTS\lib\</path>
         <kind>archive</kind>
         <file>rts430_eabi.lib</file>
         <name>addd.obj</name>
      </input_file>
      <input_file id="fl-2e">
         <path>C:\ti\ccsv7\tools\compiler\ti-cgt-msp430_16.9.6.LTS\lib\</path>
         <kind>archive</kind>
         <file>rts430_eabi.lib</file>
         <name>asr16.obj</name>
      </input_file>
      <input_file id="fl-2f">
         <path>C:\ti\ccsv7\tools\compiler\ti-cgt-msp430_16.9.6.LTS\lib\</path>
         <kind>archive</kind>
         <file>rts430_eabi.lib</file>
         <name>asr32.obj</name>
      </input_file>
      <input_file id="fl-30">
         <path>C:\ti\ccsv7\tools\compiler\ti-cgt-msp430_16.9.6.LTS\lib\</path>
         <kind>archive</kind>
         <file>rts430_eabi.lib</file>
         <name>boot.obj</name>
      </input_file>
      <input_file id="fl-31">
         <path>C:\ti\ccsv7\tools\compiler\ti-cgt-msp430_16.9.6.LTS\lib\</path>
         <kind>archive</kind>
         <file>rts430_eabi.lib</file>
         <name>boot_special.obj</name>
      </input_file>
      <input_file id="fl-32">
         <path>C:\ti\ccsv7\tools\compiler\ti-cgt-msp430_16.9.6.LTS\lib\</path>
         <kind>archive</kind>
         <file>rts430_eabi.lib</file>
         <name>copy_decompress_lzss.obj</name>
      </input_file>
      <input_file id="fl-33">
         <path>C:\ti\ccsv7\tools\compiler\ti-cgt-msp430_16.9.6.LTS\lib\</path>
         <kind>archive</kind>
         <file>rts430_eabi.lib</file>
         <name>copy_decompress_none.obj</name>
      </input_file>
      <input_file id="fl-34">
         <path>C:\ti\ccsv7\tools\compiler\ti-cgt-msp430_16.9.6.LTS\lib\</path>
         <kind>archive</kind>
         <file>rts430_eabi.lib</file>
         <name>copy_zero_init.obj</name>
      </input_file>
      <input_file id="fl-35">
         <path>C:\ti\ccsv7\tools\compiler\ti-cgt-msp430_16.9.6.LTS\lib\</path>
         <kind>archive</kind>
         <file>rts430_eabi.lib</file>
         <name>cvtdf.obj</name>
      </input_file>
      <input_file id="fl-36">
         <path>C:\ti\ccsv7\tools\compiler\ti-cgt-msp430_16.9.6.LTS\lib\</path>
         <kind>archive</kind>
         <file>rts430_eabi.lib</file>
         <name>cvtfd.obj</name>
      </input_file>
      <input_file id="fl-37">
         <path>C:\ti\ccsv7\tools\compiler\ti-cgt-msp430_16.9.6.LTS\lib\</path>
         <kind>archive</kind>
         <file>rts430_eabi.lib</file>
         <name>div16s.obj</name>
      </input_file>
      <input_file id="fl-38">
         <path>C:\ti\ccsv7\tools\compiler\ti-cgt-msp430_16.9.6.LTS\lib\</path>
         <kind>archive</kind>
         <file>rts430_eabi.lib</file>
         <name>div16u.obj</name>
      </input_file>
      <input_file id="fl-39">
         <path>C:\ti\ccsv7\tools\compiler\ti-cgt-msp430_16.9.6.LTS\lib\</path>
         <kind>archive</kind>
         <file>rts430_eabi.lib</file>
         <name>div32u.obj</name>
      </input_file>
      <input_file id="fl-3a">
         <path>C:\ti\ccsv7\tools\compiler\ti-cgt-msp430_16.9.6.LTS\lib\</path>
         <kind>archive</kind>
         <file>rts430_eabi.lib</file>
         <name>epilog.obj</name>
      </input_file>
      <input_file id="fl-3b">
         <path>C:\ti\ccsv7\tools\compiler\ti-cgt-msp430_16.9.6.LTS\lib\</path>
         <kind>archive</kind>
         <file>rts430_eabi.lib</file>
         <name>exit.obj</name>
      </input_file>
      <input_file id="fl-3c">
         <path>C:\ti\ccsv7\tools\compiler\ti-cgt-msp430_16.9.6.LTS\lib\</path>
         <kind>archive</kind>
         <file>rts430_eabi.lib</file>
         <name>exit_gvars.obj</name>
      </input_file>
      <input_file id="fl-3d">
         <path>C:\ti\ccsv7\tools\compiler\ti-cgt-msp430_16.9.6.LTS\lib\</path>
         <kind>archive</kind>
         <file>rts430_eabi.lib</file>
         <name>frcaddd.obj</name>
      </input_file>
      <input_file id="fl-3e">
         <path>C:\ti\ccsv7\tools\compiler\ti-cgt-msp430_16.9.6.LTS\lib\</path>
         <kind>archive</kind>
         <file>rts430_eabi.lib</file>
         <name>fs_add.obj</name>
      </input_file>
      <input_file id="fl-3f">
         <path>C:\ti\ccsv7\tools\compiler\ti-cgt-msp430_16.9.6.LTS\lib\</path>
         <kind>archive</kind>
         <file>rts430_eabi.lib</file>
         <name>fs_cmp.obj</name>
      </input_file>
      <input_file id="fl-40">
         <path>C:\ti\ccsv7\tools\compiler\ti-cgt-msp430_16.9.6.LTS\lib\</path>
         <kind>archive</kind>
         <file>rts430_eabi.lib</file>
         <name>fs_div.obj</name>
      </input_file>
      <input_file id="fl-41">
         <path>C:\ti\ccsv7\tools\compiler\ti-cgt-msp430_16.9.6.LTS\lib\</path>
         <kind>archive</kind>
         <file>rts430_eabi.lib</file>
         <name>fs_itof.obj</name>
      </input_file>
      <input_file id="fl-42">
         <path>C:\ti\ccsv7\tools\compiler\ti-cgt-msp430_16.9.6.LTS\lib\</path>
         <kind>archive</kind>
         <file>rts430_eabi.lib</file>
         <name>fs_mpy.obj</name>
      </input_file>
      <input_file id="fl-43">
         <path>C:\ti\ccsv7\tools\compiler\ti-cgt-msp430_16.9.6.LTS\lib\</path>
         <kind>archive</kind>
         <file>rts430_eabi.lib</file>
         <name>fs_toi.obj</name>
      </input_file>
      <input_file id="fl-44">
         <path>C:\ti\ccsv7\tools\compiler\ti-cgt-msp430_16.9.6.LTS\lib\</path>
         <kind>archive</kind>
         <file>rts430_eabi.lib</file>
         <name>int02.obj</name>
      </input_file>
      <input_file id="fl-45">
         <path>C:\ti\ccsv7\tools\compiler\ti-cgt-msp430_16.9.6.LTS\lib\</path>
         <kind>archive</kind>
         <file>rts430_eabi.lib</file>
         <name>int05.obj</name>
      </input_file>
      <input_file id="fl-46">
         <path>C:\ti\ccsv7\tools\compiler\ti-cgt-msp430_16.9.6.LTS\lib\</path>
         <kind>archive</kind>
         <file>rts430_eabi.lib</file>
         <name>int08.obj</name>
      </input_file>
      <input_file id="fl-47">
         <path>C:\ti\ccsv7\tools\compiler\ti-cgt-msp430_16.9.6.LTS\lib\</path>
         <kind>archive</kind>
         <file>rts430_eabi.lib</file>
         <name>int10.obj</name>
      </input_file>
      <input_file id="fl-48">
         <path>C:\ti\ccsv7\tools\compiler\ti-cgt-msp430_16.9.6.LTS\lib\</path>
         <kind>archive</kind>
         <file>rts430_eabi.lib</file>
         <name>int12.obj</name>
      </input_file>
      <input_file id="fl-49">
         <path>C:\ti\ccsv7\tools\compiler\ti-cgt-msp430_16.9.6.LTS\lib\</path>
         <kind>archive</kind>
         <file>rts430_eabi.lib</file>
         <name>int13.obj</name>
      </input_file>
      <input_file id="fl-4a">
         <path>C:\ti\ccsv7\tools\compiler\ti-cgt-msp430_16.9.6.LTS\lib\</path>
         <kind>archive</kind>
         <file>rts430_eabi.lib</file>
         <name>int14.obj</name>
      </input_file>
      <input_file id="fl-4b">
         <path>C:\ti\ccsv7\tools\compiler\ti-cgt-msp430_16.9.6.LTS\lib\</path>
         <kind>archive</kind>
         <file>rts430_eabi.lib</file>
         <name>isr_trap.obj</name>
      </input_file>
      <input_file id="fl-4c">
         <path>C:\ti\ccsv7\tools\compiler\ti-cgt-msp430_16.9.6.LTS\lib\</path>
         <kind>archive</kind>
         <file>rts430_eabi.lib</file>
         <name>lsl16.obj</name>
      </input_file>
      <input_file id="fl-4d">
         <path>C:\ti\ccsv7\tools\compiler\ti-cgt-msp430_16.9.6.LTS\lib\</path>
         <kind>archive</kind>
         <file>rts430_eabi.lib</file>
         <name>lsl32.obj</name>
      </input_file>
      <input_file id="fl-4e">
         <path>C:\ti\ccsv7\tools\compiler\ti-cgt-msp430_16.9.6.LTS\lib\</path>
         <kind>archive</kind>
         <file>rts430_eabi.lib</file>
         <name>lsr16.obj</name>
      </input_file>
      <input_file id="fl-4f">
         <path>C:\ti\ccsv7\tools\compiler\ti-cgt-msp430_16.9.6.LTS\lib\</path>
         <kind>archive</kind>
         <file>rts430_eabi.lib</file>
         <name>lsr32.obj</name>
      </input_file>
      <input_file id="fl-50">
         <path>C:\ti\ccsv7\tools\compiler\ti-cgt-msp430_16.9.6.LTS\lib\</path>
         <kind>archive</kind>
         <file>rts430_eabi.lib</file>
         <name>lsr64.obj</name>
      </input_file>
      <input_file id="fl-51">
         <path>C:\ti\ccsv7\tools\compiler\ti-cgt-msp430_16.9.6.LTS\lib\</path>
         <kind>archive</kind>
         <file>rts430_eabi.lib</file>
         <name>memcmp.obj</name>
      </input_file>
      <input_file id="fl-52">
         <path>C:\ti\ccsv7\tools\compiler\ti-cgt-msp430_16.9.6.LTS\lib\</path>
         <kind>archive</kind>
         <file>rts430_eabi.lib</file>
         <name>memcpy.obj</name>
      </input_file>
      <input_file id="fl-53">
         <path>C:\ti\ccsv7\tools\compiler\ti-cgt-msp430_16.9.6.LTS\lib\</path>
         <kind>archive</kind>
         <file>rts430_eabi.lib</file>
         <name>memmov.obj</name>
      </input_file>
      <input_file id="fl-54">
         <path>C:\ti\ccsv7\tools\compiler\ti-cgt-msp430_16.9.6.LTS\lib\</path>
         <kind>archive</kind>
         <file>rts430_eabi.lib</file>
         <name>memset.obj</name>
      </input_file>
      <input_file id="fl-55">
         <path>C:\ti\ccsv7\tools\compiler\ti-cgt-msp430_16.9.6.LTS\lib\</path>
         <kind>archive</kind>
         <file>rts430_eabi.lib</file>
         <name>mpu_init.obj</name>
      </input_file>
      <input_file id="fl-56">
         <path>C:\ti\ccsv7\tools\compiler\ti-cgt-msp430_16.9.6.LTS\lib\</path>
         <kind>archive</kind>
         <file>rts430_eabi.lib</file>
         <name>mult16.obj</name>
      </input_file>
      <input_file id="fl-57">
         <path>C:\ti\ccsv7\tools\compiler\ti-cgt-msp430_16.9.6.LTS\lib\</path>
         <kind>archive</kind>
         <file>rts430_eabi.lib</file>
         <name>mult32.obj</name>
      </input_file>
      <input_file id="fl-58">
         <path>C:\ti\ccsv7\tools\compiler\ti-cgt-msp430_16.9.6.LTS\lib\</path>
         <kind>archive</kind>
         <file>rts430_eabi.lib</file>
         <name>renormd.obj</name>
      </input_file>
      <input_file id="fl-59">
         <path>C:\ti\ccsv7\tools\compiler\ti-cgt-msp430_16.9.6.LTS\lib\</path>
         <kind>archive</kind>
         <file>rts430_eabi.lib</file>
         <name>rotl16.obj</name>
      </input_file>
      <input_file id="fl-5a">
         <path>C:\ti\ccsv7\tools\compiler\ti-cgt-msp430_16.9.6.LTS\lib\</path>
         <kind>archive</kind>
         <file>rts430_eabi.lib</file>
         <name>s_sinf.obj</name>
      </input_file>
      <input_file id="fl-5b">
         <path>C:\ti\ccsv7\tools\compiler\ti-cgt-msp430_16.9.6.LTS\lib\</path>
         <kind>archive</kind>
         <file>rts430_eabi.lib</file>
         <name>subd.obj</name>
      </input_file>
      <input_file id="fl-5c">
         <path>C:\ti\ccsv7\tools\compiler\ti-cgt-msp430_16.9.6.LTS\lib\</path>
         <kind>archive</kind>
         <file>rts430_eabi.lib</file>
         <name>_lock.obj</name>
      </input_file>
      <input_file id="fl-5d">
         <path>C:\ti\ccsv7\tools\compiler\ti-cgt-msp430_16.9.6.LTS\lib\</path>
         <kind>archive</kind>
         <file>rts430_eabi.lib</file>
         <name>args_main.obj</name>
      </input_file>
      <input_file id="fl-5e">
         <path>C:\ti\ccsv7\tools\compiler\ti-cgt-msp430_16.9.6.LTS\lib\</path>
         <kind>archive</kind>
         <file>rts430_eabi.lib</file>
         <name>autoinit.obj</name>
      </input_file>
      <input_file id="fl-5f">
         <path>C:\ti\ccsv7\tools\compiler\ti-cgt-msp430_16.9.6.LTS\lib\</path>
         <kind>archive</kind>
         <file>rts430_eabi.lib</file>
         <name>cpy_tbl.obj</name>
      </input_file>
      <input_file id="fl-60">
         <path>C:\ti\ccsv7\tools\compiler\ti-cgt-msp430_16.9.6.LTS\lib\</path>
         <kind>archive</kind>
         <file>rts430_eabi.lib</file>
         <name>fixdli.obj</name>
      </input_file>
      <input_file id="fl-61">
         <path>C:\ti\ccsv7\tools\compiler\ti-cgt-msp430_16.9.6.LTS\lib\</path>
         <kind>archive</kind>
         <file>rts430_eabi.lib</file>
         <name>fs_neg.obj</name>
      </input_file>
      <input_file id="fl-62">
         <path>C:\ti\ccsv7\tools\compiler\ti-cgt-msp430_16.9.6.LTS\lib\</path>
         <kind>archive</kind>
         <file>rts430_eabi.lib</file>
         <name>k_rem_pio2.obj</name>
      </input_file>
      <input_file id="fl-63">
         <path>C:\ti\ccsv7\tools\compiler\ti-cgt-msp430_16.9.6.LTS\lib\</path>
         <kind>archive</kind>
         <file>rts430_eabi.lib</file>
         <name>mpyd.obj</name>
      </input_file>
      <input_file id="fl-64">
         <path>C:\ti\ccsv7\tools\compiler\ti-cgt-msp430_16.9.6.LTS\lib\</path>
         <kind>archive</kind>
         <file>rts430_eabi.lib</file>
         <name>negd.obj</name>
      </input_file>
      <input_file id="fl-65">
         <path>C:\ti\ccsv7\tools\compiler\ti-cgt-msp430_16.9.6.LTS\lib\</path>
         <kind>archive</kind>
         <file>rts430_eabi.lib</file>
         <name>s_floor.obj</name>
      </input_file>
      <input_file id="fl-66">
         <path>C:\ti\ccsv7\tools\compiler\ti-cgt-msp430_16.9.6.LTS\lib\</path>
         <kind>archive</kind>
         <file>rts430_eabi.lib</file>
         <name>s_scalbn.obj</name>
      </input_file>
      <input_file id="fl-67">
         <path>C:\ti\ccsv7\tools\compiler\ti-cgt-msp430_16.9.6.LTS\lib\</path>
         <kind>archive</kind>
         <file>rts430_eabi.lib</file>
         <name>startup.obj</name>
      </input_file>
      <input_file id="fl-68">
         <path>C:\ti\ccsv7\tools\compiler\ti-cgt-msp430_16.9.6.LTS\lib\</path>
         <kind>archive</kind>
         <file>rts430_eabi.lib</file>
         <name>cmpd.obj</name>
      </input_file>
      <input_file id="fl-69">
         <path>C:\ti\ccsv7\tools\compiler\ti-cgt-msp430_16.9.6.LTS\lib\</path>
         <kind>archive</kind>
         <file>rts430_eabi.lib</file>
         <name>errno.obj</name>
      </input_file>
      <input_file id="fl-6a">
         <path>C:\ti\ccsv7\tools\compiler\ti-cgt-msp430_16.9.6.LTS\lib\</path>
         <kind>archive</kind>
         <file>rts430_eabi.lib</file>
         <name>fltlid.obj</name>
      </input_file>
      <input_file id="fl-6b">
         <path>C:\ti\ccsv7\tools\compiler\ti-cgt-msp430_16.9.6.LTS\lib\</path>
         <kind>archive</kind>
         <file>rts430_eabi.lib</file>
         <name>frcmpyd.obj</name>
      </input_file>
      <input_file id="fl-6c">
         <path>C:\ti\ccsv7\tools\compiler\ti-cgt-msp430_16.9.6.LTS\lib\</path>
         <kind>archive</kind>
         <file>rts430_eabi.lib</file>
         <name>s_copysign.obj</name>
      </input_file>
   </input_file_list>
   <object_component_list>
      <object_component id="oc-1f7">
         <name>.bss</name>
         <uninitialized>true</uninitialized>
         <run_address>0x3b4</run_address>
         <size>0x1</size>
         <input_file_ref idref="fl-2"/>
      </object_component>
      <object_component id="oc-39e">
         <name>.bss:mrfiIncomingPacket</name>
         <uninitialized>true</uninitialized>
         <run_address>0x338</run_address>
         <size>0x2e</size>
         <input_file_ref idref="fl-4"/>
      </object_component>
      <object_component id="oc-5f0">
         <name>.bss:sInFrameQ</name>
         <uninitialized>true</uninitialized>
         <run_address>0x200</run_address>
         <size>0x60</size>
         <input_file_ref idref="fl-6"/>
      </object_component>
      <object_component id="oc-5f3">
         <name>.bss:sOutFrameQ</name>
         <uninitialized>true</uninitialized>
         <run_address>0x260</run_address>
         <size>0x60</size>
         <input_file_ref idref="fl-6"/>
      </object_component>
      <object_component id="oc-5e5">
         <name>.bss:sAPAddress</name>
         <uninitialized>true</uninitialized>
         <run_address>0x3aa</run_address>
         <size>0x4</size>
         <input_file_ref idref="fl-9"/>
      </object_component>
      <object_component id="oc-4f6">
         <name>.bss:sMyRAMAddress</name>
         <uninitialized>true</uninitialized>
         <run_address>0x3ae</run_address>
         <size>0x4</size>
         <input_file_ref idref="fl-9"/>
      </object_component>
      <object_component id="oc-604">
         <name>.bss:sServiceLinkID</name>
         <uninitialized>true</uninitialized>
         <run_address>0x3b2</run_address>
         <size>0x2</size>
         <input_file_ref idref="fl-d"/>
      </object_component>
      <object_component id="oc-19e">
         <name>.bss:UART_RX_BUFFER</name>
         <uninitialized>true</uninitialized>
         <run_address>0x386</run_address>
         <size>0x12</size>
         <input_file_ref idref="fl-11"/>
      </object_component>
      <object_component id="oc-197">
         <name>.bss:UART_TX_BUFFER</name>
         <uninitialized>true</uninitialized>
         <run_address>0x398</run_address>
         <size>0x12</size>
         <input_file_ref idref="fl-11"/>
      </object_component>
      <object_component id="oc-221">
         <name>.common:RadioMSG</name>
         <uninitialized>true</uninitialized>
         <run_address>0x366</run_address>
         <size>0x20</size>
      </object_component>
      <object_component id="oc-242">
         <name>.common:RX_ser_buf</name>
         <uninitialized>true</uninitialized>
         <run_address>0x2c0</run_address>
         <size>0x3c</size>
      </object_component>
      <object_component id="oc-249">
         <name>.common:TX_ser_buf</name>
         <uninitialized>true</uninitialized>
         <run_address>0x2fc</run_address>
         <size>0x3c</size>
      </object_component>
      <object_component id="oc-206">
         <name>.data:lAddr</name>
         <load_address>0x411</load_address>
         <run_address>0x411</run_address>
         <size>0x4</size>
         <input_file_ref idref="fl-2"/>
      </object_component>
      <object_component id="oc-1a2">
         <name>.data</name>
         <load_address>0x3dc</load_address>
         <run_address>0x3dc</run_address>
         <size>0x14</size>
         <input_file_ref idref="fl-2"/>
      </object_component>
      <object_component id="oc-428">
         <name>.data</name>
         <load_address>0x3f9</load_address>
         <run_address>0x3f9</run_address>
         <size>0x1</size>
         <input_file_ref idref="fl-3"/>
      </object_component>
      <object_component id="oc-38f">
         <name>.data</name>
         <load_address>0x3f0</load_address>
         <run_address>0x3f0</run_address>
         <size>0x9</size>
         <input_file_ref idref="fl-4"/>
      </object_component>
      <object_component id="oc-500">
         <name>.data:mrfiRxFilterAddr</name>
         <load_address>0x416</load_address>
         <run_address>0x416</run_address>
         <size>0x4</size>
         <input_file_ref idref="fl-4"/>
      </object_component>
      <object_component id="oc-4b1">
         <name>.data:sPersistInfo</name>
         <load_address>0x3b6</load_address>
         <run_address>0x3b6</run_address>
         <size>0x26</size>
         <input_file_ref idref="fl-5"/>
      </object_component>
      <object_component id="oc-306">
         <name>.data</name>
         <load_address>0x409</load_address>
         <run_address>0x409</run_address>
         <size>0x1</size>
         <input_file_ref idref="fl-7"/>
      </object_component>
      <object_component id="oc-5be">
         <name>.data</name>
         <load_address>0x3fa</load_address>
         <run_address>0x3fa</run_address>
         <size>0x8</size>
         <input_file_ref idref="fl-8"/>
      </object_component>
      <object_component id="oc-4f3">
         <name>.data</name>
         <load_address>0x415</load_address>
         <run_address>0x415</run_address>
         <size>0x1</size>
         <input_file_ref idref="fl-9"/>
      </object_component>
      <object_component id="oc-50c">
         <name>.data</name>
         <load_address>0x402</load_address>
         <run_address>0x402</run_address>
         <size>0x7</size>
         <input_file_ref idref="fl-c"/>
      </object_component>
      <object_component id="oc-601">
         <name>.data</name>
         <load_address>0x40a</load_address>
         <run_address>0x40a</run_address>
         <size>0x7</size>
         <input_file_ref idref="fl-d"/>
      </object_component>
      <object_component id="oc-5fd">
         <name>.data</name>
         <load_address>0x41a</load_address>
         <run_address>0x41a</run_address>
         <size>0x3</size>
         <input_file_ref idref="fl-e"/>
      </object_component>
      <object_component id="oc-5f8">
         <name>.data</name>
         <load_address>0x41d</load_address>
         <run_address>0x41d</run_address>
         <size>0x1</size>
         <input_file_ref idref="fl-f"/>
      </object_component>
      <object_component id="oc-58d">
         <name>.data</name>
         <load_address>0x41e</load_address>
         <run_address>0x41e</run_address>
         <size>0x2</size>
         <input_file_ref idref="fl-69"/>
      </object_component>
      <object_component id="oc-ed">
         <name>.stack</name>
         <uninitialized>true</uninitialized>
         <run_address>0x5b0</run_address>
         <size>0x2</size>
         <input_file_ref idref="fl-30"/>
      </object_component>
      <object_component id="oc-758">
         <name>.stack</name>
         <uninitialized>true</uninitialized>
         <run_address>0x5b0</run_address>
         <size>0x0</size>
      </object_component>
      <object_component id="oc-295">
         <name>.text:__kernel_rem_pio2</name>
         <load_address>0x8000</load_address>
         <run_address>0x8000</run_address>
         <size>0xd8e</size>
         <input_file_ref idref="fl-62"/>
      </object_component>
      <object_component id="oc-1c6">
         <name>.text:sinf</name>
         <load_address>0x8d8e</load_address>
         <run_address>0x8d8e</run_address>
         <size>0xd2c</size>
         <input_file_ref idref="fl-5a"/>
      </object_component>
      <object_component id="oc-1ab">
         <name>.text:__mspabi_addd</name>
         <load_address>0x9aba</load_address>
         <run_address>0x9aba</run_address>
         <size>0x2e8</size>
         <input_file_ref idref="fl-2d"/>
      </object_component>
      <object_component id="oc-40e">
         <name>.text:__TI_frcmpyd</name>
         <load_address>0x9da2</load_address>
         <run_address>0x9da2</run_address>
         <size>0x286</size>
         <input_file_ref idref="fl-6b"/>
      </object_component>
      <object_component id="oc-2a1">
         <name>.text:__mspabi_mpyd</name>
         <load_address>0xa028</load_address>
         <run_address>0xa028</run_address>
         <size>0x26e</size>
         <input_file_ref idref="fl-63"/>
      </object_component>
      <object_component id="oc-27e">
         <name>.text:__TI_frcaddd</name>
         <load_address>0xa296</load_address>
         <run_address>0xa296</run_address>
         <size>0x260</size>
         <input_file_ref idref="fl-3d"/>
      </object_component>
      <object_component id="oc-3fc">
         <name>.text:floor</name>
         <load_address>0xa4f6</load_address>
         <run_address>0xa4f6</run_address>
         <size>0x1d0</size>
         <input_file_ref idref="fl-65"/>
      </object_component>
      <object_component id="oc-33c">
         <name>.text:MRFI_Init</name>
         <load_address>0xa6c6</load_address>
         <run_address>0xa6c6</run_address>
         <size>0x1c6</size>
         <input_file_ref idref="fl-4"/>
      </object_component>
      <object_component id="oc-3f6">
         <name>.text:scalbn</name>
         <load_address>0xa88c</load_address>
         <run_address>0xa88c</run_address>
         <size>0x1a4</size>
         <input_file_ref idref="fl-66"/>
      </object_component>
      <object_component id="oc-6e5">
         <name>.text:smpl_send_link_reply</name>
         <load_address>0xaa30</load_address>
         <run_address>0xaa30</run_address>
         <size>0x198</size>
         <input_file_ref idref="fl-d"/>
      </object_component>
      <object_component id="oc-1c1">
         <name>.text</name>
         <load_address>0xabc8</load_address>
         <run_address>0xabc8</run_address>
         <size>0x132</size>
         <input_file_ref idref="fl-3e"/>
      </object_component>
      <object_component id="oc-535">
         <name>.text:nwk_QfindOldest</name>
         <load_address>0xacfa</load_address>
         <run_address>0xacfa</run_address>
         <size>0x12e</size>
         <input_file_ref idref="fl-6"/>
      </object_component>
      <object_component id="oc-22a">
         <name>.text:processMessage</name>
         <load_address>0xae28</load_address>
         <run_address>0xae28</run_address>
         <size>0x108</size>
         <input_file_ref idref="fl-2"/>
      </object_component>
      <object_component id="oc-5c2">
         <name>.text:MRFI_Transmit</name>
         <load_address>0xaf30</load_address>
         <run_address>0xaf30</run_address>
         <size>0x102</size>
         <input_file_ref idref="fl-4"/>
      </object_component>
      <object_component id="oc-360">
         <name>.text:nwk_join</name>
         <load_address>0xb032</load_address>
         <run_address>0xb032</run_address>
         <size>0xf2</size>
         <input_file_ref idref="fl-c"/>
      </object_component>
      <object_component id="oc-402">
         <name>.text:__mspabi_cmpd</name>
         <load_address>0xb124</load_address>
         <run_address>0xb124</run_address>
         <size>0xdc</size>
         <input_file_ref idref="fl-68"/>
      </object_component>
      <object_component id="oc-24f">
         <name>.text:Mrfi_SyncPinRxIsr</name>
         <load_address>0xb200</load_address>
         <run_address>0xb200</run_address>
         <size>0xda</size>
         <input_file_ref idref="fl-4"/>
      </object_component>
      <object_component id="oc-703">
         <name>.text:nwk_allocateLocalRxPort</name>
         <load_address>0xb2da</load_address>
         <run_address>0xb2da</run_address>
         <size>0xd8</size>
         <input_file_ref idref="fl-5"/>
      </object_component>
      <object_component id="oc-170">
         <name>.text:__sti___16_UART_HANDLER_cpp_3daaade3</name>
         <load_address>0xb3b2</load_address>
         <run_address>0xb3b2</run_address>
         <size>0xd2</size>
         <input_file_ref idref="fl-11"/>
      </object_component>
      <object_component id="oc-12f">
         <name>.text:TIMERA0_ISR</name>
         <load_address>0xb484</load_address>
         <run_address>0xb484</run_address>
         <size>0xce</size>
         <input_file_ref idref="fl-2"/>
      </object_component>
      <object_component id="oc-1bc">
         <name>.text</name>
         <load_address>0xb552</load_address>
         <run_address>0xb552</run_address>
         <size>0xc4</size>
         <input_file_ref idref="fl-42"/>
      </object_component>
      <object_component id="oc-3d3">
         <name>.text:__TI_renormd</name>
         <load_address>0xb616</load_address>
         <run_address>0xb616</run_address>
         <size>0xbe</size>
         <input_file_ref idref="fl-58"/>
      </object_component>
      <object_component id="oc-567">
         <name>.text:dispatchFrame</name>
         <load_address>0xb6d4</load_address>
         <run_address>0xb6d4</run_address>
         <size>0xb2</size>
         <input_file_ref idref="fl-8"/>
      </object_component>
      <object_component id="oc-37b">
         <name>.text:nwk_retrieveFrame</name>
         <load_address>0xb786</load_address>
         <run_address>0xb786</run_address>
         <size>0xb2</size>
         <input_file_ref idref="fl-8"/>
      </object_component>
      <object_component id="oc-209">
         <name>.text:SMPL_Ioctl</name>
         <load_address>0xb838</load_address>
         <run_address>0xb838</run_address>
         <size>0xb0</size>
         <input_file_ref idref="fl-7"/>
      </object_component>
      <object_component id="oc-3f0">
         <name>.text:__mspabi_fltlid</name>
         <load_address>0xb8e8</load_address>
         <run_address>0xb8e8</run_address>
         <size>0xac</size>
         <input_file_ref idref="fl-6a"/>
      </object_component>
      <object_component id="oc-46a">
         <name>.text:nwk_buildFrame</name>
         <load_address>0xb994</load_address>
         <run_address>0xb994</run_address>
         <size>0x9e</size>
         <input_file_ref idref="fl-8"/>
      </object_component>
      <object_component id="oc-387">
         <name>.text</name>
         <load_address>0xba32</load_address>
         <run_address>0xba32</run_address>
         <size>0x9c</size>
         <input_file_ref idref="fl-40"/>
      </object_component>
      <object_component id="oc-1b1">
         <name>.text:__mspabi_cvtdf</name>
         <load_address>0xbace</load_address>
         <run_address>0xbace</run_address>
         <size>0x8c</size>
         <input_file_ref idref="fl-35"/>
      </object_component>
      <object_component id="oc-342">
         <name>.text:nwk_nwkInit</name>
         <load_address>0xbb5a</load_address>
         <run_address>0xbb5a</run_address>
         <size>0x86</size>
         <input_file_ref idref="fl-5"/>
      </object_component>
      <object_component id="oc-54e">
         <name>.text:spiBurstFifoAccess</name>
         <load_address>0xbbe0</load_address>
         <run_address>0xbbe0</run_address>
         <size>0x86</size>
         <input_file_ref idref="fl-4"/>
      </object_component>
      <object_component id="oc-55b">
         <name>.text:nwk_QfindSlot</name>
         <load_address>0xbc66</load_address>
         <run_address>0xbc66</run_address>
         <size>0x82</size>
         <input_file_ref idref="fl-6"/>
      </object_component>
      <object_component id="oc-32">
         <name>.text:decompress:lzss:__TI_decompress_lzss</name>
         <load_address>0xbce8</load_address>
         <run_address>0xbce8</run_address>
         <size>0x7c</size>
         <input_file_ref idref="fl-32"/>
      </object_component>
      <object_component id="oc-15c">
         <name>.text:main</name>
         <load_address>0xbd64</load_address>
         <run_address>0xbd64</run_address>
         <size>0x7a</size>
         <input_file_ref idref="fl-2"/>
      </object_component>
      <object_component id="oc-327">
         <name>.text:nwk_radioControl</name>
         <load_address>0xbdde</load_address>
         <run_address>0xbdde</run_address>
         <size>0x78</size>
         <input_file_ref idref="fl-b"/>
      </object_component>
      <object_component id="oc-1a5">
         <name>.text:__mspabi_cvtfd</name>
         <load_address>0xbe56</load_address>
         <run_address>0xbe56</run_address>
         <size>0x72</size>
         <input_file_ref idref="fl-36"/>
      </object_component>
      <object_component id="oc-2ad">
         <name>.text:__mspabi_fixdli</name>
         <load_address>0xbec8</load_address>
         <run_address>0xbec8</run_address>
         <size>0x72</size>
         <input_file_ref idref="fl-60"/>
      </object_component>
      <object_component id="oc-142">
         <name>.text:_auto_init</name>
         <load_address>0xbf3a</load_address>
         <run_address>0xbf3a</run_address>
         <size>0x6e</size>
         <input_file_ref idref="fl-5e"/>
      </object_component>
      <object_component id="oc-642">
         <name>.text:nwk_isConnectionValid</name>
         <load_address>0xbfa8</load_address>
         <run_address>0xbfa8</run_address>
         <size>0x68</size>
         <input_file_ref idref="fl-5"/>
      </object_component>
      <object_component id="oc-1cc">
         <name>.text</name>
         <load_address>0xc010</load_address>
         <run_address>0xc010</run_address>
         <size>0x68</size>
         <input_file_ref idref="fl-43"/>
      </object_component>
      <object_component id="oc-577">
         <name>.text:l_lsr_const</name>
         <load_address>0xc078</load_address>
         <run_address>0xc078</run_address>
         <size>0x5c</size>
         <input_file_ref idref="fl-4f"/>
      </object_component>
      <object_component id="oc-1d5">
         <name>.text:copy_in</name>
         <load_address>0xc0d4</load_address>
         <run_address>0xc0d4</run_address>
         <size>0x5a</size>
         <input_file_ref idref="fl-5f"/>
      </object_component>
      <object_component id="oc-4ab">
         <name>.text</name>
         <load_address>0xc12e</load_address>
         <run_address>0xc12e</run_address>
         <size>0x58</size>
         <input_file_ref idref="fl-39"/>
      </object_component>
      <object_component id="oc-348">
         <name>.text:MRFI_WakeUp</name>
         <load_address>0xc186</load_address>
         <run_address>0xc186</run_address>
         <size>0x54</size>
         <input_file_ref idref="fl-4"/>
      </object_component>
      <object_component id="oc-32d">
         <name>.text:nwk_rawSend</name>
         <load_address>0xc1da</load_address>
         <run_address>0xc1da</run_address>
         <size>0x54</size>
         <input_file_ref idref="fl-b"/>
      </object_component>
      <object_component id="oc-6fd">
         <name>.text:nwk_getNextConnection</name>
         <load_address>0xc22e</load_address>
         <run_address>0xc22e</run_address>
         <size>0x50</size>
         <input_file_ref idref="fl-5"/>
      </object_component>
      <object_component id="oc-224">
         <name>.text:SMPL_Receive</name>
         <load_address>0xc27e</load_address>
         <run_address>0xc27e</run_address>
         <size>0x4c</size>
         <input_file_ref idref="fl-7"/>
      </object_component>
      <object_component id="oc-f6">
         <name>.text</name>
         <load_address>0xc2ca</load_address>
         <run_address>0xc2ca</run_address>
         <size>0x4c</size>
         <input_file_ref idref="fl-4e"/>
      </object_component>
      <object_component id="oc-3b9">
         <name>.text:mrfiSpiCmdStrobe</name>
         <load_address>0xc316</load_address>
         <run_address>0xc316</run_address>
         <size>0x4a</size>
         <input_file_ref idref="fl-4"/>
      </object_component>
      <object_component id="oc-1b7">
         <name>.text</name>
         <load_address>0xc360</load_address>
         <run_address>0xc360</run_address>
         <size>0x4a</size>
         <input_file_ref idref="fl-3f"/>
      </object_component>
      <object_component id="oc-3a7">
         <name>.text:MRFI_RxAddrIsFiltered</name>
         <load_address>0xc3aa</load_address>
         <run_address>0xc3aa</run_address>
         <size>0x46</size>
         <input_file_ref idref="fl-4"/>
      </object_component>
      <object_component id="oc-6f7">
         <name>.text:nwk_isLinkDuplicate</name>
         <load_address>0xc3f0</load_address>
         <run_address>0xc3f0</run_address>
         <size>0x46</size>
         <input_file_ref idref="fl-5"/>
      </object_component>
      <object_component id="oc-6de">
         <name>.text:smpl_send_ping_reply</name>
         <load_address>0xc436</load_address>
         <run_address>0xc436</run_address>
         <size>0x46</size>
         <input_file_ref idref="fl-f"/>
      </object_component>
      <object_component id="oc-45d">
         <name>.text:MRFI_Rssi</name>
         <load_address>0xc47c</load_address>
         <run_address>0xc47c</run_address>
         <size>0x44</size>
         <input_file_ref idref="fl-4"/>
      </object_component>
      <object_component id="oc-547">
         <name>.text:spiRegAccess</name>
         <load_address>0xc4c0</load_address>
         <run_address>0xc4c0</run_address>
         <size>0x44</size>
         <input_file_ref idref="fl-4"/>
      </object_component>
      <object_component id="oc-515">
         <name>.text:MRFI_ReplyDelay</name>
         <load_address>0xc504</load_address>
         <run_address>0xc504</run_address>
         <size>0x40</size>
         <input_file_ref idref="fl-4"/>
      </object_component>
      <object_component id="oc-712">
         <name>.text:initializeConnection</name>
         <load_address>0xc544</load_address>
         <run_address>0xc544</run_address>
         <size>0x3e</size>
         <input_file_ref idref="fl-5"/>
      </object_component>
      <object_component id="oc-272">
         <name>.text:l_asr_const</name>
         <load_address>0xc582</load_address>
         <run_address>0xc582</run_address>
         <size>0x3e</size>
         <input_file_ref idref="fl-2f"/>
      </object_component>
      <object_component id="oc-28b">
         <name>.text:l_lsl_const</name>
         <load_address>0xc5c0</load_address>
         <run_address>0xc5c0</run_address>
         <size>0x3e</size>
         <input_file_ref idref="fl-4d"/>
      </object_component>
      <object_component id="oc-50f">
         <name>.text:nwk_putNumObjectIntoMsg</name>
         <load_address>0xc5fe</load_address>
         <run_address>0xc5fe</run_address>
         <size>0x3c</size>
         <input_file_ref idref="fl-5"/>
      </object_component>
      <object_component id="oc-123">
         <name>.text:_Z13USCIAB0TX_ISRv</name>
         <load_address>0xc63a</load_address>
         <run_address>0xc63a</run_address>
         <size>0x3a</size>
         <input_file_ref idref="fl-11"/>
      </object_component>
      <object_component id="oc-6c2">
         <name>.text:nwk_isValidReply</name>
         <load_address>0xc674</load_address>
         <run_address>0xc674</run_address>
         <size>0x3a</size>
         <input_file_ref idref="fl-5"/>
      </object_component>
      <object_component id="oc-6a5">
         <name>.text:nwk_processMgmt</name>
         <load_address>0xc6ae</load_address>
         <run_address>0xc6ae</run_address>
         <size>0x3a</size>
         <input_file_ref idref="fl-e"/>
      </object_component>
      <object_component id="oc-382">
         <name>.text</name>
         <load_address>0xc6e8</load_address>
         <run_address>0xc6e8</run_address>
         <size>0x36</size>
         <input_file_ref idref="fl-41"/>
      </object_component>
      <object_component id="oc-49f">
         <name>.text:MRFI_SetRFPwr</name>
         <load_address>0xc71e</load_address>
         <run_address>0xc71e</run_address>
         <size>0x34</size>
         <input_file_ref idref="fl-4"/>
      </object_component>
      <object_component id="oc-354">
         <name>.text:MRFI_SetRxAddrFilter</name>
         <load_address>0xc752</load_address>
         <run_address>0xc752</run_address>
         <size>0x34</size>
         <input_file_ref idref="fl-4"/>
      </object_component>
      <object_component id="oc-215">
         <name>.text:SMPL_Init</name>
         <load_address>0xc786</load_address>
         <run_address>0xc786</run_address>
         <size>0x34</size>
         <input_file_ref idref="fl-7"/>
      </object_component>
      <object_component id="oc-484">
         <name>.text:mrfiSpiInit</name>
         <load_address>0xc7ba</load_address>
         <run_address>0xc7ba</run_address>
         <size>0x34</size>
         <input_file_ref idref="fl-4"/>
      </object_component>
      <object_component id="oc-53b">
         <name>.text:nwk_QadjustOrder</name>
         <load_address>0xc7ee</load_address>
         <run_address>0xc7ee</run_address>
         <size>0x34</size>
         <input_file_ref idref="fl-6"/>
      </object_component>
      <object_component id="oc-321">
         <name>.text:nwk_deviceAddress</name>
         <load_address>0xc822</load_address>
         <run_address>0xc822</run_address>
         <size>0x34</size>
         <input_file_ref idref="fl-b"/>
      </object_component>
      <object_component id="oc-499">
         <name>.text:MRFI_SetLogicalChannel</name>
         <load_address>0xc856</load_address>
         <run_address>0xc856</run_address>
         <size>0x32</size>
         <input_file_ref idref="fl-4"/>
      </object_component>
      <object_component id="oc-622">
         <name>.text:Mrfi_DelayUsecSem</name>
         <load_address>0xc888</load_address>
         <run_address>0xc888</run_address>
         <size>0x32</size>
         <input_file_ref idref="fl-4"/>
      </object_component>
      <object_component id="oc-36f">
         <name>.text:nwk_getConnInfo</name>
         <load_address>0xc8ba</load_address>
         <run_address>0xc8ba</run_address>
         <size>0x32</size>
         <input_file_ref idref="fl-5"/>
      </object_component>
      <object_component id="oc-4de">
         <name>.text:nwk_linkInit</name>
         <load_address>0xc8ec</load_address>
         <run_address>0xc8ec</run_address>
         <size>0x32</size>
         <input_file_ref idref="fl-d"/>
      </object_component>
      <object_component id="oc-52d">
         <name>.text:map_lid2idx</name>
         <load_address>0xc91e</load_address>
         <run_address>0xc91e</run_address>
         <size>0x30</size>
         <input_file_ref idref="fl-5"/>
      </object_component>
      <object_component id="oc-333">
         <name>.text:nwk_rawReceive</name>
         <load_address>0xc94e</load_address>
         <run_address>0xc94e</run_address>
         <size>0x30</size>
         <input_file_ref idref="fl-b"/>
      </object_component>
      <object_component id="oc-470">
         <name>.text:nwk_sendFrame</name>
         <load_address>0xc97e</load_address>
         <run_address>0xc97e</run_address>
         <size>0x30</size>
         <input_file_ref idref="fl-8"/>
      </object_component>
      <object_component id="oc-3ad">
         <name>.text:Mrfi_CalculateRssi</name>
         <load_address>0xc9ae</load_address>
         <run_address>0xc9ae</run_address>
         <size>0x2e</size>
         <input_file_ref idref="fl-4"/>
      </object_component>
      <object_component id="oc-129">
         <name>.text:_Z13USCIAB0RX_ISRv</name>
         <load_address>0xc9dc</load_address>
         <run_address>0xc9dc</run_address>
         <size>0x2e</size>
         <input_file_ref idref="fl-11"/>
      </object_component>
      <object_component id="oc-2a7">
         <name>.text:__mspabi_subd</name>
         <load_address>0xca0a</load_address>
         <run_address>0xca0a</run_address>
         <size>0x2e</size>
         <input_file_ref idref="fl-5b"/>
      </object_component>
      <object_component id="oc-590">
         <name>.text:copysign</name>
         <load_address>0xca38</load_address>
         <run_address>0xca38</run_address>
         <size>0x2e</size>
         <input_file_ref idref="fl-6c"/>
      </object_component>
      <object_component id="oc-48a">
         <name>.text:Mrfi_DelayUsec</name>
         <load_address>0xca66</load_address>
         <run_address>0xca66</run_address>
         <size>0x2c</size>
         <input_file_ref idref="fl-4"/>
      </object_component>
      <object_component id="oc-4a5">
         <name>.text:Mrfi_RxModeOff</name>
         <load_address>0xca92</load_address>
         <run_address>0xca92</run_address>
         <size>0x2c</size>
         <input_file_ref idref="fl-4"/>
      </object_component>
      <object_component id="oc-26d">
         <name>.text</name>
         <load_address>0xcabe</load_address>
         <run_address>0xcabe</run_address>
         <size>0x2c</size>
         <input_file_ref idref="fl-2e"/>
      </object_component>
      <object_component id="oc-3e3">
         <name>.text</name>
         <load_address>0xcaea</load_address>
         <run_address>0xcaea</run_address>
         <size>0x2c</size>
         <input_file_ref idref="fl-37"/>
      </object_component>
      <object_component id="oc-f1">
         <name>.text</name>
         <load_address>0xcb16</load_address>
         <run_address>0xcb16</run_address>
         <size>0x2c</size>
         <input_file_ref idref="fl-4c"/>
      </object_component>
      <object_component id="oc-29b">
         <name>.text:__mspabi_negd</name>
         <load_address>0xcb42</load_address>
         <run_address>0xcb42</run_address>
         <size>0x2a</size>
         <input_file_ref idref="fl-64"/>
      </object_component>
      <object_component id="oc-375">
         <name>.text:nwk_checkConnInfo</name>
         <load_address>0xcb6c</load_address>
         <run_address>0xcb6c</run_address>
         <size>0x2a</size>
         <input_file_ref idref="fl-5"/>
      </object_component>
      <object_component id="oc-200">
         <name>.text:InitTimer</name>
         <load_address>0xcb96</load_address>
         <run_address>0xcb96</run_address>
         <size>0x28</size>
         <input_file_ref idref="fl-2"/>
      </object_component>
      <object_component id="oc-687">
         <name>.text:nwk_processPing</name>
         <load_address>0xcbbe</load_address>
         <run_address>0xcbbe</run_address>
         <size>0x28</size>
         <input_file_ref idref="fl-f"/>
      </object_component>
      <object_component id="oc-463">
         <name>.text:MRFI_Sleep</name>
         <load_address>0xcbe6</load_address>
         <run_address>0xcbe6</run_address>
         <size>0x26</size>
         <input_file_ref idref="fl-4"/>
      </object_component>
      <object_component id="oc-661">
         <name>.text:Mrfi_RandomBackoffDelay</name>
         <load_address>0xcc0c</load_address>
         <run_address>0xcc0c</run_address>
         <size>0x26</size>
         <input_file_ref idref="fl-4"/>
      </object_component>
      <object_component id="oc-31b">
         <name>.text:nwk_connectionControl</name>
         <load_address>0xcc32</load_address>
         <run_address>0xcc32</run_address>
         <size>0x26</size>
         <input_file_ref idref="fl-b"/>
      </object_component>
      <object_component id="oc-4b4">
         <name>.text:nwk_globalsInit</name>
         <load_address>0xcc58</load_address>
         <run_address>0xcc58</run_address>
         <size>0x26</size>
         <input_file_ref idref="fl-9"/>
      </object_component>
      <object_component id="oc-4d2">
         <name>.text:nwk_joinInit</name>
         <load_address>0xcc7e</load_address>
         <run_address>0xcc7e</run_address>
         <size>0x26</size>
         <input_file_ref idref="fl-c"/>
      </object_component>
      <object_component id="oc-68d">
         <name>.text:nwk_processLink</name>
         <load_address>0xcca4</load_address>
         <run_address>0xcca4</run_address>
         <size>0x26</size>
         <input_file_ref idref="fl-d"/>
      </object_component>
      <object_component id="oc-3e8">
         <name>.text</name>
         <load_address>0xccca</load_address>
         <run_address>0xccca</run_address>
         <size>0x26</size>
         <input_file_ref idref="fl-57"/>
      </object_component>
      <object_component id="oc-35a">
         <name>.text:MRFI_EnableRxAddrFilter</name>
         <load_address>0xccf0</load_address>
         <run_address>0xccf0</run_address>
         <size>0x22</size>
         <input_file_ref idref="fl-4"/>
      </object_component>
      <object_component id="oc-457">
         <name>.text:MRFI_RxOn</name>
         <load_address>0xcd12</load_address>
         <run_address>0xcd12</run_address>
         <size>0x22</size>
         <input_file_ref idref="fl-4"/>
      </object_component>
      <object_component id="oc-62e">
         <name>.text:memcmp</name>
         <load_address>0xcd34</load_address>
         <run_address>0xcd34</run_address>
         <size>0x22</size>
         <input_file_ref idref="fl-51"/>
      </object_component>
      <object_component id="oc-1fa">
         <name>.text:BSP_Init</name>
         <load_address>0xcd56</load_address>
         <run_address>0xcd56</run_address>
         <size>0x20</size>
         <input_file_ref idref="fl-3"/>
      </object_component>
      <object_component id="oc-2f1">
         <name>.text:BSP_InitBoard</name>
         <load_address>0xcd76</load_address>
         <run_address>0xcd76</run_address>
         <size>0x20</size>
         <input_file_ref idref="fl-3"/>
      </object_component>
      <object_component id="oc-3b3">
         <name>.text:MRFI_RxCompleteISR</name>
         <load_address>0xcd96</load_address>
         <run_address>0xcd96</run_address>
         <size>0x20</size>
         <input_file_ref idref="fl-8"/>
      </object_component>
      <object_component id="oc-451">
         <name>.text:MRFI_RxIdle</name>
         <load_address>0xcdb6</load_address>
         <run_address>0xcdb6</run_address>
         <size>0x20</size>
         <input_file_ref idref="fl-4"/>
      </object_component>
      <object_component id="oc-6cf">
         <name>.text:handleLinkRequest</name>
         <load_address>0xcdd6</load_address>
         <run_address>0xcdd6</run_address>
         <size>0x20</size>
         <input_file_ref idref="fl-d"/>
      </object_component>
      <object_component id="oc-61b">
         <name>.text:memmove</name>
         <load_address>0xcdf6</load_address>
         <run_address>0xcdf6</run_address>
         <size>0x20</size>
         <input_file_ref idref="fl-53"/>
      </object_component>
      <object_component id="oc-4ba">
         <name>.text:nwk_frameInit</name>
         <load_address>0xce16</load_address>
         <run_address>0xce16</run_address>
         <size>0x20</size>
         <input_file_ref idref="fl-8"/>
      </object_component>
      <object_component id="oc-693">
         <name>.text:nwk_processJoin</name>
         <load_address>0xce36</load_address>
         <run_address>0xce36</run_address>
         <size>0x20</size>
         <input_file_ref idref="fl-c"/>
      </object_component>
      <object_component id="oc-5ca">
         <name>.text:BSP_Delay</name>
         <load_address>0xce56</load_address>
         <run_address>0xce56</run_address>
         <size>0x1e</size>
         <input_file_ref idref="fl-3"/>
      </object_component>
      <object_component id="oc-392">
         <name>.text:mrfiSpiReadReg</name>
         <load_address>0xce74</load_address>
         <run_address>0xce74</run_address>
         <size>0x1e</size>
         <input_file_ref idref="fl-4"/>
      </object_component>
      <object_component id="oc-4c0">
         <name>.text:nwk_QInit</name>
         <load_address>0xce92</load_address>
         <run_address>0xce92</run_address>
         <size>0x1e</size>
         <input_file_ref idref="fl-6"/>
      </object_component>
      <object_component id="oc-190">
         <name>.text:MRFI_GpioIsr</name>
         <load_address>0xceb0</load_address>
         <run_address>0xceb0</run_address>
         <size>0x1c</size>
         <input_file_ref idref="fl-4"/>
      </object_component>
      <object_component id="oc-44a">
         <name>.text:nwk_setMyAddress</name>
         <load_address>0xcecc</load_address>
         <run_address>0xcecc</run_address>
         <size>0x1c</size>
         <input_file_ref idref="fl-9"/>
      </object_component>
      <object_component id="oc-11d">
         <name>.text:BSP_GpioPort1Isr</name>
         <load_address>0xcee8</load_address>
         <run_address>0xcee8</run_address>
         <size>0x1a</size>
         <input_file_ref idref="fl-4"/>
      </object_component>
      <object_component id="oc-67">
         <name>.text:_c_int00_noargs_noexit</name>
         <load_address>0xcf02</load_address>
         <run_address>0xcf02</run_address>
         <size>0x1a</size>
         <input_file_ref idref="fl-31"/>
      </object_component>
      <object_component id="oc-490">
         <name>.text:mrfiSpiWriteReg</name>
         <load_address>0xcf1c</load_address>
         <run_address>0xcf1c</run_address>
         <size>0x1a</size>
         <input_file_ref idref="fl-4"/>
      </object_component>
      <object_component id="oc-5e9">
         <name>.text:MRFI_RandomByte</name>
         <load_address>0xcf36</load_address>
         <run_address>0xcf36</run_address>
         <size>0x16</size>
         <input_file_ref idref="fl-4"/>
      </object_component>
      <object_component id="oc-5b5">
         <name>.text:Mrfi_RxModeOn</name>
         <load_address>0xcf4c</load_address>
         <run_address>0xcf4c</run_address>
         <size>0x16</size>
         <input_file_ref idref="fl-4"/>
      </object_component>
      <object_component id="oc-582">
         <name>.text</name>
         <load_address>0xcf62</load_address>
         <run_address>0xcf62</run_address>
         <size>0x16</size>
         <input_file_ref idref="fl-38"/>
      </object_component>
      <object_component id="oc-49">
         <name>.text:decompress:ZI:__TI_zero_init</name>
         <load_address>0xcf78</load_address>
         <run_address>0xcf78</run_address>
         <size>0x14</size>
         <input_file_ref idref="fl-34"/>
      </object_component>
      <object_component id="oc-309">
         <name>.text:ioctlPreInitAccessIsOK</name>
         <load_address>0xcf8c</load_address>
         <run_address>0xcf8c</run_address>
         <size>0x14</size>
         <input_file_ref idref="fl-7"/>
      </object_component>
      <object_component id="oc-3a1">
         <name>.text:memset</name>
         <load_address>0xcfa0</load_address>
         <run_address>0xcfa0</run_address>
         <size>0x14</size>
         <input_file_ref idref="fl-54"/>
      </object_component>
      <object_component id="oc-2c0">
         <name>.text</name>
         <load_address>0xcfb4</load_address>
         <run_address>0xcfb4</run_address>
         <size>0x14</size>
         <input_file_ref idref="fl-56"/>
      </object_component>
      <object_component id="oc-21b">
         <name>.text:toggleLED</name>
         <load_address>0xcfc8</load_address>
         <run_address>0xcfc8</run_address>
         <size>0x14</size>
         <input_file_ref idref="fl-2"/>
      </object_component>
      <object_component id="oc-42c">
         <name>.text:BSP_InitLeds</name>
         <load_address>0xcfdc</load_address>
         <run_address>0xcfdc</run_address>
         <size>0x12</size>
         <input_file_ref idref="fl-3"/>
      </object_component>
      <object_component id="oc-38">
         <name>.text:decompress:none:__TI_decompress_none</name>
         <load_address>0xcfee</load_address>
         <run_address>0xcfee</run_address>
         <size>0x12</size>
         <input_file_ref idref="fl-33"/>
      </object_component>
      <object_component id="oc-3c9">
         <name>.text:l_lsr</name>
         <load_address>0xd000</load_address>
         <run_address>0xd000</run_address>
         <size>0x12</size>
         <input_file_ref idref="fl-4f"/>
      </object_component>
      <object_component id="oc-10b">
         <name>.text:memcpy</name>
         <load_address>0xd012</load_address>
         <run_address>0xd012</run_address>
         <size>0x12</size>
         <input_file_ref idref="fl-52"/>
      </object_component>
      <object_component id="oc-34e">
         <name>.text:nwk_getMyAddress</name>
         <load_address>0xd024</load_address>
         <run_address>0xd024</run_address>
         <size>0x12</size>
         <input_file_ref idref="fl-9"/>
      </object_component>
      <object_component id="oc-51b">
         <name>.text:nwk_setLinkToken</name>
         <load_address>0xd036</load_address>
         <run_address>0xd036</run_address>
         <size>0x12</size>
         <input_file_ref idref="fl-d"/>
      </object_component>
      <object_component id="oc-3ce">
         <name>.text:l_asr</name>
         <load_address>0xd048</load_address>
         <run_address>0xd048</run_address>
         <size>0x10</size>
         <input_file_ref idref="fl-2f"/>
      </object_component>
      <object_component id="oc-3c4">
         <name>.text:l_lsl</name>
         <load_address>0xd058</load_address>
         <run_address>0xd058</run_address>
         <size>0x10</size>
         <input_file_ref idref="fl-4d"/>
      </object_component>
      <object_component id="oc-fb">
         <name>.text</name>
         <load_address>0xd068</load_address>
         <run_address>0xd068</run_address>
         <size>0x10</size>
         <input_file_ref idref="fl-3a"/>
      </object_component>
      <object_component id="oc-20f">
         <name>.text:sCB</name>
         <load_address>0xd078</load_address>
         <run_address>0xd078</run_address>
         <size>0x10</size>
         <input_file_ref idref="fl-2"/>
      </object_component>
      <object_component id="oc-561">
         <name>.text:MRFI_Receive</name>
         <load_address>0xd088</load_address>
         <run_address>0xd088</run_address>
         <size>0xe</size>
         <input_file_ref idref="fl-4"/>
      </object_component>
      <object_component id="oc-65b">
         <name>.text:mrfiSpiWriteTxFifo</name>
         <load_address>0xd096</load_address>
         <run_address>0xd096</run_address>
         <size>0xe</size>
         <input_file_ref idref="fl-4"/>
      </object_component>
      <object_component id="oc-6f1">
         <name>.text:nwk_getNumObjectFromMsg</name>
         <load_address>0xd0a4</load_address>
         <run_address>0xd0a4</run_address>
         <size>0xe</size>
         <input_file_ref idref="fl-5"/>
      </object_component>
      <object_component id="oc-521">
         <name>.text:nwk_setAPAddress</name>
         <load_address>0xd0b2</load_address>
         <run_address>0xd0b2</run_address>
         <size>0xe</size>
         <input_file_ref idref="fl-9"/>
      </object_component>
      <object_component id="oc-6ad">
         <name>.text:MRFI_PostKillSem</name>
         <load_address>0xd0c0</load_address>
         <run_address>0xd0c0</run_address>
         <size>0xc</size>
         <input_file_ref idref="fl-4"/>
      </object_component>
      <object_component id="oc-6c8">
         <name>.text:handlePingRequest</name>
         <load_address>0xd0cc</load_address>
         <run_address>0xd0cc</run_address>
         <size>0xc</size>
         <input_file_ref idref="fl-f"/>
      </object_component>
      <object_component id="oc-398">
         <name>.text:mrfiSpiReadRxFifo</name>
         <load_address>0xd0d8</load_address>
         <run_address>0xd0d8</run_address>
         <size>0xc</size>
         <input_file_ref idref="fl-4"/>
      </object_component>
      <object_component id="oc-432">
         <name>.text:BSP_InitButtons</name>
         <load_address>0xd0e4</load_address>
         <run_address>0xd0e4</run_address>
         <size>0xa</size>
         <input_file_ref idref="fl-3"/>
      </object_component>
      <object_component id="oc-2f7">
         <name>.text:BSP_InitDrivers</name>
         <load_address>0xd0ee</load_address>
         <run_address>0xd0ee</run_address>
         <size>0xa</size>
         <input_file_ref idref="fl-3"/>
      </object_component>
      <object_component id="oc-23c">
         <name>.text:_Z11Disable_Intv</name>
         <load_address>0xd0f8</load_address>
         <run_address>0xd0f8</run_address>
         <size>0xa</size>
         <input_file_ref idref="fl-12"/>
      </object_component>
      <object_component id="oc-13c">
         <name>.text:_system_pre_init</name>
         <load_address>0xd102</load_address>
         <run_address>0xd102</run_address>
         <size>0xa</size>
         <input_file_ref idref="fl-3"/>
      </object_component>
      <object_component id="oc-4d8">
         <name>.text:nwk_mgmtInit</name>
         <load_address>0xd10c</load_address>
         <run_address>0xd10c</run_address>
         <size>0xa</size>
         <input_file_ref idref="fl-e"/>
      </object_component>
      <object_component id="oc-4cc">
         <name>.text:nwk_pingInit</name>
         <load_address>0xd116</load_address>
         <run_address>0xd116</run_address>
         <size>0xa</size>
         <input_file_ref idref="fl-f"/>
      </object_component>
      <object_component id="oc-2b3">
         <name>.text</name>
         <load_address>0xd120</load_address>
         <run_address>0xd120</run_address>
         <size>0xa</size>
         <input_file_ref idref="fl-61"/>
      </object_component>
      <object_component id="oc-118">
         <name>.text:_isr:__TI_ISR_TRAP</name>
         <load_address>0xd12a</load_address>
         <run_address>0xd12a</run_address>
         <size>0x8</size>
         <input_file_ref idref="fl-4b"/>
      </object_component>
      <object_component id="oc-506">
         <name>.text:MRFI_GetRadioState</name>
         <load_address>0xd132</load_address>
         <run_address>0xd132</run_address>
         <size>0x6</size>
         <input_file_ref idref="fl-4"/>
      </object_component>
      <object_component id="oc-243">
         <name>.text:_Z11Restore_Intt</name>
         <load_address>0xd138</load_address>
         <run_address>0xd138</run_address>
         <size>0x6</size>
         <input_file_ref idref="fl-12"/>
      </object_component>
      <object_component id="oc-164">
         <name>.text:abort</name>
         <load_address>0xd13e</load_address>
         <run_address>0xd13e</run_address>
         <size>0x6</size>
         <input_file_ref idref="fl-3b"/>
      </object_component>
      <object_component id="oc-442">
         <name>.text:nwk_freeConnection</name>
         <load_address>0xd144</load_address>
         <run_address>0xd144</run_address>
         <size>0x6</size>
         <input_file_ref idref="fl-5"/>
      </object_component>
      <object_component id="oc-4ea">
         <name>.text:nwk_getBCastAddress</name>
         <load_address>0xd14a</load_address>
         <run_address>0xd14a</run_address>
         <size>0x6</size>
         <input_file_ref idref="fl-9"/>
      </object_component>
      <object_component id="oc-315">
         <name>.text:nwk_getFWVersion</name>
         <load_address>0xd150</load_address>
         <run_address>0xd150</run_address>
         <size>0x6</size>
         <input_file_ref idref="fl-9"/>
      </object_component>
      <object_component id="oc-709">
         <name>.text:nwk_getMyRxType</name>
         <load_address>0xd156</load_address>
         <run_address>0xd156</run_address>
         <size>0x6</size>
         <input_file_ref idref="fl-8"/>
      </object_component>
      <object_component id="oc-30f">
         <name>.text:nwk_getProtocolVersion</name>
         <load_address>0xd15c</load_address>
         <run_address>0xd15c</run_address>
         <size>0x6</size>
         <input_file_ref idref="fl-9"/>
      </object_component>
      <object_component id="oc-69f">
         <name>.text:nwk_processFreq</name>
         <load_address>0xd162</load_address>
         <run_address>0xd162</run_address>
         <size>0x4</size>
         <input_file_ref idref="fl-a"/>
      </object_component>
      <object_component id="oc-699">
         <name>.text:nwk_processSecurity</name>
         <load_address>0xd166</load_address>
         <run_address>0xd166</run_address>
         <size>0x4</size>
         <input_file_ref idref="fl-10"/>
      </object_component>
      <object_component id="oc-1db">
         <name>.text:_system_post_cinit</name>
         <load_address>0xd16a</load_address>
         <run_address>0xd16a</run_address>
         <size>0x2</size>
         <input_file_ref idref="fl-67"/>
      </object_component>
      <object_component id="oc-4c6">
         <name>.text:nwk_freqInit</name>
         <load_address>0xd16c</load_address>
         <run_address>0xd16c</run_address>
         <size>0x2</size>
         <input_file_ref idref="fl-a"/>
      </object_component>
      <object_component id="oc-4e4">
         <name>.text:nwk_securityInit</name>
         <load_address>0xd16e</load_address>
         <run_address>0xd16e</run_address>
         <size>0x2</size>
         <input_file_ref idref="fl-10"/>
      </object_component>
      <object_component id="oc-756">
         <name>.cinit..data.load</name>
         <load_address>0xd320</load_address>
         <run_address>0xd320</run_address>
         <size>0x12</size>
      </object_component>
      <object_component id="oc-753">
         <name>__TI_handler_table</name>
         <load_address>0xd332</load_address>
         <run_address>0xd332</run_address>
         <size>0x6</size>
      </object_component>
      <object_component id="oc-755">
         <name>.cinit..bss.load</name>
         <load_address>0xd338</load_address>
         <run_address>0xd338</run_address>
         <size>0x4</size>
      </object_component>
      <object_component id="oc-754">
         <name>__TI_cinit_table</name>
         <load_address>0xd33c</load_address>
         <run_address>0xd33c</run_address>
         <size>0x8</size>
      </object_component>
      <object_component id="oc-3ed">
         <name>.const:ipio2</name>
         <load_address>0xd170</load_address>
         <run_address>0xd170</run_address>
         <size>0x108</size>
         <input_file_ref idref="fl-62"/>
      </object_component>
      <object_component id="oc-408">
         <name>.const:PIo2</name>
         <load_address>0xd278</load_address>
         <run_address>0xd278</run_address>
         <size>0x40</size>
         <input_file_ref idref="fl-62"/>
      </object_component>
      <object_component id="oc-496">
         <name>.const:mrfiRadioCfg</name>
         <load_address>0xd2b8</load_address>
         <run_address>0xd2b8</run_address>
         <size>0x3c</size>
         <input_file_ref idref="fl-4"/>
      </object_component>
      <object_component id="oc-63f">
         <name>.const:func</name>
         <load_address>0xd2f4</load_address>
         <run_address>0xd2f4</run_address>
         <size>0xc</size>
         <input_file_ref idref="fl-8"/>
      </object_component>
      <object_component id="oc-3e0">
         <name>.const:init_jk</name>
         <load_address>0xd300</load_address>
         <run_address>0xd300</run_address>
         <size>0x8</size>
         <input_file_ref idref="fl-62"/>
      </object_component>
      <object_component id="oc-43c">
         <name>.const:sVersionInfo</name>
         <load_address>0xd308</load_address>
         <run_address>0xd308</run_address>
         <size>0x5</size>
         <input_file_ref idref="fl-9"/>
      </object_component>
      <object_component id="oc-4fd">
         <name>.const:.string:mrfiBroadcastAddr</name>
         <load_address>0xd30e</load_address>
         <run_address>0xd30e</run_address>
         <size>0x4</size>
         <input_file_ref idref="fl-4"/>
      </object_component>
      <object_component id="oc-5d4">
         <name>.const:.string:mrfiLogicalChanTable</name>
         <load_address>0xd312</load_address>
         <run_address>0xd312</run_address>
         <size>0x4</size>
         <input_file_ref idref="fl-4"/>
      </object_component>
      <object_component id="oc-4f9">
         <name>.const:sMyROMAddress</name>
         <load_address>0xd316</load_address>
         <run_address>0xd316</run_address>
         <size>0x4</size>
         <input_file_ref idref="fl-9"/>
      </object_component>
      <object_component id="oc-5d8">
         <name>.const:.string:mrfiRFPowerTable</name>
         <load_address>0xd31a</load_address>
         <run_address>0xd31a</run_address>
         <size>0x3</size>
         <input_file_ref idref="fl-4"/>
      </object_component>
      <object_component id="oc-71d">
         <name>.binit</name>
         <load_address>0x8000</load_address>
         <run_address>0x8000</run_address>
         <size>0x0</size>
      </object_component>
      <object_component id="oc-ec">
         <name>.init_array</name>
         <load_address>0xd31e</load_address>
         <run_address>0xd31e</run_address>
         <size>0x2</size>
         <input_file_ref idref="fl-11"/>
      </object_component>
      <object_component id="oc-757">
         <name>__TI_INITARRAY_Limit</name>
         <load_address>0xd320</load_address>
         <run_address>0xd320</run_address>
         <size>0x0</size>
      </object_component>
      <object_component id="oc-3e">
         <name>.int02</name>
         <load_address>0xffe4</load_address>
         <run_address>0xffe4</run_address>
         <size>0x2</size>
         <input_file_ref idref="fl-44"/>
      </object_component>
      <object_component id="oc-3f">
         <name>.int03</name>
         <load_address>0xffe6</load_address>
         <run_address>0xffe6</run_address>
         <size>0x2</size>
         <input_file_ref idref="fl-4"/>
      </object_component>
      <object_component id="oc-40">
         <name>.int05</name>
         <load_address>0xffea</load_address>
         <run_address>0xffea</run_address>
         <size>0x2</size>
         <input_file_ref idref="fl-45"/>
      </object_component>
      <object_component id="oc-41">
         <name>.int06</name>
         <load_address>0xffec</load_address>
         <run_address>0xffec</run_address>
         <size>0x2</size>
         <input_file_ref idref="fl-11"/>
      </object_component>
      <object_component id="oc-42">
         <name>.int07</name>
         <load_address>0xffee</load_address>
         <run_address>0xffee</run_address>
         <size>0x2</size>
         <input_file_ref idref="fl-11"/>
      </object_component>
      <object_component id="oc-43">
         <name>.int08</name>
         <load_address>0xfff0</load_address>
         <run_address>0xfff0</run_address>
         <size>0x2</size>
         <input_file_ref idref="fl-46"/>
      </object_component>
      <object_component id="oc-44">
         <name>.int09</name>
         <load_address>0xfff2</load_address>
         <run_address>0xfff2</run_address>
         <size>0x2</size>
         <input_file_ref idref="fl-2"/>
      </object_component>
      <object_component id="oc-45">
         <name>.int10</name>
         <load_address>0xfff4</load_address>
         <run_address>0xfff4</run_address>
         <size>0x2</size>
         <input_file_ref idref="fl-47"/>
      </object_component>
      <object_component id="oc-46">
         <name>.int12</name>
         <load_address>0xfff8</load_address>
         <run_address>0xfff8</run_address>
         <size>0x2</size>
         <input_file_ref idref="fl-48"/>
      </object_component>
      <object_component id="oc-47">
         <name>.int13</name>
         <load_address>0xfffa</load_address>
         <run_address>0xfffa</run_address>
         <size>0x2</size>
         <input_file_ref idref="fl-49"/>
      </object_component>
      <object_component id="oc-48">
         <name>.int14</name>
         <load_address>0xfffc</load_address>
         <run_address>0xfffc</run_address>
         <size>0x2</size>
         <input_file_ref idref="fl-4a"/>
      </object_component>
      <object_component id="oc-f0">
         <name>.reset</name>
         <load_address>0xfffe</load_address>
         <run_address>0xfffe</run_address>
         <size>0x2</size>
         <input_file_ref idref="fl-30"/>
      </object_component>
      <object_component id="oc-222">
         <name>.debug_info</name>
         <load_address>0x0</load_address>
         <run_address>0x0</run_address>
         <size>0x4a0</size>
         <input_file_ref idref="fl-2"/>
      </object_component>
      <object_component id="oc-1f8">
         <name>.debug_info</name>
         <load_address>0x4a0</load_address>
         <run_address>0x4a0</run_address>
         <size>0x127</size>
         <input_file_ref idref="fl-2"/>
      </object_component>
      <object_component id="oc-207">
         <name>.debug_info</name>
         <load_address>0x5c7</load_address>
         <run_address>0x5c7</run_address>
         <size>0x116</size>
         <input_file_ref idref="fl-2"/>
      </object_component>
      <object_component id="oc-1a3">
         <name>.debug_info</name>
         <load_address>0x6dd</load_address>
         <run_address>0x6dd</run_address>
         <size>0x19a</size>
         <input_file_ref idref="fl-2"/>
      </object_component>
      <object_component id="oc-201">
         <name>.debug_info</name>
         <load_address>0x877</load_address>
         <run_address>0x877</run_address>
         <size>0x1a0</size>
         <input_file_ref idref="fl-2"/>
      </object_component>
      <object_component id="oc-130">
         <name>.debug_info</name>
         <load_address>0xa17</load_address>
         <run_address>0xa17</run_address>
         <size>0x27b</size>
         <input_file_ref idref="fl-2"/>
      </object_component>
      <object_component id="oc-15d">
         <name>.debug_info</name>
         <load_address>0xc92</load_address>
         <run_address>0xc92</run_address>
         <size>0x252</size>
         <input_file_ref idref="fl-2"/>
      </object_component>
      <object_component id="oc-21c">
         <name>.debug_info</name>
         <load_address>0xee4</load_address>
         <run_address>0xee4</run_address>
         <size>0x1c6</size>
         <input_file_ref idref="fl-2"/>
      </object_component>
      <object_component id="oc-210">
         <name>.debug_info</name>
         <load_address>0x10aa</load_address>
         <run_address>0x10aa</run_address>
         <size>0x1b5</size>
         <input_file_ref idref="fl-2"/>
      </object_component>
      <object_component id="oc-22b">
         <name>.debug_info</name>
         <load_address>0x125f</load_address>
         <run_address>0x125f</run_address>
         <size>0x385</size>
         <input_file_ref idref="fl-2"/>
      </object_component>
      <object_component id="oc-301">
         <name>.debug_info</name>
         <load_address>0x15e4</load_address>
         <run_address>0x15e4</run_address>
         <size>0x692</size>
         <input_file_ref idref="fl-2"/>
      </object_component>
      <object_component id="oc-36a">
         <name>.debug_info</name>
         <load_address>0x1c76</load_address>
         <run_address>0x1c76</run_address>
         <size>0x5e</size>
[...]
         <value>0xc12e</value>
         <object_component_ref idref="oc-4ab"/>
      </symbol>
      <symbol id="sm-7b2">
         <name>__mspabi_func_epilog_2</name>
         <value>0xd072</value>
         <object_component_ref idref="oc-fb"/>
      </symbol>
      <symbol id="sm-7b3">
         <name>__mspabi_func_epilog_3</name>
         <value>0xd070</value>
         <object_component_ref idref="oc-fb"/>
      </symbol>
      <symbol id="sm-7b4">
         <name>__mspabi_func_epilog_1</name>
         <value>0xd074</value>
         <object_component_ref idref="oc-fb"/>
      </symbol>
      <symbol id="sm-7b5">
         <name>__mspabi_func_epilog_6</name>
         <value>0xd06a</value>
         <object_component_ref idref="oc-fb"/>
      </symbol>
      <symbol id="sm-7b6">
         <name>__mspabi_func_epilog_7</name>
         <value>0xd068</value>
         <object_component_ref idref="oc-fb"/>
      </symbol>
      <symbol id="sm-7b7">
         <name>__mspabi_func_epilog_4</name>
         <value>0xd06e</value>
         <object_component_ref idref="oc-fb"/>
      </symbol>
      <symbol id="sm-7b8">
         <name>__mspabi_func_epilog_5</name>
         <value>0xd06c</value>
         <object_component_ref idref="oc-fb"/>
      </symbol>
      <symbol id="sm-7c2">
         <name>C$$EXIT</name>
         <value>0xd13e</value>
         <object_component_ref idref="oc-164"/>
      </symbol>
      <symbol id="sm-7c3">
         <name>abort</name>
         <value>0xd13e</value>
         <object_component_ref idref="oc-164"/>
      </symbol>
      <symbol id="sm-7e5">
         <name>__TI_frcaddd</name>
         <value>0xa296</value>
         <object_component_ref idref="oc-27e"/>
      </symbol>
      <symbol id="sm-800">
         <name>__mspabi_subf</name>
         <value>0xabc8</value>
         <object_component_ref idref="oc-1c1"/>
      </symbol>
      <symbol id="sm-801">
         <name>__mspabi_addf</name>
         <value>0xabce</value>
         <object_component_ref idref="oc-1c1"/>
      </symbol>
      <symbol id="sm-811">
         <name>__mspabi_cmpf</name>
         <value>0xc360</value>
         <object_component_ref idref="oc-1b7"/>
      </symbol>
      <symbol id="sm-823">
         <name>__mspabi_divf</name>
         <value>0xba32</value>
         <object_component_ref idref="oc-387"/>
      </symbol>
      <symbol id="sm-830">
         <name>__mspabi_fltif</name>
         <value>0xc6e8</value>
         <object_component_ref idref="oc-382"/>
      </symbol>
      <symbol id="sm-847">
         <name>__mspabi_mpyf</name>
         <value>0xb552</value>
         <object_component_ref idref="oc-1bc"/>
      </symbol>
      <symbol id="sm-859">
         <name>__mspabi_fixfi</name>
         <value>0xc010</value>
         <object_component_ref idref="oc-1cc"/>
      </symbol>
      <symbol id="sm-85c">
         <name>__TI_int02</name>
         <value>0xffe4</value>
         <object_component_ref idref="oc-3e"/>
      </symbol>
      <symbol id="sm-85f">
         <name>__TI_int05</name>
         <value>0xffea</value>
         <object_component_ref idref="oc-40"/>
      </symbol>
      <symbol id="sm-862">
         <name>__TI_int08</name>
         <value>0xfff0</value>
         <object_component_ref idref="oc-43"/>
      </symbol>
      <symbol id="sm-865">
         <name>__TI_int10</name>
         <value>0xfff4</value>
         <object_component_ref idref="oc-45"/>
      </symbol>
      <symbol id="sm-868">
         <name>__TI_int12</name>
         <value>0xfff8</value>
         <object_component_ref idref="oc-46"/>
      </symbol>
      <symbol id="sm-86b">
         <name>__TI_int13</name>
         <value>0xfffa</value>
         <object_component_ref idref="oc-47"/>
      </symbol>
      <symbol id="sm-86e">
         <name>__TI_int14</name>
         <value>0xfffc</value>
         <object_component_ref idref="oc-48"/>
      </symbol>
      <symbol id="sm-876">
         <name>__TI_ISR_TRAP</name>
         <value>0xd12a</value>
         <object_component_ref idref="oc-118"/>
      </symbol>
      <symbol id="sm-87e">
         <name>__mspabi_slli</name>
         <value>0xcb16</value>
         <object_component_ref idref="oc-f1"/>
      </symbol>
      <symbol id="sm-87f">
         <name>__mspabi_slli_9</name>
         <value>0xcb2e</value>
         <object_component_ref idref="oc-f1"/>
      </symbol>
      <symbol id="sm-880">
         <name>__mspabi_slli_8</name>
         <value>0xcb30</value>
         <object_component_ref idref="oc-f1"/>
      </symbol>
      <symbol id="sm-881">
         <name>__mspabi_slli_7</name>
         <value>0xcb32</value>
         <object_component_ref idref="oc-f1"/>
      </symbol>
      <symbol id="sm-882">
         <name>__mspabi_slli_6</name>
         <value>0xcb34</value>
         <object_component_ref idref="oc-f1"/>
      </symbol>
      <symbol id="sm-883">
         <name>__mspabi_slli_5</name>
         <value>0xcb36</value>
         <object_component_ref idref="oc-f1"/>
      </symbol>
      <symbol id="sm-884">
         <name>__mspabi_slli_4</name>
         <value>0xcb38</value>
         <object_component_ref idref="oc-f1"/>
      </symbol>
      <symbol id="sm-885">
         <name>__mspabi_slli_3</name>
         <value>0xcb3a</value>
         <object_component_ref idref="oc-f1"/>
      </symbol>
      <symbol id="sm-886">
         <name>__mspabi_slli_2</name>
         <value>0xcb3c</value>
         <object_component_ref idref="oc-f1"/>
      </symbol>
      <symbol id="sm-887">
         <name>__mspabi_slli_1</name>
         <value>0xcb3e</value>
         <object_component_ref idref="oc-f1"/>
      </symbol>
      <symbol id="sm-888">
         <name>__mspabi_slli_15</name>
         <value>0xcb22</value>
         <object_component_ref idref="oc-f1"/>
      </symbol>
      <symbol id="sm-889">
         <name>__mspabi_slli_14</name>
         <value>0xcb24</value>
         <object_component_ref idref="oc-f1"/>
      </symbol>
      <symbol id="sm-88a">
         <name>__mspabi_slli_13</name>
         <value>0xcb26</value>
         <object_component_ref idref="oc-f1"/>
      </symbol>
      <symbol id="sm-88b">
         <name>__mspabi_slli_12</name>
         <value>0xcb28</value>
         <object_component_ref idref="oc-f1"/>
      </symbol>
      <symbol id="sm-88c">
         <name>__mspabi_slli_11</name>
         <value>0xcb2a</value>
         <object_component_ref idref="oc-f1"/>
      </symbol>
      <symbol id="sm-88d">
         <name>__mspabi_slli_10</name>
         <value>0xcb2c</value>
         <object_component_ref idref="oc-f1"/>
      </symbol>
      <symbol id="sm-89d">
         <name>__mspabi_slll_9</name>
         <value>0xc5d8</value>
         <object_component_ref idref="oc-28b"/>
      </symbol>
      <symbol id="sm-89e">
         <name>__mspabi_slll_8</name>
         <value>0xc5dc</value>
         <object_component_ref idref="oc-28b"/>
      </symbol>
      <symbol id="sm-89f">
         <name>__mspabi_slll_7</name>
         <value>0xc5e0</value>
         <object_component_ref idref="oc-28b"/>
      </symbol>
      <symbol id="sm-8a0">
         <name>__mspabi_slll_6</name>
         <value>0xc5e4</value>
         <object_component_ref idref="oc-28b"/>
      </symbol>
      <symbol id="sm-8a1">
         <name>__mspabi_slll_5</name>
         <value>0xc5e8</value>
         <object_component_ref idref="oc-28b"/>
      </symbol>
      <symbol id="sm-8a2">
         <name>__mspabi_slll_4</name>
         <value>0xc5ec</value>
         <object_component_ref idref="oc-28b"/>
      </symbol>
      <symbol id="sm-8a3">
         <name>__mspabi_slll_3</name>
         <value>0xc5f0</value>
         <object_component_ref idref="oc-28b"/>
      </symbol>
      <symbol id="sm-8a4">
         <name>__mspabi_slll_2</name>
         <value>0xc5f4</value>
         <object_component_ref idref="oc-28b"/>
      </symbol>
      <symbol id="sm-8a5">
         <name>__mspabi_slll_1</name>
         <value>0xc5f8</value>
         <object_component_ref idref="oc-28b"/>
      </symbol>
      <symbol id="sm-8a6">
         <name>__mspabi_slll</name>
         <value>0xd058</value>
         <object_component_ref idref="oc-3c4"/>
      </symbol>
      <symbol id="sm-8a7">
         <name>__mspabi_slll_15</name>
         <value>0xc5c0</value>
         <object_component_ref idref="oc-28b"/>
      </symbol>
      <symbol id="sm-8a8">
         <name>__mspabi_slll_14</name>
         <value>0xc5c4</value>
         <object_component_ref idref="oc-28b"/>
      </symbol>
      <symbol id="sm-8a9">
         <name>__mspabi_slll_13</name>
         <value>0xc5c8</value>
         <object_component_ref idref="oc-28b"/>
      </symbol>
      <symbol id="sm-8aa">
         <name>__mspabi_slll_12</name>
         <value>0xc5cc</value>
         <object_component_ref idref="oc-28b"/>
      </symbol>
      <symbol id="sm-8ab">
         <name>__mspabi_slll_11</name>
         <value>0xc5d0</value>
         <object_component_ref idref="oc-28b"/>
      </symbol>
      <symbol id="sm-8ac">
         <name>__mspabi_slll_10</name>
         <value>0xc5d4</value>
         <object_component_ref idref="oc-28b"/>
      </symbol>
      <symbol id="sm-8b4">
         <name>__mspabi_srli_8</name>
         <value>0xc2f4</value>
         <object_component_ref idref="oc-f6"/>
      </symbol>
      <symbol id="sm-8b5">
         <name>__mspabi_srli_9</name>
         <value>0xc2f0</value>
         <object_component_ref idref="oc-f6"/>
      </symbol>
      <symbol id="sm-8b6">
         <name>__mspabi_srli_6</name>
         <value>0xc2fc</value>
         <object_component_ref idref="oc-f6"/>
      </symbol>
      <symbol id="sm-8b7">
         <name>__mspabi_srli_7</name>
         <value>0xc2f8</value>
         <object_component_ref idref="oc-f6"/>
      </symbol>
      <symbol id="sm-8b8">
         <name>__mspabi_srli_4</name>
         <value>0xc304</value>
         <object_component_ref idref="oc-f6"/>
      </symbol>
      <symbol id="sm-8b9">
         <name>__mspabi_srli_5</name>
         <value>0xc300</value>
         <object_component_ref idref="oc-f6"/>
      </symbol>
      <symbol id="sm-8ba">
         <name>__mspabi_srli_2</name>
         <value>0xc30c</value>
         <object_component_ref idref="oc-f6"/>
      </symbol>
      <symbol id="sm-8bb">
         <name>__mspabi_srli_3</name>
         <value>0xc308</value>
         <object_component_ref idref="oc-f6"/>
      </symbol>
      <symbol id="sm-8bc">
         <name>__mspabi_srli_1</name>
         <value>0xc310</value>
         <object_component_ref idref="oc-f6"/>
      </symbol>
      <symbol id="sm-8bd">
         <name>__mspabi_srli</name>
         <value>0xc2ca</value>
         <object_component_ref idref="oc-f6"/>
      </symbol>
      <symbol id="sm-8be">
         <name>__mspabi_srli_15</name>
         <value>0xc2d8</value>
         <object_component_ref idref="oc-f6"/>
      </symbol>
      <symbol id="sm-8bf">
         <name>__mspabi_srli_14</name>
         <value>0xc2dc</value>
         <object_component_ref idref="oc-f6"/>
      </symbol>
      <symbol id="sm-8c0">
         <name>__mspabi_srli_13</name>
         <value>0xc2e0</value>
         <object_component_ref idref="oc-f6"/>
      </symbol>
      <symbol id="sm-8c1">
         <name>__mspabi_srli_12</name>
         <value>0xc2e4</value>
         <object_component_ref idref="oc-f6"/>
      </symbol>
      <symbol id="sm-8c2">
         <name>__mspabi_srli_11</name>
         <value>0xc2e8</value>
         <object_component_ref idref="oc-f6"/>
      </symbol>
      <symbol id="sm-8c3">
         <name>__mspabi_srli_10</name>
         <value>0xc2ec</value>
         <object_component_ref idref="oc-f6"/>
      </symbol>
      <symbol id="sm-8d3">
         <name>__mspabi_srll_8</name>
         <value>0xc0a2</value>
         <object_component_ref idref="oc-577"/>
      </symbol>
      <symbol id="sm-8d4">
         <name>__mspabi_srll_9</name>
         <value>0xc09c</value>
         <object_component_ref idref="oc-577"/>
      </symbol>
      <symbol id="sm-8d5">
         <name>__mspabi_srll_6</name>
         <value>0xc0ae</value>
         <object_component_ref idref="oc-577"/>
      </symbol>
      <symbol id="sm-8d6">
         <name>__mspabi_srll_7</name>
         <value>0xc0a8</value>
         <object_component_ref idref="oc-577"/>
      </symbol>
      <symbol id="sm-8d7">
         <name>__mspabi_srll_4</name>
         <value>0xc0ba</value>
         <object_component_ref idref="oc-577"/>
      </symbol>
      <symbol id="sm-8d8">
         <name>__mspabi_srll_5</name>
         <value>0xc0b4</value>
         <object_component_ref idref="oc-577"/>
      </symbol>
      <symbol id="sm-8d9">
         <name>__mspabi_srll_2</name>
         <value>0xc0c6</value>
         <object_component_ref idref="oc-577"/>
      </symbol>
      <symbol id="sm-8da">
         <name>__mspabi_srll_3</name>
         <value>0xc0c0</value>
         <object_component_ref idref="oc-577"/>
      </symbol>
      <symbol id="sm-8db">
         <name>__mspabi_srll_1</name>
         <value>0xc0cc</value>
         <object_component_ref idref="oc-577"/>
      </symbol>
      <symbol id="sm-8dc">
         <name>__mspabi_srll_15</name>
         <value>0xc078</value>
         <object_component_ref idref="oc-577"/>
      </symbol>
      <symbol id="sm-8dd">
         <name>__mspabi_srll_14</name>
         <value>0xc07e</value>
         <object_component_ref idref="oc-577"/>
      </symbol>
      <symbol id="sm-8de">
         <name>__mspabi_srll_13</name>
         <value>0xc084</value>
         <object_component_ref idref="oc-577"/>
      </symbol>
      <symbol id="sm-8df">
         <name>__mspabi_srll_12</name>
         <value>0xc08a</value>
         <object_component_ref idref="oc-577"/>
      </symbol>
      <symbol id="sm-8e0">
         <name>__mspabi_srll_11</name>
         <value>0xc090</value>
         <object_component_ref idref="oc-577"/>
      </symbol>
      <symbol id="sm-8e1">
         <name>__mspabi_srll_10</name>
         <value>0xc096</value>
         <object_component_ref idref="oc-577"/>
      </symbol>
      <symbol id="sm-8e2">
         <name>__mspabi_srll</name>
         <value>0xd000</value>
         <object_component_ref idref="oc-3c9"/>
      </symbol>
      <symbol id="sm-8f2">
         <name>memcmp</name>
         <value>0xcd34</value>
         <object_component_ref idref="oc-62e"/>
      </symbol>
      <symbol id="sm-900">
         <name>memcpy</name>
         <value>0xd012</value>
         <object_component_ref idref="oc-10b"/>
      </symbol>
      <symbol id="sm-90f">
         <name>memmove</name>
         <value>0xcdf6</value>
         <object_component_ref idref="oc-61b"/>
      </symbol>
      <symbol id="sm-91d">
         <name>memset</name>
         <value>0xcfa0</value>
         <object_component_ref idref="oc-3a1"/>
      </symbol>
      <symbol id="sm-928">
         <name>__mspabi_mpyi_sw</name>
         <value>0xcfb4</value>
         <object_component_ref idref="oc-2c0"/>
      </symbol>
      <symbol id="sm-929">
         <name>__mspabi_mpyi</name>
         <value>0xcfb4</value>
         <object_component_ref idref="oc-2c0"/>
      </symbol>
      <symbol id="sm-933">
         <name>__mspabi_mpyl_sw</name>
         <value>0xccca</value>
         <object_component_ref idref="oc-3e8"/>
      </symbol>
      <symbol id="sm-934">
         <name>__mspabi_mpyl</name>
         <value>0xccca</value>
         <object_component_ref idref="oc-3e8"/>
      </symbol>
      <symbol id="sm-947">
         <name>__TI_renormd</name>
         <value>0xb616</value>
         <object_component_ref idref="oc-3d3"/>
      </symbol>
      <symbol id="sm-9e5">
         <name>sinf</name>
         <value>0x8d8e</value>
         <object_component_ref idref="oc-1c6"/>
      </symbol>
      <symbol id="sm-9ee">
         <name>__mspabi_subd</name>
         <value>0xca0a</value>
         <object_component_ref idref="oc-2a7"/>
      </symbol>
      <symbol id="sm-a0c">
         <name>_auto_init</name>
         <value>0xbf3a</value>
         <object_component_ref idref="oc-142"/>
      </symbol>
      <symbol id="sm-a22">
         <name>copy_in</name>
         <value>0xc0d4</value>
         <object_component_ref idref="oc-1d5"/>
      </symbol>
      <symbol id="sm-a31">
         <name>__mspabi_fixdli</name>
         <value>0xbec8</value>
         <object_component_ref idref="oc-2ad"/>
      </symbol>
      <symbol id="sm-a3a">
         <name>__mspabi_negf</name>
         <value>0xd120</value>
         <object_component_ref idref="oc-2b3"/>
      </symbol>
      <symbol id="sm-abc">
         <name>__kernel_rem_pio2</name>
         <value>0x8000</value>
         <object_component_ref idref="oc-295"/>
      </symbol>
      <symbol id="sm-ade">
         <name>__mspabi_mpyd</name>
         <value>0xa028</value>
         <object_component_ref idref="oc-2a1"/>
      </symbol>
      <symbol id="sm-ae7">
         <name>__mspabi_negd</name>
         <value>0xcb42</value>
         <object_component_ref idref="oc-29b"/>
      </symbol>
      <symbol id="sm-b0c">
         <name>floorl</name>
         <value>0xa4f6</value>
         <object_component_ref idref="oc-3fc"/>
      </symbol>
      <symbol id="sm-b0d">
         <name>floor</name>
         <value>0xa4f6</value>
         <object_component_ref idref="oc-3fc"/>
      </symbol>
      <symbol id="sm-b25">
         <name>scalbn</name>
         <value>0xa88c</value>
         <object_component_ref idref="oc-3f6"/>
      </symbol>
      <symbol id="sm-b26">
         <name>scalbnl</name>
         <value>0xa88c</value>
         <object_component_ref idref="oc-3f6"/>
      </symbol>
      <symbol id="sm-b27">
         <name>ldexpl</name>
         <value>0xa88c</value>
         <object_component_ref idref="oc-3f6"/>
      </symbol>
      <symbol id="sm-b28">
         <name>ldexp</name>
         <value>0xa88c</value>
         <object_component_ref idref="oc-3f6"/>
      </symbol>
      <symbol id="sm-b31">
         <name>_system_post_cinit</name>
         <value>0xd16a</value>
         <object_component_ref idref="oc-1db"/>
      </symbol>
      <symbol id="sm-b4b">
         <name>__mspabi_cmpd</name>
         <value>0xb124</value>
         <object_component_ref idref="oc-402"/>
      </symbol>
      <symbol id="sm-b52">
         <name>errno</name>
         <value>0x41e</value>
         <object_component_ref idref="oc-58d"/>
      </symbol>
      <symbol id="sm-b69">
         <name>__mspabi_fltlid</name>
         <value>0xb8e8</value>
         <object_component_ref idref="oc-3f0"/>
      </symbol>
      <symbol id="sm-b79">
         <name>__TI_frcmpyd</name>
         <value>0x9da2</value>
         <object_component_ref idref="oc-40e"/>
      </symbol>
      <symbol id="sm-b82">
         <name>copysign</name>
         <value>0xca38</value>
         <object_component_ref idref="oc-590"/>
      </symbol>
      <symbol id="sm-b83">
         <name>copysignl</name>
         <value>0xca38</value>
         <object_component_ref idref="oc-590"/>
      </symbol>
      <symbol id="sm-b86">
         <name>__TI_BINIT_Base</name>
         <value>0x0</value>
      </symbol>
      <symbol id="sm-b87">
         <name>__TI_BINIT_Limit</name>
         <value>0x0</value>
      </symbol>
   </symbol_table>
   <title>Link successful</title>
</link_info>
