******************************************************************************
                  MSP430 Linker PC v16.9.6                     
******************************************************************************
>> Linked Mon Jul 09 10:55:56 2018

OUTPUT FILE NAME:   <auxbots.out>
ENTRY POINT SYMBOL: "_c_int00_noargs_noexit"  address: 0000ac2c


MEMORY CONFIGURATION

         name            origin    length      used     unused   attr    fill
----------------------  --------  ---------  --------  --------  ----  --------
  SFR                   00000000   00000010  00000000  00000010  RWIX
  PERIPHERALS_8BIT      00000010   000000f0  00000000  000000f0  RWIX
  PERIPHERALS_16BIT     00000100   00000100  00000000  00000100  RWIX
  RAM                   00000200   00000400  00000385  0000007b  RWIX
  INFOD                 00001000   00000040  00000000  00000040  RWIX
  INFOC                 00001040   00000040  00000000  00000040  RWIX
  INFOB                 00001080   00000040  00000000  00000040  RWIX
  INFOA                 000010c0   00000040  00000000  00000040  RWIX
  FLASH                 00008000   00007fde  00002fc1  0000501d  RWIX
  BSLSIGNATURE          0000ffde   00000002  00000002  00000000  RWIX  ffff 
  INT00                 0000ffe0   00000002  00000000  00000002  RWIX
  INT01                 0000ffe2   00000002  00000000  00000002  RWIX
  INT02                 0000ffe4   00000002  00000002  00000000  RWIX
  INT03                 0000ffe6   00000002  00000002  00000000  RWIX
  INT04                 0000ffe8   00000002  00000000  00000002  RWIX
  INT05                 0000ffea   00000002  00000002  00000000  RWIX
  INT06                 0000ffec   00000002  00000002  00000000  RWIX
  INT07                 0000ffee   00000002  00000002  00000000  RWIX
  INT08                 0000fff0   00000002  00000002  00000000  RWIX
  INT09                 0000fff2   00000002  00000002  00000000  RWIX
  INT10                 0000fff4   00000002  00000002  00000000  RWIX
  INT11                 0000fff6   00000002  00000000  00000002  RWIX
  INT12                 0000fff8   00000002  00000002  00000000  RWIX
  INT13                 0000fffa   00000002  00000002  00000000  RWIX
  INT14                 0000fffc   00000002  00000002  00000000  RWIX
  RESET                 0000fffe   00000002  00000002  00000000  RWIX


SECTION ALLOCATION MAP

 output                                  attributes/
section   page    origin      length       input sections
--------  ----  ----------  ----------   ----------------
.bss       0    00000200    00000284     UNINITIALIZED
                  00000200    00000120     nwk_QMgmt.obj (.bss:sInFrameQ)
                  00000320    00000060     nwk_QMgmt.obj (.bss:sOutFrameQ)
                  00000380    0000003c     (.common:RX_ser_buf)
                  000003bc    0000003c     (.common:TX_ser_buf)
                  000003f8    0000002e     mrfi.obj (.bss:mrfiIncomingPacket)
                  00000426    00000020     (.common:TX_msg)
                  00000446    00000012     UART_HANDLER.obj (.bss:UART_RX_BUFFER)
                  00000458    00000012     UART_HANDLER.obj (.bss:UART_TX_BUFFER)
                  0000046a    00000008     nwk_link.obj (.bss:sServiceLinkID)
                  00000472    00000006     (.common:TX_Time_msg)
                  00000478    00000004     main_AP_Async_TalkandListen_.obj (.bss)
                  0000047c    00000004     nwk_globals.obj (.bss:sAPAddress)
                  00000480    00000004     nwk_globals.obj (.bss:sMyRAMAddress)

.data      0    00000484    000000b1     UNINITIALIZED
                  00000484    00000078     nwk.obj (.data:sPersistInfo)
                  000004fc    0000000b     nwk_join.obj (.data)
                  00000507    00000001     bsp.obj (.data)
                  00000508    00000009     mrfi.obj (.data)
                  00000511    00000001     nwk_api.obj (.data)
                  00000512    00000008     nwk_frame.obj (.data)
                  0000051a    00000007     nwk_link.obj (.data)
                  00000521    00000001     nwk_globals.obj (.data)
                  00000522    00000006     main_AP_Async_TalkandListen_.obj (.data)
                  00000528    00000004     main_AP_Async_TalkandListen_.obj (.data:lAddr)
                  0000052c    00000004     mrfi.obj (.data:mrfiRxFilterAddr)
                  00000530    00000003     nwk_mgmt.obj (.data:sSFMarker)
                  00000533    00000001     nwk_mgmt.obj (.data)
                  00000534    00000001     nwk_ping.obj (.data)

.stack     0    000005b0    00000050     UNINITIALIZED
                  000005b0    00000002     rts430_eabi.lib : boot.obj (.stack)
                  000005b2    0000004e     --HOLE--

.text      0    00008000    00002f3c     
                  00008000    000002e8     rts430_eabi.lib : addd.obj (.text:__mspabi_addd)
                  000082e8    00000260                     : frcaddd.obj (.text:__TI_frcaddd)
                  00008548    000001c6     mrfi.obj (.text:MRFI_Init)
                  0000870e    000001a4     nwk_link.obj (.text:smpl_send_link_reply)
                  000088b2    0000016c     nwk_QMgmt.obj (.text:nwk_QfindOldest)
                  00008a1e    0000014e     nwk_frame.obj (.text:dispatchFrame)
                  00008b6c    0000013a     main_AP_Async_TalkandListen_.obj (.text:main)
                  00008ca6    00000132     rts430_eabi.lib : fs_add.obj (.text)
                  00008dd8    0000010e     nwk_join.obj (.text:smpl_send_join_reply)
                  00008ee6    00000102     mrfi.obj (.text:MRFI_Transmit)
                  00008fe8    000000da     mrfi.obj (.text:Mrfi_SyncPinRxIsr)
                  000090c2    000000d8     nwk.obj (.text:nwk_allocateLocalRxPort)
                  0000919a    000000d2     UART_HANDLER.obj (.text:__sti___16_UART_HANDLER_cpp_3daaade3)
                  0000926c    000000be     rts430_eabi.lib : renormd.obj (.text:__TI_renormd)
                  0000932a    000000bc     nwk_api.obj (.text:SMPL_Ioctl)
                  000093e6    000000b2     nwk_frame.obj (.text:nwk_retrieveFrame)
                  00009498    000000ac     nwk_frame.obj (.text:nwk_SendEmptyPollRspFrame)
                  00009544    000000a0     nwk_frame.obj (.text:isDupSandFFrame)
                  000095e4    0000009e     nwk_frame.obj (.text:nwk_buildFrame)
                  00009682    0000009c     nwk_api.obj (.text:SMPL_SendOpt)
                  0000971e    00000092     nwk_mgmt.obj (.text:send_poll_reply)
                  000097b0    0000008c     rts430_eabi.lib : cvtdf.obj (.text:__mspabi_cvtdf)
                  0000983c    00000086     nwk_QMgmt.obj (.text:nwk_QfindSlot)
                  000098c2    00000086     nwk.obj (.text:nwk_nwkInit)
                  00009948    00000086     mrfi.obj (.text:spiBurstFifoAccess)
                  000099ce    0000007c     rts430_eabi.lib : copy_decompress_lzss.obj (.text:decompress:lzss:__TI_decompress_lzss)
                  00009a4a    0000007c     nwk_frame.obj (.text:nwk_getSandFFrame)
                  00009ac6    0000007c     nwk_ioctl.obj (.text:nwk_radioControl)
                  00009b42    00000072     rts430_eabi.lib : cvtfd.obj (.text:__mspabi_cvtfd)
                  00009bb4    0000006e                     : autoinit.obj (.text:_auto_init)
                  00009c22    0000006a     nwk.obj (.text:nwk_saveJoinedDevice)
                  00009c8c    00000068     nwk.obj (.text:nwk_isConnectionValid)
                  00009cf4    00000066     UART_HANDLER.obj (.text:_Z9Init_UARTv)
                  00009d5a    0000005c     rts430_eabi.lib : lsr32.obj (.text:l_lsr_const)
                  00009db6    0000005a                     : cpy_tbl.obj (.text:copy_in)
                  00009e10    00000058                     : div32u.obj (.text)
                  00009e68    00000056     main_AP_Async_TalkandListen_.obj (.text:_Z11TIMERA0_ISRv)
                  00009ebe    00000054     mrfi.obj (.text:MRFI_WakeUp)
                  00009f12    00000054     nwk_ioctl.obj (.text:nwk_rawSend)
                  00009f66    00000050     nwk.obj (.text:nwk_getNextConnection)
                  00009fb6    0000004c     rts430_eabi.lib : lsr16.obj (.text)
                  0000a002    0000004a     mrfi.obj (.text:mrfiSpiCmdStrobe)
                  0000a04c    0000004a     rts430_eabi.lib : fs_cmp.obj (.text)
                  0000a096    00000048     nwk_mgmt.obj (.text:nwk_processMgmt)
                  0000a0de    00000046     mrfi.obj (.text:MRFI_RxAddrIsFiltered)
                  0000a124    00000046     nwk.obj (.text:nwk_findAlreadyJoined)
                  0000a16a    00000046     nwk.obj (.text:nwk_isLinkDuplicate)
                  0000a1b0    00000046     nwk_ping.obj (.text:smpl_send_ping_reply)
                  0000a1f6    00000044     mrfi.obj (.text:MRFI_Rssi)
                  0000a23a    00000044     UART_HANDLER.obj (.text:_Z17tx_bytes_to_slavePhi)
                  0000a27e    00000044     mrfi.obj (.text:spiRegAccess)
                  0000a2c2    00000042     main_AP_Async_TalkandListen_.obj (.text:_Z10ParseRXCmdi)
                  0000a304    00000040     nwk_join.obj (.text:nwk_isSandFClient)
                  0000a344    0000003e     nwk.obj (.text:initializeConnection)
                  0000a382    0000003e     rts430_eabi.lib : asr32.obj (.text:l_asr_const)
                  0000a3c0    0000003e                     : lsl32.obj (.text:l_lsl_const)
                  0000a3fe    0000003e     nwk_join.obj (.text:nwk_processJoin)
                  0000a43c    0000003c     nwk.obj (.text:nwk_putNumObjectIntoMsg)
                  0000a478    0000003a     UART_HANDLER.obj (.text:_Z13USCIAB0TX_ISRv)
                  0000a4b2    0000003a     nwk.obj (.text:nwk_isValidReply)
                  0000a4ec    0000003a     nwk_join.obj (.text:nwk_joinInit)
                  0000a526    0000003a     nwk_frame.obj (.text:nwk_replayFrame)
                  0000a560    00000036     nwk_QMgmt.obj (.text:nwk_QadjustOrder)
                  0000a596    00000034     mrfi.obj (.text:MRFI_SetRFPwr)
                  0000a5ca    00000034     mrfi.obj (.text:mrfiSpiInit)
                  0000a5fe    00000034     nwk_ioctl.obj (.text:nwk_deviceAddress)
                  0000a632    00000032     mrfi.obj (.text:MRFI_SetLogicalChannel)
                  0000a664    00000032     nwk.obj (.text:nwk_getConnInfo)
                  0000a696    00000032     nwk_link.obj (.text:nwk_linkInit)
                  0000a6c8    00000030     nwk.obj (.text:map_lid2idx)
                  0000a6f8    00000030     nwk_ping.obj (.text:nwk_processPing)
                  0000a728    00000030     nwk_ioctl.obj (.text:nwk_rawReceive)
                  0000a758    00000030     nwk_frame.obj (.text:nwk_sendFrame)
                  0000a788    0000002e     mrfi.obj (.text:Mrfi_CalculateRssi)
                  0000a7b6    0000002e     UART_HANDLER.obj (.text:_Z13USCIAB0RX_ISRv)
                  0000a7e4    0000002e     nwk_link.obj (.text:nwk_processLink)
                  0000a812    0000002c     mrfi.obj (.text:Mrfi_DelayUsec)
                  0000a83e    0000002c     mrfi.obj (.text:Mrfi_RxModeOff)
                  0000a86a    0000002c     nwk_api.obj (.text:SMPL_Init)
                  0000a896    0000002c     nwk_link.obj (.text:handleLinkRequest)
                  0000a8c2    0000002c     nwk.obj (.text:nwk_checkAppMsgTID)
                  0000a8ee    0000002c     rts430_eabi.lib : asr16.obj (.text)
                  0000a91a    0000002c                     : div16s.obj (.text)
                  0000a946    0000002c                     : lsl16.obj (.text)
                  0000a972    0000002a     nwk.obj (.text:nwk_checkConnInfo)
                  0000a99c    00000026     mrfi.obj (.text:MRFI_Sleep)
                  0000a9c2    00000026     mrfi.obj (.text:Mrfi_RandomBackoffDelay)
                  0000a9e8    00000026     nwk_ioctl.obj (.text:nwk_connectionControl)
                  0000aa0e    00000026     nwk_frame.obj (.text:nwk_frameInit)
                  0000aa34    00000026     nwk_globals.obj (.text:nwk_globalsInit)
                  0000aa5a    00000026     rts430_eabi.lib : mult32.obj (.text)
                  0000aa80    00000022     mrfi.obj (.text:MRFI_RxOn)
                  0000aaa2    00000022     rts430_eabi.lib : memcmp.obj (.text:memcmp)
                  0000aac4    00000020     bsp.obj (.text:BSP_Init)
                  0000aae4    00000020     bsp.obj (.text:BSP_InitBoard)
                  0000ab04    00000020     nwk_frame.obj (.text:MRFI_RxCompleteISR)
                  0000ab24    00000020     mrfi.obj (.text:MRFI_RxIdle)
                  0000ab44    00000020     rts430_eabi.lib : memmov.obj (.text:memmove)
                  0000ab64    0000001e     bsp.obj (.text:BSP_Delay)
                  0000ab82    0000001e     mrfi.obj (.text:mrfiSpiReadReg)
                  0000aba0    0000001e     nwk_QMgmt.obj (.text:nwk_QInit)
                  0000abbe    0000001c     mrfi.obj (.text:MRFI_GpioIsr)
                  0000abda    0000001c     main_AP_Async_TalkandListen_.obj (.text:__sti___32_main_AP_Async_TalkandListen__cpp_time)
                  0000abf6    0000001c     nwk_globals.obj (.text:nwk_setMyAddress)
                  0000ac12    0000001a     mrfi.obj (.text:BSP_GpioPort1Isr)
                  0000ac2c    0000001a     rts430_eabi.lib : boot_special.obj (.text:_c_int00_noargs_noexit)
                  0000ac46    0000001a     mrfi.obj (.text:mrfiSpiWriteReg)
                  0000ac60    00000018     mrfi.obj (.text:MRFI_DelayMs)
                  0000ac78    00000018     nwk_join.obj (.text:handleJoinRequest)
                  0000ac90    00000018     nwk_mgmt.obj (.text:nwk_mgmtInit)
                  0000aca8    00000016     mrfi.obj (.text:MRFI_RandomByte)
                  0000acbe    00000016     mrfi.obj (.text:Mrfi_RxModeOn)
                  0000acd4    00000016     rts430_eabi.lib : div16u.obj (.text)
                  0000acea    00000014     main_AP_Async_TalkandListen_.obj (.text:_Z9InitTimerv)
                  0000acfe    00000014     main_AP_Async_TalkandListen_.obj (.text:_Z9toggleLEDh)
                  0000ad12    00000014     rts430_eabi.lib : copy_zero_init.obj (.text:decompress:ZI:__TI_zero_init)
                  0000ad26    00000014     nwk_api.obj (.text:ioctlPreInitAccessIsOK)
                  0000ad3a    00000014     rts430_eabi.lib : memset.obj (.text:memset)
                  0000ad4e    00000014     nwk_ioctl.obj (.text:nwk_joinContext)
                  0000ad62    00000014     rts430_eabi.lib : mult16.obj (.text)
                  0000ad76    00000012     bsp.obj (.text:BSP_InitLeds)
                  0000ad88    00000012     rts430_eabi.lib : copy_decompress_none.obj (.text:decompress:none:__TI_decompress_none)
                  0000ad9a    00000012                     : lsr32.obj (.text:l_lsr)
                  0000adac    00000012                     : memcpy.obj (.text:memcpy)
                  0000adbe    00000012     nwk_link.obj (.text:nwk_getLinkToken)
                  0000add0    00000012     nwk_globals.obj (.text:nwk_getMyAddress)
                  0000ade2    00000012     nwk_link.obj (.text:nwk_setLinkToken)
                  0000adf4    00000010     rts430_eabi.lib : asr32.obj (.text:l_asr)
                  0000ae04    00000010                     : lsl32.obj (.text:l_lsl)
                  0000ae14    00000010     nwk_QMgmt.obj (.text:nwk_getQ)
                  0000ae24    00000010     rts430_eabi.lib : epilog.obj (.text)
                  0000ae34    0000000e     mrfi.obj (.text:MRFI_Receive)
                  0000ae42    0000000e     mrfi.obj (.text:mrfiSpiWriteTxFifo)
                  0000ae50    0000000e     nwk.obj (.text:nwk_getNumObjectFromMsg)
                  0000ae5e    0000000e     nwk_join.obj (.text:nwk_setJoinContext)
                  0000ae6c    0000000c     mrfi.obj (.text:MRFI_PostKillSem)
                  0000ae78    0000000c     nwk_ping.obj (.text:handlePingRequest)
                  0000ae84    0000000c     mrfi.obj (.text:mrfiSpiReadRxFifo)
                  0000ae90    0000000c     nwk_mgmt.obj (.text:smpl_send_mgmt_reply)
                  0000ae9c    0000000a     bsp.obj (.text:BSP_InitButtons)
                  0000aea6    0000000a     bsp.obj (.text:BSP_InitDrivers)
                  0000aeb0    0000000a     utils.obj (.text:_Z11Disable_Intv)
                  0000aeba    0000000a     bsp.obj (.text:_system_pre_init)
                  0000aec4    0000000a     nwk_join.obj (.text:generateLinkToken)
                  0000aece    0000000a     nwk_ping.obj (.text:nwk_pingInit)
                  0000aed8    00000008     nwk_api.obj (.text:SMPL_Send)
                  0000aee0    00000008     rts430_eabi.lib : isr_trap.obj (.text:_isr:__TI_ISR_TRAP)
                  0000aee8    00000008     nwk_mgmt.obj (.text:nwk_resetSFMarker)
                  0000aef0    00000006     mrfi.obj (.text:MRFI_GetRadioState)
                  0000aef6    00000006     utils.obj (.text:_Z11Restore_Intt)
                  0000aefc    00000006     rts430_eabi.lib : exit.obj (.text:abort)
                  0000af02    00000006     nwk.obj (.text:nwk_freeConnection)
                  0000af08    00000006     nwk_globals.obj (.text:nwk_getBCastAddress)
                  0000af0e    00000006     nwk_globals.obj (.text:nwk_getFWVersion)
                  0000af14    00000006     nwk_frame.obj (.text:nwk_getMyRxType)
                  0000af1a    00000006     nwk_globals.obj (.text:nwk_getProtocolVersion)
                  0000af20    00000006     nwk.obj (.text:nwk_getSFInfoPtr)
                  0000af26    00000004     main_AP_Async_TalkandListen_.obj (.text:_Z3sCBh)
                  0000af2a    00000004     nwk_join.obj (.text:nwk_join)
                  0000af2e    00000004     nwk_freq.obj (.text:nwk_processFreq)
                  0000af32    00000004     nwk_security.obj (.text:nwk_processSecurity)
                  0000af36    00000002     rts430_eabi.lib : startup.obj (.text:_system_post_cinit)
                  0000af38    00000002     nwk_freq.obj (.text:nwk_freqInit)
                  0000af3a    00000002     nwk_security.obj (.text:nwk_securityInit)

.binit     0    00008000    00000000     

.const     0    0000af3c    0000005d     
                  0000af3c    0000003c     mrfi.obj (.const:mrfiRadioCfg)
                  0000af78    0000000c     nwk_frame.obj (.const:func)
                  0000af84    00000005     nwk_globals.obj (.const:sVersionInfo)
                  0000af89    00000001     --HOLE-- [fill = 0]
                  0000af8a    00000004     mrfi.obj (.const:.string:mrfiBroadcastAddr)
                  0000af8e    00000004     mrfi.obj (.const:.string:mrfiLogicalChanTable)
                  0000af92    00000004     nwk_globals.obj (.const:sMyROMAddress)
                  0000af96    00000003     mrfi.obj (.const:.string:mrfiRFPowerTable)

.init_array 
*          0    0000af9a    00000004     
                  0000af9a    00000002     main_AP_Async_TalkandListen_.obj (.init_array)
                  0000af9c    00000002     UART_HANDLER.obj (.init_array)

.cinit     0    0000af9e    00000024     
                  0000af9e    00000012     (.cinit..data.load) [load image, compression = lzss]
                  0000afb0    00000006     (__TI_handler_table)
                  0000afb6    00000004     (.cinit..bss.load) [load image, compression = zero_init]
                  0000afba    00000008     (__TI_cinit_table)

$fill000   0    0000ffde    00000002     
                  0000ffde    00000002     --HOLE-- [fill = ffff]

PORT1      0    0000ffe4    00000002     
                  0000ffe4    00000002     rts430_eabi.lib : int02.obj (.int02)

PORT2      0    0000ffe6    00000002     
                  0000ffe6    00000002     mrfi.obj (.int03)

ADC10      0    0000ffea    00000002     
                  0000ffea    00000002     rts430_eabi.lib : int05.obj (.int05)

USCIAB0TX 
*          0    0000ffec    00000002     
                  0000ffec    00000002     UART_HANDLER.obj (.int06)

USCIAB0RX 
*          0    0000ffee    00000002     
                  0000ffee    00000002     UART_HANDLER.obj (.int07)

TIMERA1    0    0000fff0    00000002     
                  0000fff0    00000002     rts430_eabi.lib : int08.obj (.int08)

TIMERA0    0    0000fff2    00000002     
                  0000fff2    00000002     main_AP_Async_TalkandListen_.obj (.int09)

WDT        0    0000fff4    00000002     
                  0000fff4    00000002     rts430_eabi.lib : int10.obj (.int10)

TIMERB1    0    0000fff8    00000002     
                  0000fff8    00000002     rts430_eabi.lib : int12.obj (.int12)

TIMERB0    0    0000fffa    00000002     
                  0000fffa    00000002     rts430_eabi.lib : int13.obj (.int13)

NMI        0    0000fffc    00000002     
                  0000fffc    00000002     rts430_eabi.lib : int14.obj (.int14)

.reset     0    0000fffe    00000002     
                  0000fffe    00000002     rts430_eabi.lib : boot.obj (.reset)

MODULE SUMMARY

       Module                             code    ro data   rw data
       ------                             ----    -------   -------
    .\Applications\application\Access Point\
       main_AP_Async_TalkandListen_.obj   538     4         52     
    +--+----------------------------------+-------+---------+---------+
       Total:                             538     4         52     
                                                                   
    .\Components\bsp\
       bsp.obj                            142     0         1      
    +--+----------------------------------+-------+---------+---------+
       Total:                             142     0         1      
                                                                   
    .\Components\mrfi\
       mrfi.obj                           2094    73        59     
    +--+----------------------------------+-------+---------+---------+
       Total:                             2094    73        59     
                                                                   
    .\Components\simpliciti\nwk\
       nwk_frame.obj                      1308    12        8      
       nwk.obj                            1170    0         120    
       nwk_QMgmt.obj                      598     0         384    
       nwk_api.obj                        416     0         1      
       nwk_globals.obj                    102     9         9      
    +--+----------------------------------+-------+---------+---------+
       Total:                             3594    21        522    
                                                                   
    .\Components\simpliciti\nwk_applications\
       nwk_link.obj                       596     0         15     
       nwk_join.obj                       506     0         11     
       nwk_ioctl.obj                      366     0         0      
       nwk_mgmt.obj                       262     0         4      
       nwk_ping.obj                       140     0         1      
       nwk_freq.obj                       6       0         0      
       nwk_security.obj                   6       0         0      
    +--+----------------------------------+-------+---------+---------+
       Total:                             1882    0         31     
                                                                   
    .\utils\
       UART_HANDLER.obj                   484     6         156    
       utils.obj                          16      0         0      
    +--+----------------------------------+-------+---------+---------+
       Total:                             500     6         156    
                                                                   
    C:\ti\ccsv7\tools\compiler\ti-cgt-msp430_16.9.6.LTS\lib\rts430_eabi.lib
       addd.obj                           744     0         0      
       frcaddd.obj                        608     0         0      
       fs_add.obj                         306     0         0      
       renormd.obj                        190     0         0      
       cvtdf.obj                          140     0         0      
       copy_decompress_lzss.obj           124     0         0      
       cvtfd.obj                          114     0         0      
       autoinit.obj                       110     0         0      
       lsr32.obj                          110     0         0      
       cpy_tbl.obj                        90      0         0      
       div32u.obj                         88      0         0      
       asr32.obj                          78      0         0      
       lsl32.obj                          78      0         0      
       lsr16.obj                          76      0         0      
       fs_cmp.obj                         74      0         0      
       asr16.obj                          44      0         0      
       div16s.obj                         44      0         0      
       lsl16.obj                          44      0         0      
       mult32.obj                         38      0         0      
       memcmp.obj                         34      0         0      
       memmov.obj                         32      0         0      
       boot_special.obj                   26      0         0      
       div16u.obj                         22      0         0      
       copy_zero_init.obj                 20      0         0      
       memset.obj                         20      0         0      
       mult16.obj                         20      0         0      
       copy_decompress_none.obj           18      0         0      
       memcpy.obj                         18      0         0      
       epilog.obj                         16      0         0      
       isr_trap.obj                       8       0         0      
       exit.obj                           6       0         0      
       boot.obj                           0       2         0      
       int02.obj                          0       2         0      
       int05.obj                          0       2         0      
       int08.obj                          0       2         0      
       int10.obj                          0       2         0      
       int12.obj                          0       2         0      
       int13.obj                          0       2         0      
       int14.obj                          0       2         0      
       startup.obj                        2       0         0      
    +--+----------------------------------+-------+---------+---------+
       Total:                             3342    16        0      
                                                                   
       Stack:                             0       0         80     
       Linker Generated:                  0       36        0      
    +--+----------------------------------+-------+---------+---------+
       Grand Total:                       12092   156       901    


LINKER GENERATED COPY TABLES

__TI_cinit_table @ 0000afba records: 2, size/record: 4, table size: 8
	.data: load addr=0000af9e, load size=00000012 bytes, run addr=00000484, run size=000000b1 bytes, compression=lzss
	.bss: load addr=0000afb6, load size=00000004 bytes, run addr=00000200, run size=00000284 bytes, compression=zero_init


LINKER GENERATED HANDLER TABLE

__TI_handler_table @ 0000afb0 records: 3, size/record: 2, table size: 6
	index: 0, handler: __TI_zero_init
	index: 1, handler: __TI_decompress_lzss
	index: 2, handler: __TI_decompress_none


GLOBAL SYMBOLS: SORTED ALPHABETICALLY BY Name 

address   name                                            
-------   ----                                            
0000004a  ADC10AE0                                        
0000004b  ADC10AE1                                        
000001b0  ADC10CTL0                                       
000001b2  ADC10CTL1                                       
00000048  ADC10DTC0                                       
00000049  ADC10DTC1                                       
000001b4  ADC10MEM                                        
000001bc  ADC10SA                                         
00000057  BCSCTL1                                         
00000058  BCSCTL2                                         
00000053  BCSCTL3                                         
0000ab64  BSP_Delay                                       
0000ac12  BSP_GpioPort1Isr                                
0000aac4  BSP_Init                                        
0000aae4  BSP_InitBoard                                   
0000ae9c  BSP_InitButtons                                 
0000aea6  BSP_InitDrivers                                 
0000ad76  BSP_InitLeds                                    
0000aefc  C$$EXIT                                         
000010fb  CALBC1_12MHZ                                    
000010f9  CALBC1_16MHZ                                    
000010ff  CALBC1_1MHZ                                     
000010fd  CALBC1_8MHZ                                     
000010fa  CALDCO_12MHZ                                    
000010f8  CALDCO_16MHZ                                    
000010fe  CALDCO_1MHZ                                     
000010fc  CALDCO_8MHZ                                     
00000056  DCOCTL                                          
00000128  FCTL1                                           
0000012a  FCTL2                                           
0000012c  FCTL3                                           
00000000  IE1                                             
00000001  IE2                                             
00000002  IFG1                                            
00000003  IFG2                                            
0000ac60  MRFI_DelayMs                                    
0000aef0  MRFI_GetRadioState                              
0000abbe  MRFI_GpioIsr                                    
00008548  MRFI_Init                                       
0000ae6c  MRFI_PostKillSem                                
0000aca8  MRFI_RandomByte                                 
0000ae34  MRFI_Receive                                    
0000a1f6  MRFI_Rssi                                       
0000a0de  MRFI_RxAddrIsFiltered                           
0000ab04  MRFI_RxCompleteISR                              
0000ab24  MRFI_RxIdle                                     
0000aa80  MRFI_RxOn                                       
0000a632  MRFI_SetLogicalChannel                          
0000a596  MRFI_SetRFPwr                                   
0000a99c  MRFI_Sleep                                      
00008ee6  MRFI_Transmit                                   
00009ebe  MRFI_WakeUp                                     
000000c0  OA0CTL0                                         
000000c1  OA0CTL1                                         
000000c2  OA1CTL0                                         
000000c3  OA1CTL1                                         
00000022  P1DIR                                           
00000025  P1IE                                            
00000024  P1IES                                           
00000023  P1IFG                                           
00000020  P1IN                                            
00000021  P1OUT                                           
00000027  P1REN                                           
00000026  P1SEL                                           
0000002a  P2DIR                                           
0000002d  P2IE                                            
0000002c  P2IES                                           
0000002b  P2IFG                                           
00000028  P2IN                                            
00000029  P2OUT                                           
0000002f  P2REN                                           
0000002e  P2SEL                                           
0000001a  P3DIR                                           
00000018  P3IN                                            
00000019  P3OUT                                           
00000010  P3REN                                           
0000001b  P3SEL                                           
0000001e  P4DIR                                           
0000001c  P4IN                                            
0000001d  P4OUT                                           
00000011  P4REN                                           
0000001f  P4SEL                                           
00000380  RX_ser_buf                                      
0000a86a  SMPL_Init                                       
0000932a  SMPL_Ioctl                                      
0000aed8  SMPL_Send                                       
00009682  SMPL_SendOpt                                    
00000172  TACCR0                                          
00000174  TACCR1                                          
00000176  TACCR2                                          
00000162  TACCTL0                                         
00000164  TACCTL1                                         
00000166  TACCTL2                                         
00000160  TACTL                                           
0000012e  TAIV                                            
00000170  TAR                                             
00000192  TBCCR0                                          
00000194  TBCCR1                                          
00000196  TBCCR2                                          
00000182  TBCCTL0                                         
00000184  TBCCTL1                                         
00000186  TBCCTL2                                         
00000180  TBCTL                                           
0000011e  TBIV                                            
00000190  TBR                                             
00000472  TX_Time_msg                                     
00000426  TX_msg                                          
00000526  TX_msg_Len                                      
000003bc  TX_ser_buf                                      
00000446  UART_RX_BUFFER                                  
00000458  UART_TX_BUFFER                                  
0000005d  UCA0ABCTL                                       
00000062  UCA0BR0                                         
00000063  UCA0BR1                                         
00000060  UCA0CTL0                                        
00000061  UCA0CTL1                                        
0000005f  UCA0IRRCTL                                      
0000005e  UCA0IRTCTL                                      
00000064  UCA0MCTL                                        
00000066  UCA0RXBUF                                       
00000065  UCA0STAT                                        
00000067  UCA0TXBUF                                       
0000006a  UCB0BR0                                         
0000006b  UCB0BR1                                         
00000068  UCB0CTL0                                        
00000069  UCB0CTL1                                        
0000006c  UCB0I2CIE                                       
00000118  UCB0I2COA                                       
0000011a  UCB0I2CSA                                       
0000006e  UCB0RXBUF                                       
0000006d  UCB0STAT                                        
0000006f  UCB0TXBUF                                       
00000120  WDTCTL                                          
0000a2c2  _Z10ParseRXCmdi                                 
0000aeb0  _Z11Disable_Intv                                
0000aef6  _Z11Restore_Intt                                
00009e68  _Z11TIMERA0_ISRv                                
0000a7b6  _Z13USCIAB0RX_ISRv                              
0000a478  _Z13USCIAB0TX_ISRv                              
0000a23a  _Z17tx_bytes_to_slavePhi                        
0000acea  _Z9InitTimerv                                   
00009cf4  _Z9Init_UARTv                                   
0000acfe  _Z9toggleLEDh                                   
00000600  __STACK_END                                     
00000050  __STACK_SIZE                                    
UNDEFED   __TI_BINIT_Base                                 
UNDEFED   __TI_BINIT_Limit                                
0000afba  __TI_CINIT_Base                                 
0000afc2  __TI_CINIT_Limit                                
0000afb0  __TI_Handler_Table_Base                         
0000afb6  __TI_Handler_Table_Limit                        
0000af9a  __TI_INITARRAY_Base                             
0000af9e  __TI_INITARRAY_Limit                            
0000aee0  __TI_ISR_TRAP                                   
000099ce  __TI_decompress_lzss                            
0000ad88  __TI_decompress_none                            
000082e8  __TI_frcaddd                                    
0000ffe4  __TI_int02                                      
0000ffe6  __TI_int03                                      
0000ffea  __TI_int05                                      
0000ffec  __TI_int06                                      
0000ffee  __TI_int07                                      
0000fff0  __TI_int08                                      
0000fff2  __TI_int09                                      
0000fff4  __TI_int10                                      
0000fff8  __TI_int12                                      
0000fffa  __TI_int13                                      
0000fffc  __TI_int14                                      
ffffffff  __TI_pprof_out_hndl                             
ffffffff  __TI_prof_data_size                             
ffffffff  __TI_prof_data_start                            
0000926c  __TI_renormd                                    
0000ad12  __TI_zero_init                                  
ffffffff  __c_args__                                      
00008000  __mspabi_addd                                   
00008cac  __mspabi_addf                                   
0000a04c  __mspabi_cmpf                                   
000097b0  __mspabi_cvtdf                                  
00009b42  __mspabi_cvtfd                                  
0000a91a  __mspabi_divi                                   
0000acd4  __mspabi_divu                                   
00009e10  __mspabi_divul                                  
0000ae30  __mspabi_func_epilog_1                          
0000ae2e  __mspabi_func_epilog_2                          
0000ae2c  __mspabi_func_epilog_3                          
0000ae2a  __mspabi_func_epilog_4                          
0000ae28  __mspabi_func_epilog_5                          
0000ae26  __mspabi_func_epilog_6                          
0000ae24  __mspabi_func_epilog_7                          
0000ad62  __mspabi_mpyi                                   
0000ad62  __mspabi_mpyi_sw                                
0000aa5a  __mspabi_mpyl                                   
0000aa5a  __mspabi_mpyl_sw                                
0000a91a  __mspabi_remi                                   
0000acd4  __mspabi_remu                                   
00009e10  __mspabi_remul                                  
0000a946  __mspabi_slli                                   
0000a96e  __mspabi_slli_1                                 
0000a95c  __mspabi_slli_10                                
0000a95a  __mspabi_slli_11                                
0000a958  __mspabi_slli_12                                
0000a956  __mspabi_slli_13                                
0000a954  __mspabi_slli_14                                
0000a952  __mspabi_slli_15                                
0000a96c  __mspabi_slli_2                                 
0000a96a  __mspabi_slli_3                                 
0000a968  __mspabi_slli_4                                 
0000a966  __mspabi_slli_5                                 
0000a964  __mspabi_slli_6                                 
0000a962  __mspabi_slli_7                                 
0000a960  __mspabi_slli_8                                 
0000a95e  __mspabi_slli_9                                 
0000ae04  __mspabi_slll                                   
0000a3f8  __mspabi_slll_1                                 
0000a3d4  __mspabi_slll_10                                
0000a3d0  __mspabi_slll_11                                
0000a3cc  __mspabi_slll_12                                
0000a3c8  __mspabi_slll_13                                
0000a3c4  __mspabi_slll_14                                
0000a3c0  __mspabi_slll_15                                
0000a3f4  __mspabi_slll_2                                 
0000a3f0  __mspabi_slll_3                                 
0000a3ec  __mspabi_slll_4                                 
0000a3e8  __mspabi_slll_5                                 
0000a3e4  __mspabi_slll_6                                 
0000a3e0  __mspabi_slll_7                                 
0000a3dc  __mspabi_slll_8                                 
0000a3d8  __mspabi_slll_9                                 
0000a8ee  __mspabi_srai                                   
0000a916  __mspabi_srai_1                                 
0000a904  __mspabi_srai_10                                
0000a902  __mspabi_srai_11                                
0000a900  __mspabi_srai_12                                
0000a8fe  __mspabi_srai_13                                
0000a8fc  __mspabi_srai_14                                
0000a8fa  __mspabi_srai_15                                
0000a914  __mspabi_srai_2                                 
0000a912  __mspabi_srai_3                                 
0000a910  __mspabi_srai_4                                 
0000a90e  __mspabi_srai_5                                 
0000a90c  __mspabi_srai_6                                 
0000a90a  __mspabi_srai_7                                 
0000a908  __mspabi_srai_8                                 
0000a906  __mspabi_srai_9                                 
0000adf4  __mspabi_sral                                   
0000a3ba  __mspabi_sral_1                                 
0000a396  __mspabi_sral_10                                
0000a392  __mspabi_sral_11                                
0000a38e  __mspabi_sral_12                                
0000a38a  __mspabi_sral_13                                
0000a386  __mspabi_sral_14                                
0000a382  __mspabi_sral_15                                
0000a3b6  __mspabi_sral_2                                 
0000a3b2  __mspabi_sral_3                                 
0000a3ae  __mspabi_sral_4                                 
0000a3aa  __mspabi_sral_5                                 
0000a3a6  __mspabi_sral_6                                 
0000a3a2  __mspabi_sral_7                                 
0000a39e  __mspabi_sral_8                                 
0000a39a  __mspabi_sral_9                                 
00009fb6  __mspabi_srli                                   
00009ffc  __mspabi_srli_1                                 
00009fd8  __mspabi_srli_10                                
00009fd4  __mspabi_srli_11                                
00009fd0  __mspabi_srli_12                                
00009fcc  __mspabi_srli_13                                
00009fc8  __mspabi_srli_14                                
00009fc4  __mspabi_srli_15                                
00009ff8  __mspabi_srli_2                                 
00009ff4  __mspabi_srli_3                                 
00009ff0  __mspabi_srli_4                                 
00009fec  __mspabi_srli_5                                 
00009fe8  __mspabi_srli_6                                 
00009fe4  __mspabi_srli_7                                 
00009fe0  __mspabi_srli_8                                 
00009fdc  __mspabi_srli_9                                 
0000ad9a  __mspabi_srll                                   
00009dae  __mspabi_srll_1                                 
00009d78  __mspabi_srll_10                                
00009d72  __mspabi_srll_11                                
00009d6c  __mspabi_srll_12                                
00009d66  __mspabi_srll_13                                
00009d60  __mspabi_srll_14                                
00009d5a  __mspabi_srll_15                                
00009da8  __mspabi_srll_2                                 
00009da2  __mspabi_srll_3                                 
00009d9c  __mspabi_srll_4                                 
00009d96  __mspabi_srll_5                                 
00009d90  __mspabi_srll_6                                 
00009d8a  __mspabi_srll_7                                 
00009d84  __mspabi_srll_8                                 
00009d7e  __mspabi_srll_9                                 
00008ca6  __mspabi_subf                                   
0000919a  __sti___16_UART_HANDLER_cpp_3daaade3            
0000abda  __sti___32_main_AP_Async_TalkandListen__cpp_time
00009bb4  _auto_init                                      
0000ac2c  _c_int00_noargs_noexit                          
0000fffe  _reset_vector                                   
000005b0  _stack                                          
0000af36  _system_post_cinit                              
0000aeba  _system_pre_init                                
0000aefc  abort                                           
00009db6  copy_in                                         
00009544  isDupSandFFrame                                 
00000528  lAddr                                           
00008b6c  main                                            
0000aaa2  memcmp                                          
0000adac  memcpy                                          
0000ab44  memmove                                         
0000ad3a  memset                                          
0000af8a  mrfiBroadcastAddr                               
0000a002  mrfiSpiCmdStrobe                                
0000a5ca  mrfiSpiInit                                     
0000ab82  mrfiSpiReadReg                                  
0000ae84  mrfiSpiReadRxFifo                               
0000ac46  mrfiSpiWriteReg                                 
0000ae42  mrfiSpiWriteTxFifo                              
00000478  next_time_Jam                                   
0000aba0  nwk_QInit                                       
0000a560  nwk_QadjustOrder                                
000088b2  nwk_QfindOldest                                 
0000983c  nwk_QfindSlot                                   
00009498  nwk_SendEmptyPollRspFrame                       
000090c2  nwk_allocateLocalRxPort                         
000095e4  nwk_buildFrame                                  
0000a8c2  nwk_checkAppMsgTID                              
0000a972  nwk_checkConnInfo                               
0000a9e8  nwk_connectionControl                           
0000a5fe  nwk_deviceAddress                               
0000a124  nwk_findAlreadyJoined                           
0000aa0e  nwk_frameInit                                   
0000af02  nwk_freeConnection                              
0000af38  nwk_freqInit                                    
0000af08  nwk_getBCastAddress                             
0000a664  nwk_getConnInfo                                 
0000af0e  nwk_getFWVersion                                
0000adbe  nwk_getLinkToken                                
0000add0  nwk_getMyAddress                                
0000af14  nwk_getMyRxType                                 
00009f66  nwk_getNextConnection                           
0000ae50  nwk_getNumObjectFromMsg                         
0000af1a  nwk_getProtocolVersion                          
0000ae14  nwk_getQ                                        
0000af20  nwk_getSFInfoPtr                                
00009a4a  nwk_getSandFFrame                               
0000aa34  nwk_globalsInit                                 
00009c8c  nwk_isConnectionValid                           
0000a16a  nwk_isLinkDuplicate                             
0000a304  nwk_isSandFClient                               
0000a4b2  nwk_isValidReply                                
0000af2a  nwk_join                                        
0000ad4e  nwk_joinContext                                 
0000a4ec  nwk_joinInit                                    
0000a696  nwk_linkInit                                    
0000ac90  nwk_mgmtInit                                    
000098c2  nwk_nwkInit                                     
0000aece  nwk_pingInit                                    
0000af2e  nwk_processFreq                                 
0000a3fe  nwk_processJoin                                 
0000a7e4  nwk_processLink                                 
0000a096  nwk_processMgmt                                 
0000a6f8  nwk_processPing                                 
0000af32  nwk_processSecurity                             
0000a43c  nwk_putNumObjectIntoMsg                         
00009ac6  nwk_radioControl                                
0000a728  nwk_rawReceive                                  
00009f12  nwk_rawSend                                     
0000a526  nwk_replayFrame                                 
0000aee8  nwk_resetSFMarker                               
000093e6  nwk_retrieveFrame                               
00009c22  nwk_saveJoinedDevice                            
0000af3a  nwk_securityInit                                
0000a758  nwk_sendFrame                                   
0000ae5e  nwk_setJoinContext                              
0000ade2  nwk_setLinkToken                                
0000abf6  nwk_setMyAddress                                
00000522  time                                            


GLOBAL SYMBOLS: SORTED BY Symbol Address 

address   name                                            
-------   ----                                            
00000000  IE1                                             
00000001  IE2                                             
00000002  IFG1                                            
00000003  IFG2                                            
00000010  P3REN                                           
00000011  P4REN                                           
00000018  P3IN                                            
00000019  P3OUT                                           
0000001a  P3DIR                                           
0000001b  P3SEL                                           
0000001c  P4IN                                            
0000001d  P4OUT                                           
0000001e  P4DIR                                           
0000001f  P4SEL                                           
00000020  P1IN                                            
00000021  P1OUT                                           
00000022  P1DIR                                           
00000023  P1IFG                                           
00000024  P1IES                                           
00000025  P1IE                                            
00000026  P1SEL                                           
00000027  P1REN                                           
00000028  P2IN                                            
00000029  P2OUT                                           
0000002a  P2DIR                                           
0000002b  P2IFG                                           
0000002c  P2IES                                           
0000002d  P2IE                                            
0000002e  P2SEL                                           
0000002f  P2REN                                           
00000048  ADC10DTC0                                       
00000049  ADC10DTC1                                       
0000004a  ADC10AE0                                        
0000004b  ADC10AE1                                        
00000050  __STACK_SIZE                                    
00000053  BCSCTL3                                         
00000056  DCOCTL                                          
00000057  BCSCTL1                                         
00000058  BCSCTL2                                         
0000005d  UCA0ABCTL                                       
0000005e  UCA0IRTCTL                                      
0000005f  UCA0IRRCTL                                      
00000060  UCA0CTL0                                        
00000061  UCA0CTL1                                        
00000062  UCA0BR0                                         
00000063  UCA0BR1                                         
00000064  UCA0MCTL                                        
00000065  UCA0STAT                                        
00000066  UCA0RXBUF                                       
00000067  UCA0TXBUF                                       
00000068  UCB0CTL0                                        
00000069  UCB0CTL1                                        
0000006a  UCB0BR0                                         
0000006b  UCB0BR1                                         
0000006c  UCB0I2CIE                                       
0000006d  UCB0STAT                                        
0000006e  UCB0RXBUF                                       
0000006f  UCB0TXBUF                                       
000000c0  OA0CTL0                                         
000000c1  OA0CTL1                                         
000000c2  OA1CTL0                                         
000000c3  OA1CTL1                                         
00000118  UCB0I2COA                                       
0000011a  UCB0I2CSA                                       
0000011e  TBIV                                            
00000120  WDTCTL                                          
00000128  FCTL1                                           
0000012a  FCTL2                                           
0000012c  FCTL3                                           
0000012e  TAIV                                            
00000160  TACTL                                           
00000162  TACCTL0                                         
00000164  TACCTL1                                         
00000166  TACCTL2                                         
00000170  TAR                                             
00000172  TACCR0                                          
00000174  TACCR1                                          
00000176  TACCR2                                          
00000180  TBCTL                                           
00000182  TBCCTL0                                         
00000184  TBCCTL1                                         
00000186  TBCCTL2                                         
00000190  TBR                                             
00000192  TBCCR0                                          
00000194  TBCCR1                                          
00000196  TBCCR2                                          
000001b0  ADC10CTL0                                       
000001b2  ADC10CTL1                                       
000001b4  ADC10MEM                                        
000001bc  ADC10SA                                         
00000380  RX_ser_buf                                      
000003bc  TX_ser_buf                                      
00000426  TX_msg                                          
00000446  UART_RX_BUFFER                                  
00000458  UART_TX_BUFFER                                  
00000472  TX_Time_msg                                     
00000478  next_time_Jam                                   
00000522  time                                            
00000526  TX_msg_Len                                      
00000528  lAddr                                           
000005b0  _stack                                          
00000600  __STACK_END                                     
000010f8  CALDCO_16MHZ                                    
000010f9  CALBC1_16MHZ                                    
000010fa  CALDCO_12MHZ                                    
000010fb  CALBC1_12MHZ                                    
000010fc  CALDCO_8MHZ                                     
000010fd  CALBC1_8MHZ                                     
000010fe  CALDCO_1MHZ                                     
000010ff  CALBC1_1MHZ                                     
00008000  __mspabi_addd                                   
000082e8  __TI_frcaddd                                    
00008548  MRFI_Init                                       
000088b2  nwk_QfindOldest                                 
00008b6c  main                                            
00008ca6  __mspabi_subf                                   
00008cac  __mspabi_addf                                   
00008ee6  MRFI_Transmit                                   
000090c2  nwk_allocateLocalRxPort                         
0000919a  __sti___16_UART_HANDLER_cpp_3daaade3            
0000926c  __TI_renormd                                    
0000932a  SMPL_Ioctl                                      
000093e6  nwk_retrieveFrame                               
00009498  nwk_SendEmptyPollRspFrame                       
00009544  isDupSandFFrame                                 
000095e4  nwk_buildFrame                                  
00009682  SMPL_SendOpt                                    
000097b0  __mspabi_cvtdf                                  
0000983c  nwk_QfindSlot                                   
000098c2  nwk_nwkInit                                     
000099ce  __TI_decompress_lzss                            
00009a4a  nwk_getSandFFrame                               
00009ac6  nwk_radioControl                                
00009b42  __mspabi_cvtfd                                  
00009bb4  _auto_init                                      
00009c22  nwk_saveJoinedDevice                            
00009c8c  nwk_isConnectionValid                           
00009cf4  _Z9Init_UARTv                                   
00009d5a  __mspabi_srll_15                                
00009d60  __mspabi_srll_14                                
00009d66  __mspabi_srll_13                                
00009d6c  __mspabi_srll_12                                
00009d72  __mspabi_srll_11                                
00009d78  __mspabi_srll_10                                
00009d7e  __mspabi_srll_9                                 
00009d84  __mspabi_srll_8                                 
00009d8a  __mspabi_srll_7                                 
00009d90  __mspabi_srll_6                                 
00009d96  __mspabi_srll_5                                 
00009d9c  __mspabi_srll_4                                 
00009da2  __mspabi_srll_3                                 
00009da8  __mspabi_srll_2                                 
00009dae  __mspabi_srll_1                                 
00009db6  copy_in                                         
00009e10  __mspabi_divul                                  
00009e10  __mspabi_remul                                  
00009e68  _Z11TIMERA0_ISRv                                
00009ebe  MRFI_WakeUp                                     
00009f12  nwk_rawSend                                     
00009f66  nwk_getNextConnection                           
00009fb6  __mspabi_srli                                   
00009fc4  __mspabi_srli_15                                
00009fc8  __mspabi_srli_14                                
00009fcc  __mspabi_srli_13                                
00009fd0  __mspabi_srli_12                                
00009fd4  __mspabi_srli_11                                
00009fd8  __mspabi_srli_10                                
00009fdc  __mspabi_srli_9                                 
00009fe0  __mspabi_srli_8                                 
00009fe4  __mspabi_srli_7                                 
00009fe8  __mspabi_srli_6                                 
00009fec  __mspabi_srli_5                                 
00009ff0  __mspabi_srli_4                                 
00009ff4  __mspabi_srli_3                                 
00009ff8  __mspabi_srli_2                                 
00009ffc  __mspabi_srli_1                                 
0000a002  mrfiSpiCmdStrobe                                
0000a04c  __mspabi_cmpf                                   
0000a096  nwk_processMgmt                                 
0000a0de  MRFI_RxAddrIsFiltered                           
0000a124  nwk_findAlreadyJoined                           
0000a16a  nwk_isLinkDuplicate                             
0000a1f6  MRFI_Rssi                                       
0000a23a  _Z17tx_bytes_to_slavePhi                        
0000a2c2  _Z10ParseRXCmdi                                 
0000a304  nwk_isSandFClient                               
0000a382  __mspabi_sral_15                                
0000a386  __mspabi_sral_14                                
0000a38a  __mspabi_sral_13                                
0000a38e  __mspabi_sral_12                                
0000a392  __mspabi_sral_11                                
0000a396  __mspabi_sral_10                                
0000a39a  __mspabi_sral_9                                 
0000a39e  __mspabi_sral_8                                 
0000a3a2  __mspabi_sral_7                                 
0000a3a6  __mspabi_sral_6                                 
0000a3aa  __mspabi_sral_5                                 
0000a3ae  __mspabi_sral_4                                 
0000a3b2  __mspabi_sral_3                                 
0000a3b6  __mspabi_sral_2                                 
0000a3ba  __mspabi_sral_1                                 
0000a3c0  __mspabi_slll_15                                
0000a3c4  __mspabi_slll_14                                
0000a3c8  __mspabi_slll_13                                
0000a3cc  __mspabi_slll_12                                
0000a3d0  __mspabi_slll_11                                
0000a3d4  __mspabi_slll_10                                
0000a3d8  __mspabi_slll_9                                 
0000a3dc  __mspabi_slll_8                                 
0000a3e0  __mspabi_slll_7                                 
0000a3e4  __mspabi_slll_6                                 
0000a3e8  __mspabi_slll_5                                 
0000a3ec  __mspabi_slll_4                                 
0000a3f0  __mspabi_slll_3                                 
0000a3f4  __mspabi_slll_2                                 
0000a3f8  __mspabi_slll_1                                 
0000a3fe  nwk_processJoin                                 
0000a43c  nwk_putNumObjectIntoMsg                         
0000a478  _Z13USCIAB0TX_ISRv                              
0000a4b2  nwk_isValidReply                                
0000a4ec  nwk_joinInit                                    
0000a526  nwk_replayFrame                                 
0000a560  nwk_QadjustOrder                                
0000a596  MRFI_SetRFPwr                                   
0000a5ca  mrfiSpiInit                                     
0000a5fe  nwk_deviceAddress                               
0000a632  MRFI_SetLogicalChannel                          
0000a664  nwk_getConnInfo                                 
0000a696  nwk_linkInit                                    
0000a6f8  nwk_processPing                                 
0000a728  nwk_rawReceive                                  
0000a758  nwk_sendFrame                                   
0000a7b6  _Z13USCIAB0RX_ISRv                              
0000a7e4  nwk_processLink                                 
0000a86a  SMPL_Init                                       
0000a8c2  nwk_checkAppMsgTID                              
0000a8ee  __mspabi_srai                                   
0000a8fa  __mspabi_srai_15                                
0000a8fc  __mspabi_srai_14                                
0000a8fe  __mspabi_srai_13                                
0000a900  __mspabi_srai_12                                
0000a902  __mspabi_srai_11                                
0000a904  __mspabi_srai_10                                
0000a906  __mspabi_srai_9                                 
0000a908  __mspabi_srai_8                                 
0000a90a  __mspabi_srai_7                                 
0000a90c  __mspabi_srai_6                                 
0000a90e  __mspabi_srai_5                                 
0000a910  __mspabi_srai_4                                 
0000a912  __mspabi_srai_3                                 
0000a914  __mspabi_srai_2                                 
0000a916  __mspabi_srai_1                                 
0000a91a  __mspabi_divi                                   
0000a91a  __mspabi_remi                                   
0000a946  __mspabi_slli                                   
0000a952  __mspabi_slli_15                                
0000a954  __mspabi_slli_14                                
0000a956  __mspabi_slli_13                                
0000a958  __mspabi_slli_12                                
0000a95a  __mspabi_slli_11                                
0000a95c  __mspabi_slli_10                                
0000a95e  __mspabi_slli_9                                 
0000a960  __mspabi_slli_8                                 
0000a962  __mspabi_slli_7                                 
0000a964  __mspabi_slli_6                                 
0000a966  __mspabi_slli_5                                 
0000a968  __mspabi_slli_4                                 
0000a96a  __mspabi_slli_3                                 
0000a96c  __mspabi_slli_2                                 
0000a96e  __mspabi_slli_1                                 
0000a972  nwk_checkConnInfo                               
0000a99c  MRFI_Sleep                                      
0000a9e8  nwk_connectionControl                           
0000aa0e  nwk_frameInit                                   
0000aa34  nwk_globalsInit                                 
0000aa5a  __mspabi_mpyl                                   
0000aa5a  __mspabi_mpyl_sw                                
0000aa80  MRFI_RxOn                                       
0000aaa2  memcmp                                          
0000aac4  BSP_Init                                        
0000aae4  BSP_InitBoard                                   
0000ab04  MRFI_RxCompleteISR                              
0000ab24  MRFI_RxIdle                                     
0000ab44  memmove                                         
0000ab64  BSP_Delay                                       
0000ab82  mrfiSpiReadReg                                  
0000aba0  nwk_QInit                                       
0000abbe  MRFI_GpioIsr                                    
0000abda  __sti___32_main_AP_Async_TalkandListen__cpp_time
0000abf6  nwk_setMyAddress                                
0000ac12  BSP_GpioPort1Isr                                
0000ac2c  _c_int00_noargs_noexit                          
0000ac46  mrfiSpiWriteReg                                 
0000ac60  MRFI_DelayMs                                    
0000ac90  nwk_mgmtInit                                    
0000aca8  MRFI_RandomByte                                 
0000acd4  __mspabi_divu                                   
0000acd4  __mspabi_remu                                   
0000acea  _Z9InitTimerv                                   
0000acfe  _Z9toggleLEDh                                   
0000ad12  __TI_zero_init                                  
0000ad3a  memset                                          
0000ad4e  nwk_joinContext                                 
0000ad62  __mspabi_mpyi                                   
0000ad62  __mspabi_mpyi_sw                                
0000ad76  BSP_InitLeds                                    
0000ad88  __TI_decompress_none                            
0000ad9a  __mspabi_srll                                   
0000adac  memcpy                                          
0000adbe  nwk_getLinkToken                                
0000add0  nwk_getMyAddress                                
0000ade2  nwk_setLinkToken                                
0000adf4  __mspabi_sral                                   
0000ae04  __mspabi_slll                                   
0000ae14  nwk_getQ                                        
0000ae24  __mspabi_func_epilog_7                          
0000ae26  __mspabi_func_epilog_6                          
0000ae28  __mspabi_func_epilog_5                          
0000ae2a  __mspabi_func_epilog_4                          
0000ae2c  __mspabi_func_epilog_3                          
0000ae2e  __mspabi_func_epilog_2                          
0000ae30  __mspabi_func_epilog_1                          
0000ae34  MRFI_Receive                                    
0000ae42  mrfiSpiWriteTxFifo                              
0000ae50  nwk_getNumObjectFromMsg                         
0000ae5e  nwk_setJoinContext                              
0000ae6c  MRFI_PostKillSem                                
0000ae84  mrfiSpiReadRxFifo                               
0000ae9c  BSP_InitButtons                                 
0000aea6  BSP_InitDrivers                                 
0000aeb0  _Z11Disable_Intv                                
0000aeba  _system_pre_init                                
0000aece  nwk_pingInit                                    
0000aed8  SMPL_Send                                       
0000aee0  __TI_ISR_TRAP                                   
0000aee8  nwk_resetSFMarker                               
0000aef0  MRFI_GetRadioState                              
0000aef6  _Z11Restore_Intt                                
0000aefc  C$$EXIT                                         
0000aefc  abort                                           
0000af02  nwk_freeConnection                              
0000af08  nwk_getBCastAddress                             
0000af0e  nwk_getFWVersion                                
0000af14  nwk_getMyRxType                                 
0000af1a  nwk_getProtocolVersion                          
0000af20  nwk_getSFInfoPtr                                
0000af2a  nwk_join                                        
0000af2e  nwk_processFreq                                 
0000af32  nwk_processSecurity                             
0000af36  _system_post_cinit                              
0000af38  nwk_freqInit                                    
0000af3a  nwk_securityInit                                
0000af8a  mrfiBroadcastAddr                               
0000af9a  __TI_INITARRAY_Base                             
0000af9e  __TI_INITARRAY_Limit                            
0000afb0  __TI_Handler_Table_Base                         
0000afb6  __TI_Handler_Table_Limit                        
0000afba  __TI_CINIT_Base                                 
0000afc2  __TI_CINIT_Limit                                
0000ffe4  __TI_int02                                      
0000ffe6  __TI_int03                                      
0000ffea  __TI_int05                                      
0000ffec  __TI_int06                                      
0000ffee  __TI_int07                                      
0000fff0  __TI_int08                                      
0000fff2  __TI_int09                                      
0000fff4  __TI_int10                                      
0000fff8  __TI_int12                                      
0000fffa  __TI_int13                                      
0000fffc  __TI_int14                                      
0000fffe  _reset_vector                                   
ffffffff  __TI_pprof_out_hndl                             
ffffffff  __TI_prof_data_size                             
ffffffff  __TI_prof_data_start                            
ffffffff  __c_args__                                      
UNDEFED   __TI_BINIT_Base                                 
UNDEFED   __TI_BINIT_Limit                                

[377 symbols]
