<?xml version="1.0"?>
<link_info>
   <banner>MSP430 Linker PC v16.9.6.LTS</banner>
   <copyright>Copyright (c) 2003-2017 Texas Instruments Incorporated</copyright>
   <link_time>0x5b43777c</link_time>
   <link_errors>0x0</link_errors>
   <output_file>auxbots.out</output_file>
   <entry_point>
      <name>_c_int00_noargs_noexit</name>
      <address>0xac2c</address>
   </entry_point>
   <input_file_list>
      <input_file id="fl-2">
         <path>.\Applications\application\Access Point\</path>
         <kind>object</kind>
         <file>main_AP_Async_TalkandListen_.obj</file>
         <name>main_AP_Async_TalkandListen_.obj</name>
      </input_file>
      <input_file id="fl-3">
         <path>.\Components\bsp\</path>
         <kind>object</kind>
         <file>bsp.obj</file>
         <name>bsp.obj</name>
      </input_file>
      <input_file id="fl-4">
         <path>.\Components\mrfi\</path>
         <kind>object</kind>
         <file>mrfi.obj</file>
         <name>mrfi.obj</name>
      </input_file>
      <input_file id="fl-5">
         <path>.\Components\simpliciti\nwk\</path>
         <kind>object</kind>
         <file>nwk.obj</file>
         <name>nwk.obj</name>
      </input_file>
      <input_file id="fl-6">
         <path>.\Components\simpliciti\nwk\</path>
         <kind>object</kind>
         <file>nwk_QMgmt.obj</file>
         <name>nwk_QMgmt.obj</name>
      </input_file>
      <input_file id="fl-7">
         <path>.\Components\simpliciti\nwk\</path>
         <kind>object</kind>
         <file>nwk_api.obj</file>
         <name>nwk_api.obj</name>
      </input_file>
      <input_file id="fl-8">
         <path>.\Components\simpliciti\nwk\</path>
         <kind>object</kind>
         <file>nwk_frame.obj</file>
         <name>nwk_frame.obj</name>
      </input_file>
      <input_file id="fl-9">
         <path>.\Components\simpliciti\nwk\</path>
         <kind>object</kind>
         <file>nwk_globals.obj</file>
         <name>nwk_globals.obj</name>
      </input_file>
      <input_file id="fl-a">
         <path>.\Components\simpliciti\nwk_applications\</path>
         <kind>object</kind>
         <file>nwk_freq.obj</file>
         <name>nwk_freq.obj</name>
      </input_file>
      <input_file id="fl-b">
         <path>.\Components\simpliciti\nwk_applications\</path>
         <kind>object</kind>
         <file>nwk_ioctl.obj</file>
         <name>nwk_ioctl.obj</name>
      </input_file>
      <input_file id="fl-c">
         <path>.\Components\simpliciti\nwk_applications\</path>
         <kind>object</kind>
         <file>nwk_join.obj</file>
         <name>nwk_join.obj</name>
      </input_file>
      <input_file id="fl-d">
         <path>.\Components\simpliciti\nwk_applications\</path>
         <kind>object</kind>
         <file>nwk_link.obj</file>
         <name>nwk_link.obj</name>
      </input_file>
      <input_file id="fl-e">
         <path>.\Components\simpliciti\nwk_applications\</path>
         <kind>object</kind>
         <file>nwk_mgmt.obj</file>
         <name>nwk_mgmt.obj</name>
      </input_file>
      <input_file id="fl-f">
         <path>.\Components\simpliciti\nwk_applications\</path>
         <kind>object</kind>
         <file>nwk_ping.obj</file>
         <name>nwk_ping.obj</name>
      </input_file>
      <input_file id="fl-10">
         <path>.\Components\simpliciti\nwk_applications\</path>
         <kind>object</kind>
         <file>nwk_security.obj</file>
         <name>nwk_security.obj</name>
      </input_file>
      <input_file id="fl-11">
         <path>.\utils\</path>
         <kind>object</kind>
         <file>UART_HANDLER.obj</file>
         <name>UART_HANDLER.obj</name>
      </input_file>
      <input_file id="fl-12">
         <path>.\utils\</path>
         <kind>object</kind>
         <file>utils.obj</file>
         <name>utils.obj</name>
      </input_file>
      <input_file id="fl-17">
         <kind>object</kind>
         <file>&lt;internal&gt;</file>
         <name>&lt;internal&gt;</name>
      </input_file>
      <input_file id="fl-2d">
         <path>C:\ti\ccsv7\tools\compiler\ti-cgt-msp430_16.9.6.LTS\lib\</path>
         <kind>archive</kind>
         <file>rts430_eabi.lib</file>
         <name>addd.obj</name>
      </input_file>
      <input_file id="fl-2e">
         <path>C:\ti\ccsv7\tools\compiler\ti-cgt-msp430_16.9.6.LTS\lib\</path>
         <kind>archive</kind>
         <file>rts430_eabi.lib</file>
         <name>asr16.obj</name>
      </input_file>
      <input_file id="fl-2f">
         <path>C:\ti\ccsv7\tools\compiler\ti-cgt-msp430_16.9.6.LTS\lib\</path>
         <kind>archive</kind>
         <file>rts430_eabi.lib</file>
         <name>asr32.obj</name>
      </input_file>
      <input_file id="fl-30">
         <path>C:\ti\ccsv7\tools\compiler\ti-cgt-msp430_16.9.6.LTS\lib\</path>
         <kind>archive</kind>
         <file>rts430_eabi.lib</file>
         <name>boot.obj</name>
      </input_file>
      <input_file id="fl-31">
         <path>C:\ti\ccsv7\tools\compiler\ti-cgt-msp430_16.9.6.LTS\lib\</path>
         <kind>archive</kind>
         <file>rts430_eabi.lib</file>
         <name>boot_special.obj</name>
      </input_file>
      <input_file id="fl-32">
         <path>C:\ti\ccsv7\tools\compiler\ti-cgt-msp430_16.9.6.LTS\lib\</path>
         <kind>archive</kind>
         <file>rts430_eabi.lib</file>
         <name>copy_decompress_lzss.obj</name>
      </input_file>
      <input_file id="fl-33">
         <path>C:\ti\ccsv7\tools\compiler\ti-cgt-msp430_16.9.6.LTS\lib\</path>
         <kind>archive</kind>
         <file>rts430_eabi.lib</file>
         <name>copy_decompress_none.obj</name>
      </input_file>
      <input_file id="fl-34">
         <path>C:\ti\ccsv7\tools\compiler\ti-cgt-msp430_16.9.6.LTS\lib\</path>
         <kind>archive</kind>
         <file>rts430_eabi.lib</file>
         <name>copy_zero_init.obj</name>
      </input_file>
      <input_file id="fl-35">
         <path>C:\ti\ccsv7\tools\compiler\ti-cgt-msp430_16.9.6.LTS\lib\</path>
         <kind>archive</kind>
         <file>rts430_eabi.lib</file>
         <name>cvtdf.obj</name>
      </input_file>
      <input_file id="fl-36">
         <path>C:\ti\ccsv7\tools\compiler\ti-cgt-msp430_16.9.6.LTS\lib\</path>
         <kind>archive</kind>
         <file>rts430_eabi.lib</file>
         <name>cvtfd.obj</name>
      </input_file>
      <input_file id="fl-37">
         <path>C:\ti\ccsv7\tools\compiler\ti-cgt-msp430_16.9.6.LTS\lib\</path>
         <kind>archive</kind>
         <file>rts430_eabi.lib</file>
         <name>div16s.obj</name>
      </input_file>
      <input_file id="fl-38">
         <path>C:\ti\ccsv7\tools\compiler\ti-cgt-msp430_16.9.6.LTS\lib\</path>
         <kind>archive</kind>
         <file>rts430_eabi.lib</file>
         <name>div16u.obj</name>
      </input_file>
      <input_file id="fl-39">
         <path>C:\ti\ccsv7\tools\compiler\ti-cgt-msp430_16.9.6.LTS\lib\</path>
         <kind>archive</kind>
         <file>rts430_eabi.lib</file>
         <name>div32u.obj</name>
      </input_file>
      <input_file id="fl-3a">
         <path>C:\ti\ccsv7\tools\compiler\ti-cgt-msp430_16.9.6.LTS\lib\</path>
         <kind>archive</kind>
         <file>rts430_eabi.lib</file>
         <name>epilog.obj</name>
      </input_file>
      <input_file id="fl-3b">
         <path>C:\ti\ccsv7\tools\compiler\ti-cgt-msp430_16.9.6.LTS\lib\</path>
         <kind>archive</kind>
         <file>rts430_eabi.lib</file>
         <name>exit.obj</name>
      </input_file>
      <input_file id="fl-3c">
         <path>C:\ti\ccsv7\tools\compiler\ti-cgt-msp430_16.9.6.LTS\lib\</path>
         <kind>archive</kind>
         <file>rts430_eabi.lib</file>
         <name>exit_gvars.obj</name>
      </input_file>
      <input_file id="fl-3d">
         <path>C:\ti\ccsv7\tools\compiler\ti-cgt-msp430_16.9.6.LTS\lib\</path>
         <kind>archive</kind>
         <file>rts430_eabi.lib</file>
         <name>frcaddd.obj</name>
      </input_file>
      <input_file id="fl-3e">
         <path>C:\ti\ccsv7\tools\compiler\ti-cgt-msp430_16.9.6.LTS\lib\</path>
         <kind>archive</kind>
         <file>rts430_eabi.lib</file>
         <name>fs_add.obj</name>
      </input_file>
      <input_file id="fl-3f">
         <path>C:\ti\ccsv7\tools\compiler\ti-cgt-msp430_16.9.6.LTS\lib\</path>
         <kind>archive</kind>
         <file>rts430_eabi.lib</file>
         <name>fs_cmp.obj</name>
      </input_file>
      <input_file id="fl-40">
         <path>C:\ti\ccsv7\tools\compiler\ti-cgt-msp430_16.9.6.LTS\lib\</path>
         <kind>archive</kind>
         <file>rts430_eabi.lib</file>
         <name>int02.obj</name>
      </input_file>
      <input_file id="fl-41">
         <path>C:\ti\ccsv7\tools\compiler\ti-cgt-msp430_16.9.6.LTS\lib\</path>
         <kind>archive</kind>
         <file>rts430_eabi.lib</file>
         <name>int05.obj</name>
      </input_file>
      <input_file id="fl-42">
         <path>C:\ti\ccsv7\tools\compiler\ti-cgt-msp430_16.9.6.LTS\lib\</path>
         <kind>archive</kind>
         <file>rts430_eabi.lib</file>
         <name>int08.obj</name>
      </input_file>
      <input_file id="fl-43">
         <path>C:\ti\ccsv7\tools\compiler\ti-cgt-msp430_16.9.6.LTS\lib\</path>
         <kind>archive</kind>
         <file>rts430_eabi.lib</file>
         <name>int10.obj</name>
      </input_file>
      <input_file id="fl-44">
         <path>C:\ti\ccsv7\tools\compiler\ti-cgt-msp430_16.9.6.LTS\lib\</path>
         <kind>archive</kind>
         <file>rts430_eabi.lib</file>
         <name>int12.obj</name>
      </input_file>
      <input_file id="fl-45">
         <path>C:\ti\ccsv7\tools\compiler\ti-cgt-msp430_16.9.6.LTS\lib\</path>
         <kind>archive</kind>
         <file>rts430_eabi.lib</file>
         <name>int13.obj</name>
      </input_file>
      <input_file id="fl-46">
         <path>C:\ti\ccsv7\tools\compiler\ti-cgt-msp430_16.9.6.LTS\lib\</path>
         <kind>archive</kind>
         <file>rts430_eabi.lib</file>
         <name>int14.obj</name>
      </input_file>
      <input_file id="fl-47">
         <path>C:\ti\ccsv7\tools\compiler\ti-cgt-msp430_16.9.6.LTS\lib\</path>
         <kind>archive</kind>
         <file>rts430_eabi.lib</file>
         <name>isr_trap.obj</name>
      </input_file>
      <input_file id="fl-48">
         <path>C:\ti\ccsv7\tools\compiler\ti-cgt-msp430_16.9.6.LTS\lib\</path>
         <kind>archive</kind>
         <file>rts430_eabi.lib</file>
         <name>lsl16.obj</name>
      </input_file>
      <input_file id="fl-49">
         <path>C:\ti\ccsv7\tools\compiler\ti-cgt-msp430_16.9.6.LTS\lib\</path>
         <kind>archive</kind>
         <file>rts430_eabi.lib</file>
         <name>lsl32.obj</name>
      </input_file>
      <input_file id="fl-4a">
         <path>C:\ti\ccsv7\tools\compiler\ti-cgt-msp430_16.9.6.LTS\lib\</path>
         <kind>archive</kind>
         <file>rts430_eabi.lib</file>
         <name>lsr16.obj</name>
      </input_file>
      <input_file id="fl-4b">
         <path>C:\ti\ccsv7\tools\compiler\ti-cgt-msp430_16.9.6.LTS\lib\</path>
         <kind>archive</kind>
         <file>rts430_eabi.lib</file>
         <name>lsr32.obj</name>
      </input_file>
      <input_file id="fl-4c">
         <path>C:\ti\ccsv7\tools\compiler\ti-cgt-msp430_16.9.6.LTS\lib\</path>
         <kind>archive</kind>
         <file>rts430_eabi.lib</file>
         <name>lsr64.obj</name>
      </input_file>
      <input_file id="fl-4d">
         <path>C:\ti\ccsv7\tools\compiler\ti-cgt-msp430_16.9.6.LTS\lib\</path>
         <kind>archive</kind>
         <file>rts430_eabi.lib</file>
         <name>memcmp.obj</name>
      </input_file>
      <input_file id="fl-4e">
         <path>C:\ti\ccsv7\tools\compiler\ti-cgt-msp430_16.9.6.LTS\lib\</path>
         <kind>archive</kind>
         <file>rts430_eabi.lib</file>
         <name>memcpy.obj</name>
      </input_file>
      <input_file id="fl-4f">
         <path>C:\ti\ccsv7\tools\compiler\ti-cgt-msp430_16.9.6.LTS\lib\</path>
         <kind>archive</kind>
         <file>rts430_eabi.lib</file>
         <name>memmov.obj</name>
      </input_file>
      <input_file id="fl-50">
         <path>C:\ti\ccsv7\tools\compiler\ti-cgt-msp430_16.9.6.LTS\lib\</path>
         <kind>archive</kind>
         <file>rts430_eabi.lib</file>
         <name>memset.obj</name>
      </input_file>
      <input_file id="fl-51">
         <path>C:\ti\ccsv7\tools\compiler\ti-cgt-msp430_16.9.6.LTS\lib\</path>
         <kind>archive</kind>
         <file>rts430_eabi.lib</file>
         <name>mpu_init.obj</name>
      </input_file>
      <input_file id="fl-52">
         <path>C:\ti\ccsv7\tools\compiler\ti-cgt-msp430_16.9.6.LTS\lib\</path>
         <kind>archive</kind>
         <file>rts430_eabi.lib</file>
         <name>mult16.obj</name>
      </input_file>
      <input_file id="fl-53">
         <path>C:\ti\ccsv7\tools\compiler\ti-cgt-msp430_16.9.6.LTS\lib\</path>
         <kind>archive</kind>
         <file>rts430_eabi.lib</file>
         <name>mult32.obj</name>
      </input_file>
      <input_file id="fl-54">
         <path>C:\ti\ccsv7\tools\compiler\ti-cgt-msp430_16.9.6.LTS\lib\</path>
         <kind>archive</kind>
         <file>rts430_eabi.lib</file>
         <name>renormd.obj</name>
      </input_file>
      <input_file id="fl-55">
         <path>C:\ti\ccsv7\tools\compiler\ti-cgt-msp430_16.9.6.LTS\lib\</path>
         <kind>archive</kind>
         <file>rts430_eabi.lib</file>
         <name>rotl16.obj</name>
      </input_file>
      <input_file id="fl-56">
         <path>C:\ti\ccsv7\tools\compiler\ti-cgt-msp430_16.9.6.LTS\lib\</path>
         <kind>archive</kind>
         <file>rts430_eabi.lib</file>
         <name>_lock.obj</name>
      </input_file>
      <input_file id="fl-57">
         <path>C:\ti\ccsv7\tools\compiler\ti-cgt-msp430_16.9.6.LTS\lib\</path>
         <kind>archive</kind>
         <file>rts430_eabi.lib</file>
         <name>args_main.obj</name>
      </input_file>
      <input_file id="fl-58">
         <path>C:\ti\ccsv7\tools\compiler\ti-cgt-msp430_16.9.6.LTS\lib\</path>
         <kind>archive</kind>
         <file>rts430_eabi.lib</file>
         <name>autoinit.obj</name>
      </input_file>
      <input_file id="fl-59">
         <path>C:\ti\ccsv7\tools\compiler\ti-cgt-msp430_16.9.6.LTS\lib\</path>
         <kind>archive</kind>
         <file>rts430_eabi.lib</file>
         <name>cpy_tbl.obj</name>
      </input_file>
      <input_file id="fl-5a">
         <path>C:\ti\ccsv7\tools\compiler\ti-cgt-msp430_16.9.6.LTS\lib\</path>
         <kind>archive</kind>
         <file>rts430_eabi.lib</file>
         <name>startup.obj</name>
      </input_file>
   </input_file_list>
   <object_component_list>
      <object_component id="oc-211">
         <name>.bss</name>
         <uninitialized>true</uninitialized>
         <run_address>0x478</run_address>
         <size>0x4</size>
         <input_file_ref idref="fl-2"/>
      </object_component>
      <object_component id="oc-371">
         <name>.bss:mrfiIncomingPacket</name>
         <uninitialized>true</uninitialized>
         <run_address>0x3f8</run_address>
         <size>0x2e</size>
         <input_file_ref idref="fl-4"/>
      </object_component>
      <object_component id="oc-577">
         <name>.bss:sInFrameQ</name>
         <uninitialized>true</uninitialized>
         <run_address>0x200</run_address>
         <size>0x120</size>
         <input_file_ref idref="fl-6"/>
      </object_component>
      <object_component id="oc-57a">
         <name>.bss:sOutFrameQ</name>
         <uninitialized>true</uninitialized>
         <run_address>0x320</run_address>
         <size>0x60</size>
         <input_file_ref idref="fl-6"/>
      </object_component>
      <object_component id="oc-56c">
         <name>.bss:sAPAddress</name>
         <uninitialized>true</uninitialized>
         <run_address>0x47c</run_address>
         <size>0x4</size>
         <input_file_ref idref="fl-9"/>
      </object_component>
      <object_component id="oc-526">
         <name>.bss:sMyRAMAddress</name>
         <uninitialized>true</uninitialized>
         <run_address>0x480</run_address>
         <size>0x4</size>
         <input_file_ref idref="fl-9"/>
      </object_component>
      <object_component id="oc-5a1">
         <name>.bss:sServiceLinkID</name>
         <uninitialized>true</uninitialized>
         <run_address>0x46a</run_address>
         <size>0x8</size>
         <input_file_ref idref="fl-d"/>
      </object_component>
      <object_component id="oc-1a5">
         <name>.bss:UART_RX_BUFFER</name>
         <uninitialized>true</uninitialized>
         <run_address>0x446</run_address>
         <size>0x12</size>
         <input_file_ref idref="fl-11"/>
      </object_component>
      <object_component id="oc-19e">
         <name>.bss:UART_TX_BUFFER</name>
         <uninitialized>true</uninitialized>
         <run_address>0x458</run_address>
         <size>0x12</size>
         <input_file_ref idref="fl-11"/>
      </object_component>
      <object_component id="oc-219">
         <name>.common:TX_Time_msg</name>
         <uninitialized>true</uninitialized>
         <run_address>0x472</run_address>
         <size>0x6</size>
      </object_component>
      <object_component id="oc-228">
         <name>.common:TX_msg</name>
         <uninitialized>true</uninitialized>
         <run_address>0x426</run_address>
         <size>0x20</size>
      </object_component>
      <object_component id="oc-243">
         <name>.common:RX_ser_buf</name>
         <uninitialized>true</uninitialized>
         <run_address>0x380</run_address>
         <size>0x3c</size>
      </object_component>
      <object_component id="oc-244">
         <name>.common:TX_ser_buf</name>
         <uninitialized>true</uninitialized>
         <run_address>0x3bc</run_address>
         <size>0x3c</size>
      </object_component>
      <object_component id="oc-1a9">
         <name>.data</name>
         <load_address>0x522</load_address>
         <run_address>0x522</run_address>
         <size>0x6</size>
         <input_file_ref idref="fl-2"/>
      </object_component>
      <object_component id="oc-1f6">
         <name>.data:lAddr</name>
         <load_address>0x528</load_address>
         <run_address>0x528</run_address>
         <size>0x4</size>
         <input_file_ref idref="fl-2"/>
      </object_component>
      <object_component id="oc-3c5">
         <name>.data</name>
         <load_address>0x507</load_address>
         <run_address>0x507</run_address>
         <size>0x1</size>
         <input_file_ref idref="fl-3"/>
      </object_component>
      <object_component id="oc-362">
         <name>.data</name>
         <load_address>0x508</load_address>
         <run_address>0x508</run_address>
         <size>0x9</size>
         <input_file_ref idref="fl-4"/>
      </object_component>
      <object_component id="oc-4de">
         <name>.data:mrfiRxFilterAddr</name>
         <load_address>0x52c</load_address>
         <run_address>0x52c</run_address>
         <size>0x4</size>
         <input_file_ref idref="fl-4"/>
      </object_component>
      <object_component id="oc-46c">
         <name>.data:sPersistInfo</name>
         <load_address>0x484</load_address>
         <run_address>0x484</run_address>
         <size>0x78</size>
         <input_file_ref idref="fl-5"/>
      </object_component>
      <object_component id="oc-2d7">
         <name>.data</name>
         <load_address>0x511</load_address>
         <run_address>0x511</run_address>
         <size>0x1</size>
         <input_file_ref idref="fl-7"/>
      </object_component>
      <object_component id="oc-535">
         <name>.data</name>
         <load_address>0x512</load_address>
         <run_address>0x512</run_address>
         <size>0x8</size>
         <input_file_ref idref="fl-8"/>
      </object_component>
      <object_component id="oc-523">
         <name>.data</name>
         <load_address>0x521</load_address>
         <run_address>0x521</run_address>
         <size>0x1</size>
         <input_file_ref idref="fl-9"/>
      </object_component>
      <object_component id="oc-52e">
         <name>.data</name>
         <load_address>0x4fc</load_address>
         <run_address>0x4fc</run_address>
         <size>0xb</size>
         <input_file_ref idref="fl-c"/>
      </object_component>
      <object_component id="oc-59e">
         <name>.data</name>
         <load_address>0x51a</load_address>
         <run_address>0x51a</run_address>
         <size>0x7</size>
         <input_file_ref idref="fl-d"/>
      </object_component>
      <object_component id="oc-59a">
         <name>.data:sSFMarker</name>
         <load_address>0x530</load_address>
         <run_address>0x530</run_address>
         <size>0x3</size>
         <input_file_ref idref="fl-e"/>
      </object_component>
      <object_component id="oc-597">
         <name>.data</name>
         <load_address>0x533</load_address>
         <run_address>0x533</run_address>
         <size>0x1</size>
         <input_file_ref idref="fl-e"/>
      </object_component>
      <object_component id="oc-57f">
         <name>.data</name>
         <load_address>0x534</load_address>
         <run_address>0x534</run_address>
         <size>0x1</size>
         <input_file_ref idref="fl-f"/>
      </object_component>
      <object_component id="oc-ee">
         <name>.stack</name>
         <uninitialized>true</uninitialized>
         <run_address>0x5b0</run_address>
         <size>0x2</size>
         <input_file_ref idref="fl-30"/>
      </object_component>
      <object_component id="oc-75a">
         <name>.stack</name>
         <uninitialized>true</uninitialized>
         <run_address>0x5b0</run_address>
         <size>0x0</size>
      </object_component>
      <object_component id="oc-1b2">
         <name>.text:__mspabi_addd</name>
         <load_address>0x8000</load_address>
         <run_address>0x8000</run_address>
         <size>0x2e8</size>
         <input_file_ref idref="fl-2d"/>
      </object_component>
      <object_component id="oc-279">
         <name>.text:__TI_frcaddd</name>
         <load_address>0x82e8</load_address>
         <run_address>0x82e8</run_address>
         <size>0x260</size>
         <input_file_ref idref="fl-3d"/>
      </object_component>
      <object_component id="oc-318">
         <name>.text:MRFI_Init</name>
         <load_address>0x8548</load_address>
         <run_address>0x8548</run_address>
         <size>0x1c6</size>
         <input_file_ref idref="fl-4"/>
      </object_component>
      <object_component id="oc-695">
         <name>.text:smpl_send_link_reply</name>
         <load_address>0x870e</load_address>
         <run_address>0x870e</run_address>
         <size>0x1a4</size>
         <input_file_ref idref="fl-d"/>
      </object_component>
      <object_component id="oc-540">
         <name>.text:nwk_QfindOldest</name>
         <load_address>0x88b2</load_address>
         <run_address>0x88b2</run_address>
         <size>0x16c</size>
         <input_file_ref idref="fl-6"/>
      </object_component>
      <object_component id="oc-4f7">
         <name>.text:dispatchFrame</name>
         <load_address>0x8a1e</load_address>
         <run_address>0x8a1e</run_address>
         <size>0x14e</size>
         <input_file_ref idref="fl-8"/>
      </object_component>
      <object_component id="oc-15d">
         <name>.text:main</name>
         <load_address>0x8b6c</load_address>
         <run_address>0x8b6c</run_address>
         <size>0x13a</size>
         <input_file_ref idref="fl-2"/>
      </object_component>
      <object_component id="oc-223">
         <name>.text</name>
         <load_address>0x8ca6</load_address>
         <run_address>0x8ca6</run_address>
         <size>0x132</size>
         <input_file_ref idref="fl-3e"/>
      </object_component>
      <object_component id="oc-69c">
         <name>.text:smpl_send_join_reply</name>
         <load_address>0x8dd8</load_address>
         <run_address>0x8dd8</run_address>
         <size>0x10e</size>
         <input_file_ref idref="fl-c"/>
      </object_component>
      <object_component id="oc-539">
         <name>.text:MRFI_Transmit</name>
         <load_address>0x8ee6</load_address>
         <run_address>0x8ee6</run_address>
         <size>0x102</size>
         <input_file_ref idref="fl-4"/>
      </object_component>
      <object_component id="oc-24a">
         <name>.text:Mrfi_SyncPinRxIsr</name>
         <load_address>0x8fe8</load_address>
         <run_address>0x8fe8</run_address>
         <size>0xda</size>
         <input_file_ref idref="fl-4"/>
      </object_component>
      <object_component id="oc-6c7">
         <name>.text:nwk_allocateLocalRxPort</name>
         <load_address>0x90c2</load_address>
         <run_address>0x90c2</run_address>
         <size>0xd8</size>
         <input_file_ref idref="fl-5"/>
      </object_component>
      <object_component id="oc-177">
         <name>.text:__sti___16_UART_HANDLER_cpp_3daaade3</name>
         <load_address>0x919a</load_address>
         <run_address>0x919a</run_address>
         <size>0xd2</size>
         <input_file_ref idref="fl-11"/>
      </object_component>
      <object_component id="oc-3ab">
         <name>.text:__TI_renormd</name>
         <load_address>0x926c</load_address>
         <run_address>0x926c</run_address>
         <size>0xbe</size>
         <input_file_ref idref="fl-54"/>
      </object_component>
      <object_component id="oc-1f9">
         <name>.text:SMPL_Ioctl</name>
         <load_address>0x932a</load_address>
         <run_address>0x932a</run_address>
         <size>0xbc</size>
         <input_file_ref idref="fl-7"/>
      </object_component>
      <object_component id="oc-421">
         <name>.text:nwk_retrieveFrame</name>
         <load_address>0x93e6</load_address>
         <run_address>0x93e6</run_address>
         <size>0xb2</size>
         <input_file_ref idref="fl-8"/>
      </object_component>
      <object_component id="oc-6f9">
         <name>.text:nwk_SendEmptyPollRspFrame</name>
         <load_address>0x9498</load_address>
         <run_address>0x9498</run_address>
         <size>0xac</size>
         <input_file_ref idref="fl-8"/>
      </object_component>
      <object_component id="oc-5cd">
         <name>.text:isDupSandFFrame</name>
         <load_address>0x9544</load_address>
         <run_address>0x9544</run_address>
         <size>0xa0</size>
         <input_file_ref idref="fl-8"/>
      </object_component>
      <object_component id="oc-414">
         <name>.text:nwk_buildFrame</name>
         <load_address>0x95e4</load_address>
         <run_address>0x95e4</run_address>
         <size>0x9e</size>
         <input_file_ref idref="fl-8"/>
      </object_component>
      <object_component id="oc-351">
         <name>.text:SMPL_SendOpt</name>
         <load_address>0x9682</load_address>
         <run_address>0x9682</run_address>
         <size>0x9c</size>
         <input_file_ref idref="fl-7"/>
      </object_component>
      <object_component id="oc-6a7">
         <name>.text:send_poll_reply</name>
         <load_address>0x971e</load_address>
         <run_address>0x971e</run_address>
         <size>0x92</size>
         <input_file_ref idref="fl-e"/>
      </object_component>
      <object_component id="oc-1b8">
         <name>.text:__mspabi_cvtdf</name>
         <load_address>0x97b0</load_address>
         <run_address>0x97b0</run_address>
         <size>0x8c</size>
         <input_file_ref idref="fl-35"/>
      </object_component>
      <object_component id="oc-4eb">
         <name>.text:nwk_QfindSlot</name>
         <load_address>0x983c</load_address>
         <run_address>0x983c</run_address>
         <size>0x86</size>
         <input_file_ref idref="fl-6"/>
      </object_component>
      <object_component id="oc-31e">
         <name>.text:nwk_nwkInit</name>
         <load_address>0x98c2</load_address>
         <run_address>0x98c2</run_address>
         <size>0x86</size>
         <input_file_ref idref="fl-5"/>
      </object_component>
      <object_component id="oc-4d3">
         <name>.text:spiBurstFifoAccess</name>
         <load_address>0x9948</load_address>
         <run_address>0x9948</run_address>
         <size>0x86</size>
         <input_file_ref idref="fl-4"/>
      </object_component>
      <object_component id="oc-32">
         <name>.text:decompress:lzss:__TI_decompress_lzss</name>
         <load_address>0x99ce</load_address>
         <run_address>0x99ce</run_address>
         <size>0x7c</size>
         <input_file_ref idref="fl-32"/>
      </object_component>
      <object_component id="oc-6f3">
         <name>.text:nwk_getSandFFrame</name>
         <load_address>0x9a4a</load_address>
         <run_address>0x9a4a</run_address>
         <size>0x7c</size>
         <input_file_ref idref="fl-8"/>
      </object_component>
      <object_component id="oc-2fe">
         <name>.text:nwk_radioControl</name>
         <load_address>0x9ac6</load_address>
         <run_address>0x9ac6</run_address>
         <size>0x7c</size>
         <input_file_ref idref="fl-b"/>
      </object_component>
      <object_component id="oc-1ac">
         <name>.text:__mspabi_cvtfd</name>
         <load_address>0x9b42</load_address>
         <run_address>0x9b42</run_address>
         <size>0x72</size>
         <input_file_ref idref="fl-36"/>
      </object_component>
      <object_component id="oc-143">
         <name>.text:_auto_init</name>
         <load_address>0x9bb4</load_address>
         <run_address>0x9bb4</run_address>
         <size>0x6e</size>
         <input_file_ref idref="fl-58"/>
      </object_component>
      <object_component id="oc-6e0">
         <name>.text:nwk_saveJoinedDevice</name>
         <load_address>0x9c22</load_address>
         <run_address>0x9c22</run_address>
         <size>0x6a</size>
         <input_file_ref idref="fl-5"/>
      </object_component>
      <object_component id="oc-5d3">
         <name>.text:nwk_isConnectionValid</name>
         <load_address>0x9c8c</load_address>
         <run_address>0x9c8c</run_address>
         <size>0x68</size>
         <input_file_ref idref="fl-5"/>
      </object_component>
      <object_component id="oc-1ea">
         <name>.text:_Z9Init_UARTv</name>
         <load_address>0x9cf4</load_address>
         <run_address>0x9cf4</run_address>
         <size>0x66</size>
         <input_file_ref idref="fl-11"/>
      </object_component>
      <object_component id="oc-508">
         <name>.text:l_lsr_const</name>
         <load_address>0x9d5a</load_address>
         <run_address>0x9d5a</run_address>
         <size>0x5c</size>
         <input_file_ref idref="fl-4b"/>
      </object_component>
      <object_component id="oc-1c2">
         <name>.text:copy_in</name>
         <load_address>0x9db6</load_address>
         <run_address>0x9db6</run_address>
         <size>0x5a</size>
         <input_file_ref idref="fl-59"/>
      </object_component>
      <object_component id="oc-466">
         <name>.text</name>
         <load_address>0x9e10</load_address>
         <run_address>0x9e10</run_address>
         <size>0x58</size>
         <input_file_ref idref="fl-39"/>
      </object_component>
      <object_component id="oc-130">
         <name>.text:_Z11TIMERA0_ISRv</name>
         <load_address>0x9e68</load_address>
         <run_address>0x9e68</run_address>
         <size>0x56</size>
         <input_file_ref idref="fl-2"/>
      </object_component>
      <object_component id="oc-324">
         <name>.text:MRFI_WakeUp</name>
         <load_address>0x9ebe</load_address>
         <run_address>0x9ebe</run_address>
         <size>0x54</size>
         <input_file_ref idref="fl-4"/>
      </object_component>
      <object_component id="oc-304">
         <name>.text:nwk_rawSend</name>
         <load_address>0x9f12</load_address>
         <run_address>0x9f12</run_address>
         <size>0x54</size>
         <input_file_ref idref="fl-b"/>
      </object_component>
      <object_component id="oc-6c1">
         <name>.text:nwk_getNextConnection</name>
         <load_address>0x9f66</load_address>
         <run_address>0x9f66</run_address>
         <size>0x50</size>
         <input_file_ref idref="fl-5"/>
      </object_component>
      <object_component id="oc-f7">
         <name>.text</name>
         <load_address>0x9fb6</load_address>
         <run_address>0x9fb6</run_address>
         <size>0x4c</size>
         <input_file_ref idref="fl-4a"/>
      </object_component>
      <object_component id="oc-38c">
         <name>.text:mrfiSpiCmdStrobe</name>
         <load_address>0xa002</load_address>
         <run_address>0xa002</run_address>
         <size>0x4a</size>
         <input_file_ref idref="fl-4"/>
      </object_component>
      <object_component id="oc-214">
         <name>.text</name>
         <load_address>0xa04c</load_address>
         <run_address>0xa04c</run_address>
         <size>0x4a</size>
         <input_file_ref idref="fl-3f"/>
      </object_component>
      <object_component id="oc-63b">
         <name>.text:nwk_processMgmt</name>
         <load_address>0xa096</load_address>
         <run_address>0xa096</run_address>
         <size>0x48</size>
         <input_file_ref idref="fl-e"/>
      </object_component>
      <object_component id="oc-37a">
         <name>.text:MRFI_RxAddrIsFiltered</name>
         <load_address>0xa0de</load_address>
         <run_address>0xa0de</run_address>
         <size>0x46</size>
         <input_file_ref idref="fl-4"/>
      </object_component>
      <object_component id="oc-6bb">
         <name>.text:nwk_findAlreadyJoined</name>
         <load_address>0xa124</load_address>
         <run_address>0xa124</run_address>
         <size>0x46</size>
         <input_file_ref idref="fl-5"/>
      </object_component>
      <object_component id="oc-6b5">
         <name>.text:nwk_isLinkDuplicate</name>
         <load_address>0xa16a</load_address>
         <run_address>0xa16a</run_address>
         <size>0x46</size>
         <input_file_ref idref="fl-5"/>
      </object_component>
      <object_component id="oc-68e">
         <name>.text:smpl_send_ping_reply</name>
         <load_address>0xa1b0</load_address>
         <run_address>0xa1b0</run_address>
         <size>0x46</size>
         <input_file_ref idref="fl-f"/>
      </object_component>
      <object_component id="oc-407">
         <name>.text:MRFI_Rssi</name>
         <load_address>0xa1f6</load_address>
         <run_address>0xa1f6</run_address>
         <size>0x44</size>
         <input_file_ref idref="fl-4"/>
      </object_component>
      <object_component id="oc-35b">
         <name>.text:_Z17tx_bytes_to_slavePhi</name>
         <load_address>0xa23a</load_address>
         <run_address>0xa23a</run_address>
         <size>0x44</size>
         <input_file_ref idref="fl-11"/>
      </object_component>
      <object_component id="oc-4cc">
         <name>.text:spiRegAccess</name>
         <load_address>0xa27e</load_address>
         <run_address>0xa27e</run_address>
         <size>0x44</size>
         <input_file_ref idref="fl-4"/>
      </object_component>
      <object_component id="oc-235">
         <name>.text:_Z10ParseRXCmdi</name>
         <load_address>0xa2c2</load_address>
         <run_address>0xa2c2</run_address>
         <size>0x42</size>
         <input_file_ref idref="fl-2"/>
      </object_component>
      <object_component id="oc-4c1">
         <name>.text:nwk_isSandFClient</name>
         <load_address>0xa304</load_address>
         <run_address>0xa304</run_address>
         <size>0x40</size>
         <input_file_ref idref="fl-c"/>
      </object_component>
      <object_component id="oc-708">
         <name>.text:initializeConnection</name>
         <load_address>0xa344</load_address>
         <run_address>0xa344</run_address>
         <size>0x3e</size>
         <input_file_ref idref="fl-5"/>
      </object_component>
      <object_component id="oc-26d">
         <name>.text:l_asr_const</name>
         <load_address>0xa382</load_address>
         <run_address>0xa382</run_address>
         <size>0x3e</size>
         <input_file_ref idref="fl-2f"/>
      </object_component>
      <object_component id="oc-286">
         <name>.text:l_lsl_const</name>
         <load_address>0xa3c0</load_address>
         <run_address>0xa3c0</run_address>
         <size>0x3e</size>
         <input_file_ref idref="fl-49"/>
      </object_component>
      <object_component id="oc-629">
         <name>.text:nwk_processJoin</name>
         <load_address>0xa3fe</load_address>
         <run_address>0xa3fe</run_address>
         <size>0x3e</size>
         <input_file_ref idref="fl-c"/>
      </object_component>
      <object_component id="oc-6da">
         <name>.text:nwk_putNumObjectIntoMsg</name>
         <load_address>0xa43c</load_address>
         <run_address>0xa43c</run_address>
         <size>0x3c</size>
         <input_file_ref idref="fl-5"/>
      </object_component>
      <object_component id="oc-124">
         <name>.text:_Z13USCIAB0TX_ISRv</name>
         <load_address>0xa478</load_address>
         <run_address>0xa478</run_address>
         <size>0x3a</size>
         <input_file_ref idref="fl-11"/>
      </object_component>
      <object_component id="oc-664">
         <name>.text:nwk_isValidReply</name>
         <load_address>0xa4b2</load_address>
         <run_address>0xa4b2</run_address>
         <size>0x3a</size>
         <input_file_ref idref="fl-5"/>
      </object_component>
      <object_component id="oc-48d">
         <name>.text:nwk_joinInit</name>
         <load_address>0xa4ec</load_address>
         <run_address>0xa4ec</run_address>
         <size>0x3a</size>
         <input_file_ref idref="fl-c"/>
      </object_component>
      <object_component id="oc-5c7">
         <name>.text:nwk_replayFrame</name>
         <load_address>0xa526</load_address>
         <run_address>0xa526</run_address>
         <size>0x3a</size>
         <input_file_ref idref="fl-8"/>
      </object_component>
      <object_component id="oc-546">
         <name>.text:nwk_QadjustOrder</name>
         <load_address>0xa560</load_address>
         <run_address>0xa560</run_address>
         <size>0x36</size>
         <input_file_ref idref="fl-6"/>
      </object_component>
      <object_component id="oc-455">
         <name>.text:MRFI_SetRFPwr</name>
         <load_address>0xa596</load_address>
         <run_address>0xa596</run_address>
         <size>0x34</size>
         <input_file_ref idref="fl-4"/>
      </object_component>
      <object_component id="oc-43a">
         <name>.text:mrfiSpiInit</name>
         <load_address>0xa5ca</load_address>
         <run_address>0xa5ca</run_address>
         <size>0x34</size>
         <input_file_ref idref="fl-4"/>
      </object_component>
      <object_component id="oc-2f2">
         <name>.text:nwk_deviceAddress</name>
         <load_address>0xa5fe</load_address>
         <run_address>0xa5fe</run_address>
         <size>0x34</size>
         <input_file_ref idref="fl-b"/>
      </object_component>
      <object_component id="oc-44f">
         <name>.text:MRFI_SetLogicalChannel</name>
         <load_address>0xa632</load_address>
         <run_address>0xa632</run_address>
         <size>0x32</size>
         <input_file_ref idref="fl-4"/>
      </object_component>
      <object_component id="oc-3df">
         <name>.text:nwk_getConnInfo</name>
         <load_address>0xa664</load_address>
         <run_address>0xa664</run_address>
         <size>0x32</size>
         <input_file_ref idref="fl-5"/>
      </object_component>
      <object_component id="oc-499">
         <name>.text:nwk_linkInit</name>
         <load_address>0xa696</load_address>
         <run_address>0xa696</run_address>
         <size>0x32</size>
         <input_file_ref idref="fl-d"/>
      </object_component>
      <object_component id="oc-519">
         <name>.text:map_lid2idx</name>
         <load_address>0xa6c8</load_address>
         <run_address>0xa6c8</run_address>
         <size>0x30</size>
         <input_file_ref idref="fl-5"/>
      </object_component>
      <object_component id="oc-61d">
         <name>.text:nwk_processPing</name>
         <load_address>0xa6f8</load_address>
         <run_address>0xa6f8</run_address>
         <size>0x30</size>
         <input_file_ref idref="fl-f"/>
      </object_component>
      <object_component id="oc-30a">
         <name>.text:nwk_rawReceive</name>
         <load_address>0xa728</load_address>
         <run_address>0xa728</run_address>
         <size>0x30</size>
         <input_file_ref idref="fl-b"/>
      </object_component>
      <object_component id="oc-41a">
         <name>.text:nwk_sendFrame</name>
         <load_address>0xa758</load_address>
         <run_address>0xa758</run_address>
         <size>0x30</size>
         <input_file_ref idref="fl-8"/>
      </object_component>
      <object_component id="oc-380">
         <name>.text:Mrfi_CalculateRssi</name>
         <load_address>0xa788</load_address>
         <run_address>0xa788</run_address>
         <size>0x2e</size>
         <input_file_ref idref="fl-4"/>
      </object_component>
      <object_component id="oc-12a">
         <name>.text:_Z13USCIAB0RX_ISRv</name>
         <load_address>0xa7b6</load_address>
         <run_address>0xa7b6</run_address>
         <size>0x2e</size>
         <input_file_ref idref="fl-11"/>
      </object_component>
      <object_component id="oc-623">
         <name>.text:nwk_processLink</name>
         <load_address>0xa7e4</load_address>
         <run_address>0xa7e4</run_address>
         <size>0x2e</size>
         <input_file_ref idref="fl-d"/>
      </object_component>
      <object_component id="oc-440">
         <name>.text:Mrfi_DelayUsec</name>
         <load_address>0xa812</load_address>
         <run_address>0xa812</run_address>
         <size>0x2c</size>
         <input_file_ref idref="fl-4"/>
      </object_component>
      <object_component id="oc-45b">
         <name>.text:Mrfi_RxModeOff</name>
         <load_address>0xa83e</load_address>
         <run_address>0xa83e</run_address>
         <size>0x2c</size>
         <input_file_ref idref="fl-4"/>
      </object_component>
      <object_component id="oc-205">
         <name>.text:SMPL_Init</name>
         <load_address>0xa86a</load_address>
         <run_address>0xa86a</run_address>
         <size>0x2c</size>
         <input_file_ref idref="fl-7"/>
      </object_component>
      <object_component id="oc-671">
         <name>.text:handleLinkRequest</name>
         <load_address>0xa896</load_address>
         <run_address>0xa896</run_address>
         <size>0x2c</size>
         <input_file_ref idref="fl-d"/>
      </object_component>
      <object_component id="oc-6ed">
         <name>.text:nwk_checkAppMsgTID</name>
         <load_address>0xa8c2</load_address>
         <run_address>0xa8c2</run_address>
         <size>0x2c</size>
         <input_file_ref idref="fl-5"/>
      </object_component>
      <object_component id="oc-268">
         <name>.text</name>
         <load_address>0xa8ee</load_address>
         <run_address>0xa8ee</run_address>
         <size>0x2c</size>
         <input_file_ref idref="fl-2e"/>
      </object_component>
      <object_component id="oc-4e5">
         <name>.text</name>
         <load_address>0xa91a</load_address>
         <run_address>0xa91a</run_address>
         <size>0x2c</size>
         <input_file_ref idref="fl-37"/>
      </object_component>
      <object_component id="oc-f2">
         <name>.text</name>
         <load_address>0xa946</load_address>
         <run_address>0xa946</run_address>
         <size>0x2c</size>
         <input_file_ref idref="fl-48"/>
      </object_component>
      <object_component id="oc-4bb">
         <name>.text:nwk_checkConnInfo</name>
         <load_address>0xa972</load_address>
         <run_address>0xa972</run_address>
         <size>0x2a</size>
         <input_file_ref idref="fl-5"/>
      </object_component>
      <object_component id="oc-40d">
         <name>.text:MRFI_Sleep</name>
         <load_address>0xa99c</load_address>
         <run_address>0xa99c</run_address>
         <size>0x26</size>
         <input_file_ref idref="fl-4"/>
      </object_component>
      <object_component id="oc-5f0">
         <name>.text:Mrfi_RandomBackoffDelay</name>
         <load_address>0xa9c2</load_address>
         <run_address>0xa9c2</run_address>
         <size>0x26</size>
         <input_file_ref idref="fl-4"/>
      </object_component>
      <object_component id="oc-2ec">
         <name>.text:nwk_connectionControl</name>
         <load_address>0xa9e8</load_address>
         <run_address>0xa9e8</run_address>
         <size>0x26</size>
         <input_file_ref idref="fl-b"/>
      </object_component>
      <object_component id="oc-475">
         <name>.text:nwk_frameInit</name>
         <load_address>0xaa0e</load_address>
         <run_address>0xaa0e</run_address>
         <size>0x26</size>
         <input_file_ref idref="fl-8"/>
      </object_component>
      <object_component id="oc-46f">
         <name>.text:nwk_globalsInit</name>
         <load_address>0xaa34</load_address>
         <run_address>0xaa34</run_address>
         <size>0x26</size>
         <input_file_ref idref="fl-9"/>
      </object_component>
      <object_component id="oc-461">
         <name>.text</name>
         <load_address>0xaa5a</load_address>
         <run_address>0xaa5a</run_address>
         <size>0x26</size>
         <input_file_ref idref="fl-53"/>
      </object_component>
      <object_component id="oc-32a">
         <name>.text:MRFI_RxOn</name>
         <load_address>0xaa80</load_address>
         <run_address>0xaa80</run_address>
         <size>0x22</size>
         <input_file_ref idref="fl-4"/>
      </object_component>
      <object_component id="oc-5aa">
         <name>.text:memcmp</name>
         <load_address>0xaaa2</load_address>
         <run_address>0xaaa2</run_address>
         <size>0x22</size>
         <input_file_ref idref="fl-4d"/>
      </object_component>
      <object_component id="oc-1e4">
         <name>.text:BSP_Init</name>
         <load_address>0xaac4</load_address>
         <run_address>0xaac4</run_address>
         <size>0x20</size>
         <input_file_ref idref="fl-3"/>
      </object_component>
      <object_component id="oc-2bc">
         <name>.text:BSP_InitBoard</name>
         <load_address>0xaae4</load_address>
         <run_address>0xaae4</run_address>
         <size>0x20</size>
         <input_file_ref idref="fl-3"/>
      </object_component>
      <object_component id="oc-386">
         <name>.text:MRFI_RxCompleteISR</name>
         <load_address>0xab04</load_address>
         <run_address>0xab04</run_address>
         <size>0x20</size>
         <input_file_ref idref="fl-8"/>
      </object_component>
      <object_component id="oc-401">
         <name>.text:MRFI_RxIdle</name>
         <load_address>0xab24</load_address>
         <run_address>0xab24</run_address>
         <size>0x20</size>
         <input_file_ref idref="fl-4"/>
      </object_component>
      <object_component id="oc-700">
         <name>.text:memmove</name>
         <load_address>0xab44</load_address>
         <run_address>0xab44</run_address>
         <size>0x20</size>
         <input_file_ref idref="fl-4f"/>
      </object_component>
      <object_component id="oc-550">
         <name>.text:BSP_Delay</name>
         <load_address>0xab64</load_address>
         <run_address>0xab64</run_address>
         <size>0x1e</size>
         <input_file_ref idref="fl-3"/>
      </object_component>
      <object_component id="oc-365">
         <name>.text:mrfiSpiReadReg</name>
         <load_address>0xab82</load_address>
         <run_address>0xab82</run_address>
         <size>0x1e</size>
         <input_file_ref idref="fl-4"/>
      </object_component>
      <object_component id="oc-47b">
         <name>.text:nwk_QInit</name>
         <load_address>0xaba0</load_address>
         <run_address>0xaba0</run_address>
         <size>0x1e</size>
         <input_file_ref idref="fl-6"/>
      </object_component>
      <object_component id="oc-197">
         <name>.text:MRFI_GpioIsr</name>
         <load_address>0xabbe</load_address>
         <run_address>0xabbe</run_address>
         <size>0x1c</size>
         <input_file_ref idref="fl-4"/>
      </object_component>
      <object_component id="oc-171">
         <name>.text:__sti___32_main_AP_Async_TalkandListen__cpp_time</name>
         <load_address>0xabda</load_address>
         <run_address>0xabda</run_address>
         <size>0x1c</size>
         <input_file_ref idref="fl-2"/>
      </object_component>
      <object_component id="oc-3ed">
         <name>.text:nwk_setMyAddress</name>
         <load_address>0xabf6</load_address>
         <run_address>0xabf6</run_address>
         <size>0x1c</size>
         <input_file_ref idref="fl-9"/>
      </object_component>
      <object_component id="oc-11e">
         <name>.text:BSP_GpioPort1Isr</name>
         <load_address>0xac12</load_address>
         <run_address>0xac12</run_address>
         <size>0x1a</size>
         <input_file_ref idref="fl-4"/>
      </object_component>
      <object_component id="oc-67">
         <name>.text:_c_int00_noargs_noexit</name>
         <load_address>0xac2c</load_address>
         <run_address>0xac2c</run_address>
         <size>0x1a</size>
         <input_file_ref idref="fl-31"/>
      </object_component>
      <object_component id="oc-446">
         <name>.text:mrfiSpiWriteReg</name>
         <load_address>0xac46</load_address>
         <run_address>0xac46</run_address>
         <size>0x1a</size>
         <input_file_ref idref="fl-4"/>
      </object_component>
      <object_component id="oc-643">
         <name>.text:MRFI_DelayMs</name>
         <load_address>0xac60</load_address>
         <run_address>0xac60</run_address>
         <size>0x18</size>
         <input_file_ref idref="fl-4"/>
      </object_component>
      <object_component id="oc-678">
         <name>.text:handleJoinRequest</name>
         <load_address>0xac78</load_address>
         <run_address>0xac78</run_address>
         <size>0x18</size>
         <input_file_ref idref="fl-c"/>
      </object_component>
      <object_component id="oc-493">
         <name>.text:nwk_mgmtInit</name>
         <load_address>0xac90</load_address>
         <run_address>0xac90</run_address>
         <size>0x18</size>
         <input_file_ref idref="fl-e"/>
      </object_component>
      <object_component id="oc-570">
         <name>.text:MRFI_RandomByte</name>
         <load_address>0xaca8</load_address>
         <run_address>0xaca8</run_address>
         <size>0x16</size>
         <input_file_ref idref="fl-4"/>
      </object_component>
      <object_component id="oc-4ad">
         <name>.text:Mrfi_RxModeOn</name>
         <load_address>0xacbe</load_address>
         <run_address>0xacbe</run_address>
         <size>0x16</size>
         <input_file_ref idref="fl-4"/>
      </object_component>
      <object_component id="oc-5bb">
         <name>.text</name>
         <load_address>0xacd4</load_address>
         <run_address>0xacd4</run_address>
         <size>0x16</size>
         <input_file_ref idref="fl-38"/>
      </object_component>
      <object_component id="oc-1f0">
         <name>.text:_Z9InitTimerv</name>
         <load_address>0xacea</load_address>
         <run_address>0xacea</run_address>
         <size>0x14</size>
         <input_file_ref idref="fl-2"/>
      </object_component>
      <object_component id="oc-20b">
         <name>.text:_Z9toggleLEDh</name>
         <load_address>0xacfe</load_address>
         <run_address>0xacfe</run_address>
         <size>0x14</size>
         <input_file_ref idref="fl-2"/>
      </object_component>
      <object_component id="oc-49">
         <name>.text:decompress:ZI:__TI_zero_init</name>
         <load_address>0xad12</load_address>
         <run_address>0xad12</run_address>
         <size>0x14</size>
         <input_file_ref idref="fl-34"/>
      </object_component>
      <object_component id="oc-2da">
         <name>.text:ioctlPreInitAccessIsOK</name>
         <load_address>0xad26</load_address>
         <run_address>0xad26</run_address>
         <size>0x14</size>
         <input_file_ref idref="fl-7"/>
      </object_component>
      <object_component id="oc-374">
         <name>.text:memset</name>
         <load_address>0xad3a</load_address>
         <run_address>0xad3a</run_address>
         <size>0x14</size>
         <input_file_ref idref="fl-50"/>
      </object_component>
      <object_component id="oc-2f8">
         <name>.text:nwk_joinContext</name>
         <load_address>0xad4e</load_address>
         <run_address>0xad4e</run_address>
         <size>0x14</size>
         <input_file_ref idref="fl-b"/>
      </object_component>
      <object_component id="oc-28d">
         <name>.text</name>
         <load_address>0xad62</load_address>
         <run_address>0xad62</run_address>
         <size>0x14</size>
         <input_file_ref idref="fl-52"/>
      </object_component>
      <object_component id="oc-3c9">
         <name>.text:BSP_InitLeds</name>
         <load_address>0xad76</load_address>
         <run_address>0xad76</run_address>
         <size>0x12</size>
         <input_file_ref idref="fl-3"/>
      </object_component>
      <object_component id="oc-38">
         <name>.text:decompress:none:__TI_decompress_none</name>
         <load_address>0xad88</load_address>
         <run_address>0xad88</run_address>
         <size>0x12</size>
         <input_file_ref idref="fl-33"/>
      </object_component>
      <object_component id="oc-3a1">
         <name>.text:l_lsr</name>
         <load_address>0xad9a</load_address>
         <run_address>0xad9a</run_address>
         <size>0x12</size>
         <input_file_ref idref="fl-4b"/>
      </object_component>
      <object_component id="oc-10c">
         <name>.text:memcpy</name>
         <load_address>0xadac</load_address>
         <run_address>0xadac</run_address>
         <size>0x12</size>
         <input_file_ref idref="fl-4e"/>
      </object_component>
      <object_component id="oc-6d4">
         <name>.text:nwk_getLinkToken</name>
         <load_address>0xadbe</load_address>
         <run_address>0xadbe</run_address>
         <size>0x12</size>
         <input_file_ref idref="fl-d"/>
      </object_component>
      <object_component id="oc-3f3">
         <name>.text:nwk_getMyAddress</name>
         <load_address>0xadd0</load_address>
         <run_address>0xadd0</run_address>
         <size>0x12</size>
         <input_file_ref idref="fl-9"/>
      </object_component>
      <object_component id="oc-589">
         <name>.text:nwk_setLinkToken</name>
         <load_address>0xade2</load_address>
         <run_address>0xade2</run_address>
         <size>0x12</size>
         <input_file_ref idref="fl-d"/>
      </object_component>
      <object_component id="oc-3a6">
         <name>.text:l_asr</name>
         <load_address>0xadf4</load_address>
         <run_address>0xadf4</run_address>
         <size>0x10</size>
         <input_file_ref idref="fl-2f"/>
      </object_component>
      <object_component id="oc-39c">
         <name>.text:l_lsl</name>
         <load_address>0xae04</load_address>
         <run_address>0xae04</run_address>
         <size>0x10</size>
         <input_file_ref idref="fl-49"/>
      </object_component>
      <object_component id="oc-64a">
         <name>.text:nwk_getQ</name>
         <load_address>0xae14</load_address>
         <run_address>0xae14</run_address>
         <size>0x10</size>
         <input_file_ref idref="fl-6"/>
      </object_component>
      <object_component id="oc-fc">
         <name>.text</name>
         <load_address>0xae24</load_address>
         <run_address>0xae24</run_address>
         <size>0x10</size>
         <input_file_ref idref="fl-3a"/>
      </object_component>
      <object_component id="oc-4f1">
         <name>.text:MRFI_Receive</name>
         <load_address>0xae34</load_address>
         <run_address>0xae34</run_address>
         <size>0xe</size>
         <input_file_ref idref="fl-4"/>
      </object_component>
      <object_component id="oc-5ea">
         <name>.text:mrfiSpiWriteTxFifo</name>
         <load_address>0xae42</load_address>
         <run_address>0xae42</run_address>
         <size>0xe</size>
         <input_file_ref idref="fl-4"/>
      </object_component>
      <object_component id="oc-6af">
         <name>.text:nwk_getNumObjectFromMsg</name>
         <load_address>0xae50</load_address>
         <run_address>0xae50</run_address>
         <size>0xe</size>
         <input_file_ref idref="fl-5"/>
      </object_component>
      <object_component id="oc-3fa">
         <name>.text:nwk_setJoinContext</name>
         <load_address>0xae5e</load_address>
         <run_address>0xae5e</run_address>
         <size>0xe</size>
         <input_file_ref idref="fl-c"/>
      </object_component>
      <object_component id="oc-651">
         <name>.text:MRFI_PostKillSem</name>
         <load_address>0xae6c</load_address>
         <run_address>0xae6c</run_address>
         <size>0xc</size>
         <input_file_ref idref="fl-4"/>
      </object_component>
      <object_component id="oc-66a">
         <name>.text:handlePingRequest</name>
         <load_address>0xae78</load_address>
         <run_address>0xae78</run_address>
         <size>0xc</size>
         <input_file_ref idref="fl-f"/>
      </object_component>
      <object_component id="oc-36b">
         <name>.text:mrfiSpiReadRxFifo</name>
         <load_address>0xae84</load_address>
         <run_address>0xae84</run_address>
         <size>0xc</size>
         <input_file_ref idref="fl-4"/>
      </object_component>
      <object_component id="oc-683">
         <name>.text:smpl_send_mgmt_reply</name>
         <load_address>0xae90</load_address>
         <run_address>0xae90</run_address>
         <size>0xc</size>
         <input_file_ref idref="fl-e"/>
      </object_component>
      <object_component id="oc-3cf">
         <name>.text:BSP_InitButtons</name>
         <load_address>0xae9c</load_address>
         <run_address>0xae9c</run_address>
         <size>0xa</size>
         <input_file_ref idref="fl-3"/>
      </object_component>
      <object_component id="oc-2c2">
         <name>.text:BSP_InitDrivers</name>
         <load_address>0xaea6</load_address>
         <run_address>0xaea6</run_address>
         <size>0xa</size>
         <input_file_ref idref="fl-3"/>
      </object_component>
      <object_component id="oc-229">
         <name>.text:_Z11Disable_Intv</name>
         <load_address>0xaeb0</load_address>
         <run_address>0xaeb0</run_address>
         <size>0xa</size>
         <input_file_ref idref="fl-12"/>
      </object_component>
      <object_component id="oc-13d">
         <name>.text:_system_pre_init</name>
         <load_address>0xaeba</load_address>
         <run_address>0xaeba</run_address>
         <size>0xa</size>
         <input_file_ref idref="fl-3"/>
      </object_component>
      <object_component id="oc-583">
         <name>.text:generateLinkToken</name>
         <load_address>0xaec4</load_address>
         <run_address>0xaec4</run_address>
         <size>0xa</size>
         <input_file_ref idref="fl-c"/>
      </object_component>
      <object_component id="oc-487">
         <name>.text:nwk_pingInit</name>
         <load_address>0xaece</load_address>
         <run_address>0xaece</run_address>
         <size>0xa</size>
         <input_file_ref idref="fl-f"/>
      </object_component>
      <object_component id="oc-21d">
         <name>.text:SMPL_Send</name>
         <load_address>0xaed8</load_address>
         <run_address>0xaed8</run_address>
         <size>0x8</size>
         <input_file_ref idref="fl-7"/>
      </object_component>
      <object_component id="oc-119">
         <name>.text:_isr:__TI_ISR_TRAP</name>
         <load_address>0xaee0</load_address>
         <run_address>0xaee0</run_address>
         <size>0x8</size>
         <input_file_ref idref="fl-47"/>
      </object_component>
      <object_component id="oc-6e6">
         <name>.text:nwk_resetSFMarker</name>
         <load_address>0xaee8</load_address>
         <run_address>0xaee8</run_address>
         <size>0x8</size>
         <input_file_ref idref="fl-e"/>
      </object_component>
      <object_component id="oc-4b5">
         <name>.text:MRFI_GetRadioState</name>
         <load_address>0xaef0</load_address>
         <run_address>0xaef0</run_address>
         <size>0x6</size>
         <input_file_ref idref="fl-4"/>
      </object_component>
      <object_component id="oc-22f">
         <name>.text:_Z11Restore_Intt</name>
         <load_address>0xaef6</load_address>
         <run_address>0xaef6</run_address>
         <size>0x6</size>
         <input_file_ref idref="fl-12"/>
      </object_component>
      <object_component id="oc-165">
         <name>.text:abort</name>
         <load_address>0xaefc</load_address>
         <run_address>0xaefc</run_address>
         <size>0x6</size>
         <input_file_ref idref="fl-3b"/>
      </object_component>
      <object_component id="oc-3e5">
         <name>.text:nwk_freeConnection</name>
         <load_address>0xaf02</load_address>
         <run_address>0xaf02</run_address>
         <size>0x6</size>
         <input_file_ref idref="fl-5"/>
      </object_component>
      <object_component id="oc-4a5">
         <name>.text:nwk_getBCastAddress</name>
         <load_address>0xaf08</load_address>
         <run_address>0xaf08</run_address>
         <size>0x6</size>
         <input_file_ref idref="fl-9"/>
      </object_component>
      <object_component id="oc-2e6">
         <name>.text:nwk_getFWVersion</name>
         <load_address>0xaf0e</load_address>
         <run_address>0xaf0e</run_address>
         <size>0x6</size>
         <input_file_ref idref="fl-9"/>
      </object_component>
      <object_component id="oc-6cd">
         <name>.text:nwk_getMyRxType</name>
         <load_address>0xaf14</load_address>
         <run_address>0xaf14</run_address>
         <size>0x6</size>
         <input_file_ref idref="fl-8"/>
      </object_component>
      <object_component id="oc-2e0">
         <name>.text:nwk_getProtocolVersion</name>
         <load_address>0xaf1a</load_address>
         <run_address>0xaf1a</run_address>
         <size>0x6</size>
         <input_file_ref idref="fl-9"/>
      </object_component>
      <object_component id="oc-58f">
         <name>.text:nwk_getSFInfoPtr</name>
         <load_address>0xaf20</load_address>
         <run_address>0xaf20</run_address>
         <size>0x6</size>
         <input_file_ref idref="fl-5"/>
      </object_component>
      <object_component id="oc-1ff">
         <name>.text:_Z3sCBh</name>
         <load_address>0xaf26</load_address>
         <run_address>0xaf26</run_address>
         <size>0x4</size>
         <input_file_ref idref="fl-2"/>
      </object_component>
      <object_component id="oc-330">
         <name>.text:nwk_join</name>
         <load_address>0xaf2a</load_address>
         <run_address>0xaf2a</run_address>
         <size>0x4</size>
         <input_file_ref idref="fl-c"/>
      </object_component>
      <object_component id="oc-635">
         <name>.text:nwk_processFreq</name>
         <load_address>0xaf2e</load_address>
         <run_address>0xaf2e</run_address>
         <size>0x4</size>
         <input_file_ref idref="fl-a"/>
      </object_component>
      <object_component id="oc-62f">
         <name>.text:nwk_processSecurity</name>
         <load_address>0xaf32</load_address>
         <run_address>0xaf32</run_address>
         <size>0x4</size>
         <input_file_ref idref="fl-10"/>
      </object_component>
      <object_component id="oc-1c8">
         <name>.text:_system_post_cinit</name>
         <load_address>0xaf36</load_address>
         <run_address>0xaf36</run_address>
         <size>0x2</size>
         <input_file_ref idref="fl-5a"/>
      </object_component>
      <object_component id="oc-481">
         <name>.text:nwk_freqInit</name>
         <load_address>0xaf38</load_address>
         <run_address>0xaf38</run_address>
         <size>0x2</size>
         <input_file_ref idref="fl-a"/>
      </object_component>
      <object_component id="oc-49f">
         <name>.text:nwk_securityInit</name>
         <load_address>0xaf3a</load_address>
         <run_address>0xaf3a</run_address>
         <size>0x2</size>
         <input_file_ref idref="fl-10"/>
      </object_component>
      <object_component id="oc-758">
         <name>.cinit..data.load</name>
         <load_address>0xaf9e</load_address>
         <run_address>0xaf9e</run_address>
         <size>0x12</size>
      </object_component>
      <object_component id="oc-755">
         <name>__TI_handler_table</name>
         <load_address>0xafb0</load_address>
         <run_address>0xafb0</run_address>
         <size>0x6</size>
      </object_component>
      <object_component id="oc-757">
         <name>.cinit..bss.load</name>
         <load_address>0xafb6</load_address>
         <run_address>0xafb6</run_address>
         <size>0x4</size>
      </object_component>
      <object_component id="oc-756">
         <name>__TI_cinit_table</name>
         <load_address>0xafba</load_address>
         <run_address>0xafba</run_address>
         <size>0x8</size>
      </object_component>
      <object_component id="oc-44c">
         <name>.const:mrfiRadioCfg</name>
         <load_address>0xaf3c</load_address>
         <run_address>0xaf3c</run_address>
         <size>0x3c</size>
         <input_file_ref idref="fl-4"/>
      </object_component>
      <object_component id="oc-5c4">
         <name>.const:func</name>
         <load_address>0xaf78</load_address>
         <run_address>0xaf78</run_address>
         <size>0xc</size>
         <input_file_ref idref="fl-8"/>
      </object_component>
      <object_component id="oc-3d9">
         <name>.const:sVersionInfo</name>
         <load_address>0xaf84</load_address>
         <run_address>0xaf84</run_address>
         <size>0x5</size>
         <input_file_ref idref="fl-9"/>
      </object_component>
      <object_component id="oc-4e1">
         <name>.const:.string:mrfiBroadcastAddr</name>
         <load_address>0xaf8a</load_address>
         <run_address>0xaf8a</run_address>
         <size>0x4</size>
         <input_file_ref idref="fl-4"/>
      </object_component>
      <object_component id="oc-55a">
         <name>.const:.string:mrfiLogicalChanTable</name>
         <load_address>0xaf8e</load_address>
         <run_address>0xaf8e</run_address>
         <size>0x4</size>
         <input_file_ref idref="fl-4"/>
      </object_component>
      <object_component id="oc-52a">
         <name>.const:sMyROMAddress</name>
         <load_address>0xaf92</load_address>
         <run_address>0xaf92</run_address>
         <size>0x4</size>
         <input_file_ref idref="fl-9"/>
      </object_component>
      <object_component id="oc-55e">
         <name>.const:.string:mrfiRFPowerTable</name>
         <load_address>0xaf96</load_address>
         <run_address>0xaf96</run_address>
         <size>0x3</size>
         <input_file_ref idref="fl-4"/>
      </object_component>
      <object_component id="oc-71f">
         <name>.binit</name>
         <load_address>0x8000</load_address>
         <run_address>0x8000</run_address>
         <size>0x0</size>
      </object_component>
      <object_component id="oc-ec">
         <name>.init_array</name>
         <load_address>0xaf9a</load_address>
         <run_address>0xaf9a</run_address>
         <size>0x2</size>
         <input_file_ref idref="fl-2"/>
      </object_component>
      <object_component id="oc-ed">
         <name>.init_array</name>
         <load_address>0xaf9c</load_address>
         <run_address>0xaf9c</run_address>
         <size>0x2</size>
         <input_file_ref idref="fl-11"/>
      </object_component>
      <object_component id="oc-759">
         <name>__TI_INITARRAY_Limit</name>
         <load_address>0xaf9e</load_address>
         <run_address>0xaf9e</run_address>
         <size>0x0</size>
      </object_component>
      <object_component id="oc-3e">
         <name>.int02</name>
         <load_address>0xffe4</load_address>
         <run_address>0xffe4</run_address>
         <size>0x2</size>
         <input_file_ref idref="fl-40"/>
      </object_component>
      <object_component id="oc-3f">
         <name>.int03</name>
         <load_address>0xffe6</load_address>
         <run_address>0xffe6</run_address>
         <size>0x2</size>
         <input_file_ref idref="fl-4"/>
      </object_component>
      <object_component id="oc-40">
         <name>.int05</name>
         <load_address>0xffea</load_address>
         <run_address>0xffea</run_address>
         <size>0x2</size>
         <input_file_ref idref="fl-41"/>
      </object_component>
      <object_component id="oc-41">
         <name>.int06</name>
         <load_address>0xffec</load_address>
         <run_address>0xffec</run_address>
         <size>0x2</size>
         <input_file_ref idref="fl-11"/>
      </object_component>
      <object_component id="oc-42">
         <name>.int07</name>
         <load_address>0xffee</load_address>
         <run_address>0xffee</run_address>
         <size>0x2</size>
         <input_file_ref idref="fl-11"/>
      </object_component>
      <object_component id="oc-43">
         <name>.int08</name>
         <load_address>0xfff0</load_address>
         <run_address>0xfff0</run_address>
         <size>0x2</size>
         <input_file_ref idref="fl-42"/>
      </object_component>
      <object_component id="oc-44">
         <name>.int09</name>
         <load_address>0xfff2</load_address>
         <run_address>0xfff2</run_address>
         <size>0x2</size>
         <input_file_ref idref="fl-2"/>
      </object_component>
      <object_component id="oc-45">
         <name>.int10</name>
         <load_address>0xfff4</load_address>
         <run_address>0xfff4</run_address>
         <size>0x2</size>
         <input_file_ref idref="fl-43"/>
      </object_component>
      <object_component id="oc-46">
         <name>.int12</name>
         <load_address>0xfff8</load_address>
         <run_address>0xfff8</run_address>
         <size>0x2</size>
         <input_file_ref idref="fl-44"/>
      </object_component>
      <object_component id="oc-47">
         <name>.int13</name>
         <load_address>0xfffa</load_address>
         <run_address>0xfffa</run_address>
         <size>0x2</size>
         <input_file_ref idref="fl-45"/>
      </object_component>
      <object_component id="oc-48">
         <name>.int14</name>
         <load_address>0xfffc</load_address>
         <run_address>0xfffc</run_address>
         <size>0x2</size>
         <input_file_ref idref="fl-46"/>
      </object_component>
      <object_component id="oc-f1">
         <name>.reset</name>
         <load_address>0xfffe</load_address>
         <run_address>0xfffe</run_address>
         <size>0x2</size>
         <input_file_ref idref="fl-30"/>
      </object_component>
      <object_component id="oc-21a">
         <name>.debug_info</name>
         <load_address>0x0</load_address>
         <run_address>0x0</run_address>
         <size>0x824</size>
         <input_file_ref idref="fl-2"/>
      </object_component>
      <object_component id="oc-1aa">
         <name>.debug_info</name>
         <load_address>0x824</load_address>
         <run_address>0x824</run_address>
         <size>0x179</size>
         <input_file_ref idref="fl-2"/>
      </object_component>
      <object_component id="oc-212">
         <name>.debug_info</name>
         <load_address>0x99d</load_address>
         <run_address>0x99d</run_address>
         <size>0x13a</size>
         <input_file_ref idref="fl-2"/>
      </object_component>
      <object_component id="oc-1f7">
         <name>.debug_info</name>
         <load_address>0xad7</load_address>
         <run_address>0xad7</run_address>
         <size>0x12a</size>
         <input_file_ref idref="fl-2"/>
      </object_component>
      <object_component id="oc-1f1">
         <name>.debug_info</name>
         <load_address>0xc01</load_address>
         <run_address>0xc01</run_address>
         <size>0x1e0</size>
         <input_file_ref idref="fl-2"/>
      </object_component>
      <object_component id="oc-131">
         <name>.debug_info</name>
         <load_address>0xde1</load_address>
         <run_address>0xde1</run_address>
         <size>0x224</size>
         <input_file_ref idref="fl-2"/>
      </object_component>
      <object_component id="oc-15e">
         <name>.debug_info</name>
         <load_address>0x1005</load_address>
         <run_address>0x1005</run_address>
         <size>0x36c</size>
         <input_file_ref idref="fl-2"/>
      </object_component>
      <object_component id="oc-20c">
         <name>.debug_info</name>
         <load_address>0x1371</load_address>
         <run_address>0x1371</run_address>
         <size>0x206</size>
         <input_file_ref idref="fl-2"/>
      </object_component>
      <object_component id="oc-200">
         <name>.debug_info</name>
         <load_address>0x1577</load_address>
         <run_address>0x1577</run_address>
         <size>0x1e2</size>
         <input_file_ref idref="fl-2"/>
      </object_component>
      <object_component id="oc-236">
         <name>.debug_info</name>
         <load_address>0x1759</load_address>
         <run_address>0x1759</run_address>
         <size>0x26e</size>
         <input_file_ref idref="fl-2"/>
      </object_component>
      <object_component id="oc-172">
         <name>.debug_info</name>
         <load_address>0x19c7</load_address>
         <run_address>0x19c7</run_address>
         <size>0x1a3</size>
         <input_file_ref idref="fl-2"/>
      </object_component>
      <object_component id="oc-2d2">
         <name>.debug_info</name>
         <load_address>0x1b6a</load_address>
         <run_address>0x1b6a</run_address>
         <size>0x8c7</size>
         <input_file_ref idref="fl-2"/>
      </object_component>
      <object_component id="oc-253">
         <name>.debug_info</name>
         <load_address>0x2431</load_address>
         <run_address>0x2431</run_address>
         <size>0x11e</size>
         <input_file_ref idref="fl-2"/>
      </object_component>
      <object_component id="oc-107">
         <name>.debug_info</name>
         <load_address>0x254f</load_address>
         <run_address>0x254f</run_address>
         <size>0x84</size>
         <input_file_ref idref="fl-2"/>
      </object_component>
      <object_component id="oc-338">
         <name>.debug_info</name>
         <load_address>0x25d3</load_address>
         <run_address>0x25d3</run_address>
         <size>0x6d</size>
         <input_file_ref idref="fl-2"/>
      </object_component>
      <object_component id="oc-23c">
         <name>.debug_info</name>
         <load_address>0x2640</load_address>
         <run_address>0x2640</run_address>
         <size>0x2c</size>
         <input_file_ref idref="fl-2"/>
      </object_component>
      <object_component id="oc-342">
         <name>.debug_info</name>
         <load_address>0x266c</load_address>
         <run_address>0x266c</run_address>
         <size>0xdf</size>
         <input_file_ref idref="fl-2"/>
      </object_component>
      <object_component id="oc-347">
         <name>.debug_info</name>
         <load_address>0x274b</load_address>
         <run_address>0x274b</run_address>
         <size>0xeb</size>
         <input_file_ref idref="fl-2"/>
      </object_component>
      <object_component id="oc-25f">
         <name>.debug_info</name>
         <load_address>0x2836</load_address>
         <run_address>0x2836</run_address>
         <size>0x105</size>
         <input_file_ref idref="fl-2"/>
      </object_component>
      <object_component id="oc-34c">
         <name>.debug_info</name>
         <load_address>0x293b</load_address>
         <run_address>0x293b</run_address>
         <size>0x7b</size>
         <input_file_ref idref="fl-2"/>
      </object_component>
      <object_component id="oc-5fa">
         <name>.debug_info</name>
         <load_address>0x29b6</load_address>
         <run_address>0x29b6</run_address>
         <size>0x27b</size>
         <input_file_ref idref="fl-3"/>
      </object_component>
      <object_component id="oc-3c6">
         <name>.debug_info</name>
         <load_address>0x2c31</load_address>
         <run_address>0x2c31</run_address>
         <size>0x111</size>
         <input_file_ref idref="fl-3"/>
      </object_component>
      <object_component id="oc-1e5">
         <name>.debug_info</name>
         <load_address>0x2d42</load_address>
         <run_address>0x2d42</run_address>
         <size>0x180</size>
         <input_file_ref idref="fl-3"/>
      </object_component>
      <object_component id="oc-13e">
         <name>.debug_info</name>
         <load_address>0x2ec2</load_address>
         <run_address>0x2ec2</run_address>
         <size>0x210</size>
         <input_file_ref idref="fl-3"/>
      </object_component>
      <object_component id="oc-2bd">
         <name>.debug_info</name>
         <load_address>0x30d2</load_address>
         <run_address>0x30d2</run_address>
         <size>0x206</size>
         <input_file_ref idref="fl-3"/>
      </object_component>
      <object_component id="oc-551">
         <name>.debug_info</name>
         <load_address>0x32d8</load_address>
         <run_address>0x32d8</run_address>
         <size>0x254</size>
         <input_file_ref idref="fl-3"/>
      </object_component>
      <object_component id="oc-2c3">
         <name>.debug_info</name>
         <load_address>0x352c</load_address>
[...]
      <symbol id="sm-7e4">
         <name>__mspabi_sral_8</name>
         <value>0xa39e</value>
         <object_component_ref idref="oc-26d"/>
      </symbol>
      <symbol id="sm-7e5">
         <name>__mspabi_sral_9</name>
         <value>0xa39a</value>
         <object_component_ref idref="oc-26d"/>
      </symbol>
      <symbol id="sm-7e6">
         <name>__mspabi_sral_6</name>
         <value>0xa3a6</value>
         <object_component_ref idref="oc-26d"/>
      </symbol>
      <symbol id="sm-7e7">
         <name>__mspabi_sral_7</name>
         <value>0xa3a2</value>
         <object_component_ref idref="oc-26d"/>
      </symbol>
      <symbol id="sm-7e8">
         <name>__mspabi_sral_4</name>
         <value>0xa3ae</value>
         <object_component_ref idref="oc-26d"/>
      </symbol>
      <symbol id="sm-7e9">
         <name>__mspabi_sral_5</name>
         <value>0xa3aa</value>
         <object_component_ref idref="oc-26d"/>
      </symbol>
      <symbol id="sm-7ea">
         <name>__mspabi_sral_2</name>
         <value>0xa3b6</value>
         <object_component_ref idref="oc-26d"/>
      </symbol>
      <symbol id="sm-7eb">
         <name>__mspabi_sral_3</name>
         <value>0xa3b2</value>
         <object_component_ref idref="oc-26d"/>
      </symbol>
      <symbol id="sm-7ec">
         <name>__mspabi_sral_1</name>
         <value>0xa3ba</value>
         <object_component_ref idref="oc-26d"/>
      </symbol>
      <symbol id="sm-7f4">
         <name>_stack</name>
         <value>0x5b0</value>
         <object_component_ref idref="oc-ee"/>
      </symbol>
      <symbol id="sm-7f5">
         <name>_reset_vector</name>
         <value>0xfffe</value>
         <object_component_ref idref="oc-f1"/>
      </symbol>
      <symbol id="sm-7ff">
         <name>_c_int00_noargs_noexit</name>
         <value>0xac2c</value>
         <object_component_ref idref="oc-67"/>
      </symbol>
      <symbol id="sm-81d">
         <name>__TI_decompress_lzss</name>
         <value>0x99ce</value>
         <object_component_ref idref="oc-32"/>
      </symbol>
      <symbol id="sm-833">
         <name>__TI_decompress_none</name>
         <value>0xad88</value>
         <object_component_ref idref="oc-38"/>
      </symbol>
      <symbol id="sm-846">
         <name>__TI_zero_init</name>
         <value>0xad12</value>
         <object_component_ref idref="oc-49"/>
      </symbol>
      <symbol id="sm-85e">
         <name>__mspabi_cvtdf</name>
         <value>0x97b0</value>
         <object_component_ref idref="oc-1b8"/>
      </symbol>
      <symbol id="sm-86f">
         <name>__mspabi_cvtfd</name>
         <value>0x9b42</value>
         <object_component_ref idref="oc-1ac"/>
      </symbol>
      <symbol id="sm-87b">
         <name>__mspabi_remi</name>
         <value>0xa91a</value>
         <object_component_ref idref="oc-4e5"/>
      </symbol>
      <symbol id="sm-87c">
         <name>__mspabi_divi</name>
         <value>0xa91a</value>
         <object_component_ref idref="oc-4e5"/>
      </symbol>
      <symbol id="sm-886">
         <name>__mspabi_remu</name>
         <value>0xacd4</value>
         <object_component_ref idref="oc-5bb"/>
      </symbol>
      <symbol id="sm-887">
         <name>__mspabi_divu</name>
         <value>0xacd4</value>
         <object_component_ref idref="oc-5bb"/>
      </symbol>
      <symbol id="sm-895">
         <name>__mspabi_remul</name>
         <value>0x9e10</value>
         <object_component_ref idref="oc-466"/>
      </symbol>
      <symbol id="sm-896">
         <name>__mspabi_divul</name>
         <value>0x9e10</value>
         <object_component_ref idref="oc-466"/>
      </symbol>
      <symbol id="sm-89f">
         <name>__mspabi_func_epilog_2</name>
         <value>0xae2e</value>
         <object_component_ref idref="oc-fc"/>
      </symbol>
      <symbol id="sm-8a0">
         <name>__mspabi_func_epilog_3</name>
         <value>0xae2c</value>
         <object_component_ref idref="oc-fc"/>
      </symbol>
      <symbol id="sm-8a1">
         <name>__mspabi_func_epilog_1</name>
         <value>0xae30</value>
         <object_component_ref idref="oc-fc"/>
      </symbol>
      <symbol id="sm-8a2">
         <name>__mspabi_func_epilog_6</name>
         <value>0xae26</value>
         <object_component_ref idref="oc-fc"/>
      </symbol>
      <symbol id="sm-8a3">
         <name>__mspabi_func_epilog_7</name>
         <value>0xae24</value>
         <object_component_ref idref="oc-fc"/>
      </symbol>
      <symbol id="sm-8a4">
         <name>__mspabi_func_epilog_4</name>
         <value>0xae2a</value>
         <object_component_ref idref="oc-fc"/>
      </symbol>
      <symbol id="sm-8a5">
         <name>__mspabi_func_epilog_5</name>
         <value>0xae28</value>
         <object_component_ref idref="oc-fc"/>
      </symbol>
      <symbol id="sm-8af">
         <name>C$$EXIT</name>
         <value>0xaefc</value>
         <object_component_ref idref="oc-165"/>
      </symbol>
      <symbol id="sm-8b0">
         <name>abort</name>
         <value>0xaefc</value>
         <object_component_ref idref="oc-165"/>
      </symbol>
      <symbol id="sm-8d2">
         <name>__TI_frcaddd</name>
         <value>0x82e8</value>
         <object_component_ref idref="oc-279"/>
      </symbol>
      <symbol id="sm-8ed">
         <name>__mspabi_subf</name>
         <value>0x8ca6</value>
         <object_component_ref idref="oc-223"/>
      </symbol>
      <symbol id="sm-8ee">
         <name>__mspabi_addf</name>
         <value>0x8cac</value>
         <object_component_ref idref="oc-223"/>
      </symbol>
      <symbol id="sm-8fe">
         <name>__mspabi_cmpf</name>
         <value>0xa04c</value>
         <object_component_ref idref="oc-214"/>
      </symbol>
      <symbol id="sm-901">
         <name>__TI_int02</name>
         <value>0xffe4</value>
         <object_component_ref idref="oc-3e"/>
      </symbol>
      <symbol id="sm-904">
         <name>__TI_int05</name>
         <value>0xffea</value>
         <object_component_ref idref="oc-40"/>
      </symbol>
      <symbol id="sm-907">
         <name>__TI_int08</name>
         <value>0xfff0</value>
         <object_component_ref idref="oc-43"/>
      </symbol>
      <symbol id="sm-90a">
         <name>__TI_int10</name>
         <value>0xfff4</value>
         <object_component_ref idref="oc-45"/>
      </symbol>
      <symbol id="sm-90d">
         <name>__TI_int12</name>
         <value>0xfff8</value>
         <object_component_ref idref="oc-46"/>
      </symbol>
      <symbol id="sm-910">
         <name>__TI_int13</name>
         <value>0xfffa</value>
         <object_component_ref idref="oc-47"/>
      </symbol>
      <symbol id="sm-913">
         <name>__TI_int14</name>
         <value>0xfffc</value>
         <object_component_ref idref="oc-48"/>
      </symbol>
      <symbol id="sm-91b">
         <name>__TI_ISR_TRAP</name>
         <value>0xaee0</value>
         <object_component_ref idref="oc-119"/>
      </symbol>
      <symbol id="sm-923">
         <name>__mspabi_slli</name>
         <value>0xa946</value>
         <object_component_ref idref="oc-f2"/>
      </symbol>
      <symbol id="sm-924">
         <name>__mspabi_slli_9</name>
         <value>0xa95e</value>
         <object_component_ref idref="oc-f2"/>
      </symbol>
      <symbol id="sm-925">
         <name>__mspabi_slli_8</name>
         <value>0xa960</value>
         <object_component_ref idref="oc-f2"/>
      </symbol>
      <symbol id="sm-926">
         <name>__mspabi_slli_7</name>
         <value>0xa962</value>
         <object_component_ref idref="oc-f2"/>
      </symbol>
      <symbol id="sm-927">
         <name>__mspabi_slli_6</name>
         <value>0xa964</value>
         <object_component_ref idref="oc-f2"/>
      </symbol>
      <symbol id="sm-928">
         <name>__mspabi_slli_5</name>
         <value>0xa966</value>
         <object_component_ref idref="oc-f2"/>
      </symbol>
      <symbol id="sm-929">
         <name>__mspabi_slli_4</name>
         <value>0xa968</value>
         <object_component_ref idref="oc-f2"/>
      </symbol>
      <symbol id="sm-92a">
         <name>__mspabi_slli_3</name>
         <value>0xa96a</value>
         <object_component_ref idref="oc-f2"/>
      </symbol>
      <symbol id="sm-92b">
         <name>__mspabi_slli_2</name>
         <value>0xa96c</value>
         <object_component_ref idref="oc-f2"/>
      </symbol>
      <symbol id="sm-92c">
         <name>__mspabi_slli_1</name>
         <value>0xa96e</value>
         <object_component_ref idref="oc-f2"/>
      </symbol>
      <symbol id="sm-92d">
         <name>__mspabi_slli_15</name>
         <value>0xa952</value>
         <object_component_ref idref="oc-f2"/>
      </symbol>
      <symbol id="sm-92e">
         <name>__mspabi_slli_14</name>
         <value>0xa954</value>
         <object_component_ref idref="oc-f2"/>
      </symbol>
      <symbol id="sm-92f">
         <name>__mspabi_slli_13</name>
         <value>0xa956</value>
         <object_component_ref idref="oc-f2"/>
      </symbol>
      <symbol id="sm-930">
         <name>__mspabi_slli_12</name>
         <value>0xa958</value>
         <object_component_ref idref="oc-f2"/>
      </symbol>
      <symbol id="sm-931">
         <name>__mspabi_slli_11</name>
         <value>0xa95a</value>
         <object_component_ref idref="oc-f2"/>
      </symbol>
      <symbol id="sm-932">
         <name>__mspabi_slli_10</name>
         <value>0xa95c</value>
         <object_component_ref idref="oc-f2"/>
      </symbol>
      <symbol id="sm-942">
         <name>__mspabi_slll_9</name>
         <value>0xa3d8</value>
         <object_component_ref idref="oc-286"/>
      </symbol>
      <symbol id="sm-943">
         <name>__mspabi_slll_8</name>
         <value>0xa3dc</value>
         <object_component_ref idref="oc-286"/>
      </symbol>
      <symbol id="sm-944">
         <name>__mspabi_slll_7</name>
         <value>0xa3e0</value>
         <object_component_ref idref="oc-286"/>
      </symbol>
      <symbol id="sm-945">
         <name>__mspabi_slll_6</name>
         <value>0xa3e4</value>
         <object_component_ref idref="oc-286"/>
      </symbol>
      <symbol id="sm-946">
         <name>__mspabi_slll_5</name>
         <value>0xa3e8</value>
         <object_component_ref idref="oc-286"/>
      </symbol>
      <symbol id="sm-947">
         <name>__mspabi_slll_4</name>
         <value>0xa3ec</value>
         <object_component_ref idref="oc-286"/>
      </symbol>
      <symbol id="sm-948">
         <name>__mspabi_slll_3</name>
         <value>0xa3f0</value>
         <object_component_ref idref="oc-286"/>
      </symbol>
      <symbol id="sm-949">
         <name>__mspabi_slll_2</name>
         <value>0xa3f4</value>
         <object_component_ref idref="oc-286"/>
      </symbol>
      <symbol id="sm-94a">
         <name>__mspabi_slll_1</name>
         <value>0xa3f8</value>
         <object_component_ref idref="oc-286"/>
      </symbol>
      <symbol id="sm-94b">
         <name>__mspabi_slll</name>
         <value>0xae04</value>
         <object_component_ref idref="oc-39c"/>
      </symbol>
      <symbol id="sm-94c">
         <name>__mspabi_slll_15</name>
         <value>0xa3c0</value>
         <object_component_ref idref="oc-286"/>
      </symbol>
      <symbol id="sm-94d">
         <name>__mspabi_slll_14</name>
         <value>0xa3c4</value>
         <object_component_ref idref="oc-286"/>
      </symbol>
      <symbol id="sm-94e">
         <name>__mspabi_slll_13</name>
         <value>0xa3c8</value>
         <object_component_ref idref="oc-286"/>
      </symbol>
      <symbol id="sm-94f">
         <name>__mspabi_slll_12</name>
         <value>0xa3cc</value>
         <object_component_ref idref="oc-286"/>
      </symbol>
      <symbol id="sm-950">
         <name>__mspabi_slll_11</name>
         <value>0xa3d0</value>
         <object_component_ref idref="oc-286"/>
      </symbol>
      <symbol id="sm-951">
         <name>__mspabi_slll_10</name>
         <value>0xa3d4</value>
         <object_component_ref idref="oc-286"/>
      </symbol>
      <symbol id="sm-959">
         <name>__mspabi_srli_8</name>
         <value>0x9fe0</value>
         <object_component_ref idref="oc-f7"/>
      </symbol>
      <symbol id="sm-95a">
         <name>__mspabi_srli_9</name>
         <value>0x9fdc</value>
         <object_component_ref idref="oc-f7"/>
      </symbol>
      <symbol id="sm-95b">
         <name>__mspabi_srli_6</name>
         <value>0x9fe8</value>
         <object_component_ref idref="oc-f7"/>
      </symbol>
      <symbol id="sm-95c">
         <name>__mspabi_srli_7</name>
         <value>0x9fe4</value>
         <object_component_ref idref="oc-f7"/>
      </symbol>
      <symbol id="sm-95d">
         <name>__mspabi_srli_4</name>
         <value>0x9ff0</value>
         <object_component_ref idref="oc-f7"/>
      </symbol>
      <symbol id="sm-95e">
         <name>__mspabi_srli_5</name>
         <value>0x9fec</value>
         <object_component_ref idref="oc-f7"/>
      </symbol>
      <symbol id="sm-95f">
         <name>__mspabi_srli_2</name>
         <value>0x9ff8</value>
         <object_component_ref idref="oc-f7"/>
      </symbol>
      <symbol id="sm-960">
         <name>__mspabi_srli_3</name>
         <value>0x9ff4</value>
         <object_component_ref idref="oc-f7"/>
      </symbol>
      <symbol id="sm-961">
         <name>__mspabi_srli_1</name>
         <value>0x9ffc</value>
         <object_component_ref idref="oc-f7"/>
      </symbol>
      <symbol id="sm-962">
         <name>__mspabi_srli</name>
         <value>0x9fb6</value>
         <object_component_ref idref="oc-f7"/>
      </symbol>
      <symbol id="sm-963">
         <name>__mspabi_srli_15</name>
         <value>0x9fc4</value>
         <object_component_ref idref="oc-f7"/>
      </symbol>
      <symbol id="sm-964">
         <name>__mspabi_srli_14</name>
         <value>0x9fc8</value>
         <object_component_ref idref="oc-f7"/>
      </symbol>
      <symbol id="sm-965">
         <name>__mspabi_srli_13</name>
         <value>0x9fcc</value>
         <object_component_ref idref="oc-f7"/>
      </symbol>
      <symbol id="sm-966">
         <name>__mspabi_srli_12</name>
         <value>0x9fd0</value>
         <object_component_ref idref="oc-f7"/>
      </symbol>
      <symbol id="sm-967">
         <name>__mspabi_srli_11</name>
         <value>0x9fd4</value>
         <object_component_ref idref="oc-f7"/>
      </symbol>
      <symbol id="sm-968">
         <name>__mspabi_srli_10</name>
         <value>0x9fd8</value>
         <object_component_ref idref="oc-f7"/>
      </symbol>
      <symbol id="sm-978">
         <name>__mspabi_srll_8</name>
         <value>0x9d84</value>
         <object_component_ref idref="oc-508"/>
      </symbol>
      <symbol id="sm-979">
         <name>__mspabi_srll_9</name>
         <value>0x9d7e</value>
         <object_component_ref idref="oc-508"/>
      </symbol>
      <symbol id="sm-97a">
         <name>__mspabi_srll_6</name>
         <value>0x9d90</value>
         <object_component_ref idref="oc-508"/>
      </symbol>
      <symbol id="sm-97b">
         <name>__mspabi_srll_7</name>
         <value>0x9d8a</value>
         <object_component_ref idref="oc-508"/>
      </symbol>
      <symbol id="sm-97c">
         <name>__mspabi_srll_4</name>
         <value>0x9d9c</value>
         <object_component_ref idref="oc-508"/>
      </symbol>
      <symbol id="sm-97d">
         <name>__mspabi_srll_5</name>
         <value>0x9d96</value>
         <object_component_ref idref="oc-508"/>
      </symbol>
      <symbol id="sm-97e">
         <name>__mspabi_srll_2</name>
         <value>0x9da8</value>
         <object_component_ref idref="oc-508"/>
      </symbol>
      <symbol id="sm-97f">
         <name>__mspabi_srll_3</name>
         <value>0x9da2</value>
         <object_component_ref idref="oc-508"/>
      </symbol>
      <symbol id="sm-980">
         <name>__mspabi_srll_1</name>
         <value>0x9dae</value>
         <object_component_ref idref="oc-508"/>
      </symbol>
      <symbol id="sm-981">
         <name>__mspabi_srll_15</name>
         <value>0x9d5a</value>
         <object_component_ref idref="oc-508"/>
      </symbol>
      <symbol id="sm-982">
         <name>__mspabi_srll_14</name>
         <value>0x9d60</value>
         <object_component_ref idref="oc-508"/>
      </symbol>
      <symbol id="sm-983">
         <name>__mspabi_srll_13</name>
         <value>0x9d66</value>
         <object_component_ref idref="oc-508"/>
      </symbol>
      <symbol id="sm-984">
         <name>__mspabi_srll_12</name>
         <value>0x9d6c</value>
         <object_component_ref idref="oc-508"/>
      </symbol>
      <symbol id="sm-985">
         <name>__mspabi_srll_11</name>
         <value>0x9d72</value>
         <object_component_ref idref="oc-508"/>
      </symbol>
      <symbol id="sm-986">
         <name>__mspabi_srll_10</name>
         <value>0x9d78</value>
         <object_component_ref idref="oc-508"/>
      </symbol>
      <symbol id="sm-987">
         <name>__mspabi_srll</name>
         <value>0xad9a</value>
         <object_component_ref idref="oc-3a1"/>
      </symbol>
      <symbol id="sm-997">
         <name>memcmp</name>
         <value>0xaaa2</value>
         <object_component_ref idref="oc-5aa"/>
      </symbol>
      <symbol id="sm-9a5">
         <name>memcpy</name>
         <value>0xadac</value>
         <object_component_ref idref="oc-10c"/>
      </symbol>
      <symbol id="sm-9b4">
         <name>memmove</name>
         <value>0xab44</value>
         <object_component_ref idref="oc-700"/>
      </symbol>
      <symbol id="sm-9c2">
         <name>memset</name>
         <value>0xad3a</value>
         <object_component_ref idref="oc-374"/>
      </symbol>
      <symbol id="sm-9cd">
         <name>__mspabi_mpyi_sw</name>
         <value>0xad62</value>
         <object_component_ref idref="oc-28d"/>
      </symbol>
      <symbol id="sm-9ce">
         <name>__mspabi_mpyi</name>
         <value>0xad62</value>
         <object_component_ref idref="oc-28d"/>
      </symbol>
      <symbol id="sm-9d8">
         <name>__mspabi_mpyl_sw</name>
         <value>0xaa5a</value>
         <object_component_ref idref="oc-461"/>
      </symbol>
      <symbol id="sm-9d9">
         <name>__mspabi_mpyl</name>
         <value>0xaa5a</value>
         <object_component_ref idref="oc-461"/>
      </symbol>
      <symbol id="sm-9ec">
         <name>__TI_renormd</name>
         <value>0x926c</value>
         <object_component_ref idref="oc-3ab"/>
      </symbol>
      <symbol id="sm-a0b">
         <name>_auto_init</name>
         <value>0x9bb4</value>
         <object_component_ref idref="oc-143"/>
      </symbol>
      <symbol id="sm-a21">
         <name>copy_in</name>
         <value>0x9db6</value>
         <object_component_ref idref="oc-1c2"/>
      </symbol>
      <symbol id="sm-a2a">
         <name>_system_post_cinit</name>
         <value>0xaf36</value>
         <object_component_ref idref="oc-1c8"/>
      </symbol>
      <symbol id="sm-a2d">
         <name>__TI_BINIT_Base</name>
         <value>0x0</value>
      </symbol>
      <symbol id="sm-a2e">
         <name>__TI_BINIT_Limit</name>
         <value>0x0</value>
      </symbol>
   </symbol_table>
   <title>Link successful</title>
</link_info>
