<?xml version="1.0"?>
<link_info>
   <banner>MSP430 Linker Unix v16.9.0.LTS</banner>
   <copyright>Copyright (c) 2003-2015 Texas Instruments Incorporated</copyright>
   <link_time>0x5b429332</link_time>
   <link_errors>0x0</link_errors>
   <output_file>cbots.out</output_file>
   <entry_point>
      <name>_c_int00_noargs_noexit</name>
      <address>0xada4</address>
   </entry_point>
   <input_file_list>
      <input_file id="fl-2">
         <path>./Applications/application/Access Point/</path>
         <kind>object</kind>
         <file>main_AP_Async_TalkandListen_.obj</file>
         <name>main_AP_Async_TalkandListen_.obj</name>
      </input_file>
      <input_file id="fl-3">
         <path>./Components/bsp/</path>
         <kind>object</kind>
         <file>bsp.obj</file>
         <name>bsp.obj</name>
      </input_file>
      <input_file id="fl-4">
         <path>./Components/mrfi/</path>
         <kind>object</kind>
         <file>mrfi.obj</file>
         <name>mrfi.obj</name>
      </input_file>
      <input_file id="fl-5">
         <path>./Components/simpliciti/nwk/</path>
         <kind>object</kind>
         <file>nwk.obj</file>
         <name>nwk.obj</name>
      </input_file>
      <input_file id="fl-6">
         <path>./Components/simpliciti/nwk/</path>
         <kind>object</kind>
         <file>nwk_QMgmt.obj</file>
         <name>nwk_QMgmt.obj</name>
      </input_file>
      <input_file id="fl-7">
         <path>./Components/simpliciti/nwk/</path>
         <kind>object</kind>
         <file>nwk_api.obj</file>
         <name>nwk_api.obj</name>
      </input_file>
      <input_file id="fl-8">
         <path>./Components/simpliciti/nwk/</path>
         <kind>object</kind>
         <file>nwk_frame.obj</file>
         <name>nwk_frame.obj</name>
      </input_file>
      <input_file id="fl-9">
         <path>./Components/simpliciti/nwk/</path>
         <kind>object</kind>
         <file>nwk_globals.obj</file>
         <name>nwk_globals.obj</name>
      </input_file>
      <input_file id="fl-a">
         <path>./Components/simpliciti/nwk_applications/</path>
         <kind>object</kind>
         <file>nwk_freq.obj</file>
         <name>nwk_freq.obj</name>
      </input_file>
      <input_file id="fl-b">
         <path>./Components/simpliciti/nwk_applications/</path>
         <kind>object</kind>
         <file>nwk_ioctl.obj</file>
         <name>nwk_ioctl.obj</name>
      </input_file>
      <input_file id="fl-c">
         <path>./Components/simpliciti/nwk_applications/</path>
         <kind>object</kind>
         <file>nwk_join.obj</file>
         <name>nwk_join.obj</name>
      </input_file>
      <input_file id="fl-d">
         <path>./Components/simpliciti/nwk_applications/</path>
         <kind>object</kind>
         <file>nwk_link.obj</file>
         <name>nwk_link.obj</name>
      </input_file>
      <input_file id="fl-e">
         <path>./Components/simpliciti/nwk_applications/</path>
         <kind>object</kind>
         <file>nwk_mgmt.obj</file>
         <name>nwk_mgmt.obj</name>
      </input_file>
      <input_file id="fl-f">
         <path>./Components/simpliciti/nwk_applications/</path>
         <kind>object</kind>
         <file>nwk_ping.obj</file>
         <name>nwk_ping.obj</name>
      </input_file>
      <input_file id="fl-10">
         <path>./Components/simpliciti/nwk_applications/</path>
         <kind>object</kind>
         <file>nwk_security.obj</file>
         <name>nwk_security.obj</name>
      </input_file>
      <input_file id="fl-11">
         <path>./utils/</path>
         <kind>object</kind>
         <file>UART_HANDLER.obj</file>
         <name>UART_HANDLER.obj</name>
      </input_file>
      <input_file id="fl-12">
         <path>./utils/</path>
         <kind>object</kind>
         <file>utils.obj</file>
         <name>utils.obj</name>
      </input_file>
      <input_file id="fl-2d">
         <path>/Applications/ti/ccsv7/tools/compiler/ti-cgt-msp430_16.9.0.LTS/lib/</path>
         <kind>archive</kind>
         <file>rts430_eabi.lib</file>
         <name>addd.obj</name>
      </input_file>
      <input_file id="fl-2e">
         <path>/Applications/ti/ccsv7/tools/compiler/ti-cgt-msp430_16.9.0.LTS/lib/</path>
         <kind>archive</kind>
         <file>rts430_eabi.lib</file>
         <name>asr16.obj</name>
      </input_file>
      <input_file id="fl-2f">
         <path>/Applications/ti/ccsv7/tools/compiler/ti-cgt-msp430_16.9.0.LTS/lib/</path>
         <kind>archive</kind>
         <file>rts430_eabi.lib</file>
         <name>asr32.obj</name>
      </input_file>
      <input_file id="fl-30">
         <path>/Applications/ti/ccsv7/tools/compiler/ti-cgt-msp430_16.9.0.LTS/lib/</path>
         <kind>archive</kind>
         <file>rts430_eabi.lib</file>
         <name>boot.obj</name>
      </input_file>
      <input_file id="fl-31">
         <path>/Applications/ti/ccsv7/tools/compiler/ti-cgt-msp430_16.9.0.LTS/lib/</path>
         <kind>archive</kind>
         <file>rts430_eabi.lib</file>
         <name>boot_special.obj</name>
      </input_file>
      <input_file id="fl-32">
         <path>/Applications/ti/ccsv7/tools/compiler/ti-cgt-msp430_16.9.0.LTS/lib/</path>
         <kind>archive</kind>
         <file>rts430_eabi.lib</file>
         <name>copy_decompress_lzss.obj</name>
      </input_file>
      <input_file id="fl-33">
         <path>/Applications/ti/ccsv7/tools/compiler/ti-cgt-msp430_16.9.0.LTS/lib/</path>
         <kind>archive</kind>
         <file>rts430_eabi.lib</file>
         <name>copy_decompress_none.obj</name>
      </input_file>
      <input_file id="fl-34">
         <path>/Applications/ti/ccsv7/tools/compiler/ti-cgt-msp430_16.9.0.LTS/lib/</path>
         <kind>archive</kind>
         <file>rts430_eabi.lib</file>
         <name>copy_zero_init.obj</name>
      </input_file>
      <input_file id="fl-35">
         <path>/Applications/ti/ccsv7/tools/compiler/ti-cgt-msp430_16.9.0.LTS/lib/</path>
         <kind>archive</kind>
         <file>rts430_eabi.lib</file>
         <name>cvtdf.obj</name>
      </input_file>
      <input_file id="fl-36">
         <path>/Applications/ti/ccsv7/tools/compiler/ti-cgt-msp430_16.9.0.LTS/lib/</path>
         <kind>archive</kind>
         <file>rts430_eabi.lib</file>
         <name>cvtfd.obj</name>
      </input_file>
      <input_file id="fl-37">
         <path>/Applications/ti/ccsv7/tools/compiler/ti-cgt-msp430_16.9.0.LTS/lib/</path>
         <kind>archive</kind>
         <file>rts430_eabi.lib</file>
         <name>div16s.obj</name>
      </input_file>
      <input_file id="fl-38">
         <path>/Applications/ti/ccsv7/tools/compiler/ti-cgt-msp430_16.9.0.LTS/lib/</path>
         <kind>archive</kind>
         <file>rts430_eabi.lib</file>
         <name>div16u.obj</name>
      </input_file>
      <input_file id="fl-39">
         <path>/Applications/ti/ccsv7/tools/compiler/ti-cgt-msp430_16.9.0.LTS/lib/</path>
         <kind>archive</kind>
         <file>rts430_eabi.lib</file>
         <name>div32u.obj</name>
      </input_file>
      <input_file id="fl-3a">
         <path>/Applications/ti/ccsv7/tools/compiler/ti-cgt-msp430_16.9.0.LTS/lib/</path>
         <kind>archive</kind>
         <file>rts430_eabi.lib</file>
         <name>epilog.obj</name>
      </input_file>
      <input_file id="fl-3b">
         <path>/Applications/ti/ccsv7/tools/compiler/ti-cgt-msp430_16.9.0.LTS/lib/</path>
         <kind>archive</kind>
         <file>rts430_eabi.lib</file>
         <name>exit.obj</name>
      </input_file>
      <input_file id="fl-3c">
         <path>/Applications/ti/ccsv7/tools/compiler/ti-cgt-msp430_16.9.0.LTS/lib/</path>
         <kind>archive</kind>
         <file>rts430_eabi.lib</file>
         <name>exit_gvars.obj</name>
      </input_file>
      <input_file id="fl-3d">
         <path>/Applications/ti/ccsv7/tools/compiler/ti-cgt-msp430_16.9.0.LTS/lib/</path>
         <kind>archive</kind>
         <file>rts430_eabi.lib</file>
         <name>frcaddd.obj</name>
      </input_file>
      <input_file id="fl-3e">
         <path>/Applications/ti/ccsv7/tools/compiler/ti-cgt-msp430_16.9.0.LTS/lib/</path>
         <kind>archive</kind>
         <file>rts430_eabi.lib</file>
         <name>fs_add.obj</name>
      </input_file>
      <input_file id="fl-3f">
         <path>/Applications/ti/ccsv7/tools/compiler/ti-cgt-msp430_16.9.0.LTS/lib/</path>
         <kind>archive</kind>
         <file>rts430_eabi.lib</file>
         <name>fs_cmp.obj</name>
      </input_file>
      <input_file id="fl-40">
         <path>/Applications/ti/ccsv7/tools/compiler/ti-cgt-msp430_16.9.0.LTS/lib/</path>
         <kind>archive</kind>
         <file>rts430_eabi.lib</file>
         <name>int02.obj</name>
      </input_file>
      <input_file id="fl-41">
         <path>/Applications/ti/ccsv7/tools/compiler/ti-cgt-msp430_16.9.0.LTS/lib/</path>
         <kind>archive</kind>
         <file>rts430_eabi.lib</file>
         <name>int05.obj</name>
      </input_file>
      <input_file id="fl-42">
         <path>/Applications/ti/ccsv7/tools/compiler/ti-cgt-msp430_16.9.0.LTS/lib/</path>
         <kind>archive</kind>
         <file>rts430_eabi.lib</file>
         <name>int08.obj</name>
      </input_file>
      <input_file id="fl-43">
         <path>/Applications/ti/ccsv7/tools/compiler/ti-cgt-msp430_16.9.0.LTS/lib/</path>
         <kind>archive</kind>
         <file>rts430_eabi.lib</file>
         <name>int10.obj</name>
      </input_file>
      <input_file id="fl-44">
         <path>/Applications/ti/ccsv7/tools/compiler/ti-cgt-msp430_16.9.0.LTS/lib/</path>
         <kind>archive</kind>
         <file>rts430_eabi.lib</file>
         <name>int12.obj</name>
      </input_file>
      <input_file id="fl-45">
         <path>/Applications/ti/ccsv7/tools/compiler/ti-cgt-msp430_16.9.0.LTS/lib/</path>
         <kind>archive</kind>
         <file>rts430_eabi.lib</file>
         <name>int13.obj</name>
      </input_file>
      <input_file id="fl-46">
         <path>/Applications/ti/ccsv7/tools/compiler/ti-cgt-msp430_16.9.0.LTS/lib/</path>
         <kind>archive</kind>
         <file>rts430_eabi.lib</file>
         <name>int14.obj</name>
      </input_file>
      <input_file id="fl-47">
         <path>/Applications/ti/ccsv7/tools/compiler/ti-cgt-msp430_16.9.0.LTS/lib/</path>
         <kind>archive</kind>
         <file>rts430_eabi.lib</file>
         <name>isr_trap.obj</name>
      </input_file>
      <input_file id="fl-48">
         <path>/Applications/ti/ccsv7/tools/compiler/ti-cgt-msp430_16.9.0.LTS/lib/</path>
         <kind>archive</kind>
         <file>rts430_eabi.lib</file>
         <name>lsl16.obj</name>
      </input_file>
      <input_file id="fl-49">
         <path>/Applications/ti/ccsv7/tools/compiler/ti-cgt-msp430_16.9.0.LTS/lib/</path>
         <kind>archive</kind>
         <file>rts430_eabi.lib</file>
         <name>lsl32.obj</name>
      </input_file>
      <input_file id="fl-4a">
         <path>/Applications/ti/ccsv7/tools/compiler/ti-cgt-msp430_16.9.0.LTS/lib/</path>
         <kind>archive</kind>
         <file>rts430_eabi.lib</file>
         <name>lsr16.obj</name>
      </input_file>
      <input_file id="fl-4b">
         <path>/Applications/ti/ccsv7/tools/compiler/ti-cgt-msp430_16.9.0.LTS/lib/</path>
         <kind>archive</kind>
         <file>rts430_eabi.lib</file>
         <name>lsr32.obj</name>
      </input_file>
      <input_file id="fl-4c">
         <path>/Applications/ti/ccsv7/tools/compiler/ti-cgt-msp430_16.9.0.LTS/lib/</path>
         <kind>archive</kind>
         <file>rts430_eabi.lib</file>
         <name>lsr64.obj</name>
      </input_file>
      <input_file id="fl-4d">
         <path>/Applications/ti/ccsv7/tools/compiler/ti-cgt-msp430_16.9.0.LTS/lib/</path>
         <kind>archive</kind>
         <file>rts430_eabi.lib</file>
         <name>memcmp.obj</name>
      </input_file>
      <input_file id="fl-4e">
         <path>/Applications/ti/ccsv7/tools/compiler/ti-cgt-msp430_16.9.0.LTS/lib/</path>
         <kind>archive</kind>
         <file>rts430_eabi.lib</file>
         <name>memcpy.obj</name>
      </input_file>
      <input_file id="fl-4f">
         <path>/Applications/ti/ccsv7/tools/compiler/ti-cgt-msp430_16.9.0.LTS/lib/</path>
         <kind>archive</kind>
         <file>rts430_eabi.lib</file>
         <name>memmov.obj</name>
      </input_file>
      <input_file id="fl-50">
         <path>/Applications/ti/ccsv7/tools/compiler/ti-cgt-msp430_16.9.0.LTS/lib/</path>
         <kind>archive</kind>
         <file>rts430_eabi.lib</file>
         <name>memset.obj</name>
      </input_file>
      <input_file id="fl-51">
         <path>/Applications/ti/ccsv7/tools/compiler/ti-cgt-msp430_16.9.0.LTS/lib/</path>
         <kind>archive</kind>
         <file>rts430_eabi.lib</file>
         <name>mpu_init.obj</name>
      </input_file>
      <input_file id="fl-52">
         <path>/Applications/ti/ccsv7/tools/compiler/ti-cgt-msp430_16.9.0.LTS/lib/</path>
         <kind>archive</kind>
         <file>rts430_eabi.lib</file>
         <name>mult16.obj</name>
      </input_file>
      <input_file id="fl-53">
         <path>/Applications/ti/ccsv7/tools/compiler/ti-cgt-msp430_16.9.0.LTS/lib/</path>
         <kind>archive</kind>
         <file>rts430_eabi.lib</file>
         <name>mult32.obj</name>
      </input_file>
      <input_file id="fl-54">
         <path>/Applications/ti/ccsv7/tools/compiler/ti-cgt-msp430_16.9.0.LTS/lib/</path>
         <kind>archive</kind>
         <file>rts430_eabi.lib</file>
         <name>renormd.obj</name>
      </input_file>
      <input_file id="fl-55">
         <path>/Applications/ti/ccsv7/tools/compiler/ti-cgt-msp430_16.9.0.LTS/lib/</path>
         <kind>archive</kind>
         <file>rts430_eabi.lib</file>
         <name>rotl16.obj</name>
      </input_file>
      <input_file id="fl-56">
         <path>/Applications/ti/ccsv7/tools/compiler/ti-cgt-msp430_16.9.0.LTS/lib/</path>
         <kind>archive</kind>
         <file>rts430_eabi.lib</file>
         <name>_lock.obj</name>
      </input_file>
      <input_file id="fl-57">
         <path>/Applications/ti/ccsv7/tools/compiler/ti-cgt-msp430_16.9.0.LTS/lib/</path>
         <kind>archive</kind>
         <file>rts430_eabi.lib</file>
         <name>args_main.obj</name>
      </input_file>
      <input_file id="fl-58">
         <path>/Applications/ti/ccsv7/tools/compiler/ti-cgt-msp430_16.9.0.LTS/lib/</path>
         <kind>archive</kind>
         <file>rts430_eabi.lib</file>
         <name>autoinit.obj</name>
      </input_file>
      <input_file id="fl-59">
         <path>/Applications/ti/ccsv7/tools/compiler/ti-cgt-msp430_16.9.0.LTS/lib/</path>
         <kind>archive</kind>
         <file>rts430_eabi.lib</file>
         <name>cpy_tbl.obj</name>
      </input_file>
      <input_file id="fl-5a">
         <path>/Applications/ti/ccsv7/tools/compiler/ti-cgt-msp430_16.9.0.LTS/lib/</path>
         <kind>archive</kind>
         <file>rts430_eabi.lib</file>
         <name>startup.obj</name>
      </input_file>
   </input_file_list>
   <object_component_list>
      <object_component id="oc-21a">
         <name>.bss</name>
         <uninitialized>true</uninitialized>
         <run_address>0x478</run_address>
         <size>0x4</size>
         <input_file_ref idref="fl-2"/>
      </object_component>
      <object_component id="oc-3c1">
         <name>.bss:mrfiIncomingPacket</name>
         <uninitialized>true</uninitialized>
         <run_address>0x3f8</run_address>
         <size>0x2e</size>
         <input_file_ref idref="fl-4"/>
      </object_component>
      <object_component id="oc-5ae">
         <name>.bss:sInFrameQ</name>
         <uninitialized>true</uninitialized>
         <run_address>0x200</run_address>
         <size>0x120</size>
         <input_file_ref idref="fl-6"/>
      </object_component>
      <object_component id="oc-5b1">
         <name>.bss:sOutFrameQ</name>
         <uninitialized>true</uninitialized>
         <run_address>0x320</run_address>
         <size>0x60</size>
         <input_file_ref idref="fl-6"/>
      </object_component>
      <object_component id="oc-5a3">
         <name>.bss:sAPAddress</name>
         <uninitialized>true</uninitialized>
         <run_address>0x47c</run_address>
         <size>0x4</size>
         <input_file_ref idref="fl-9"/>
      </object_component>
      <object_component id="oc-56c">
         <name>.bss:sMyRAMAddress</name>
         <uninitialized>true</uninitialized>
         <run_address>0x480</run_address>
         <size>0x4</size>
         <input_file_ref idref="fl-9"/>
      </object_component>
      <object_component id="oc-4f2">
         <name>.bss:sServiceLinkID</name>
         <uninitialized>true</uninitialized>
         <run_address>0x46a</run_address>
         <size>0x8</size>
         <input_file_ref idref="fl-d"/>
      </object_component>
      <object_component id="oc-1a5">
         <name>.bss:UART_RX_BUFFER</name>
         <uninitialized>true</uninitialized>
         <run_address>0x446</run_address>
         <size>0x12</size>
         <input_file_ref idref="fl-11"/>
      </object_component>
      <object_component id="oc-19e">
         <name>.bss:UART_TX_BUFFER</name>
         <uninitialized>true</uninitialized>
         <run_address>0x458</run_address>
         <size>0x12</size>
         <input_file_ref idref="fl-11"/>
      </object_component>
      <object_component id="oc-222">
         <name>.common:TX_Time_msg</name>
         <uninitialized>true</uninitialized>
         <run_address>0x472</run_address>
         <size>0x6</size>
      </object_component>
      <object_component id="oc-231">
         <name>.common:TX_msg</name>
         <uninitialized>true</uninitialized>
         <run_address>0x426</run_address>
         <size>0x20</size>
      </object_component>
      <object_component id="oc-25d">
         <name>.common:RX_ser_buf</name>
         <uninitialized>true</uninitialized>
         <run_address>0x380</run_address>
         <size>0x3c</size>
      </object_component>
      <object_component id="oc-25e">
         <name>.common:TX_ser_buf</name>
         <uninitialized>true</uninitialized>
         <run_address>0x3bc</run_address>
         <size>0x3c</size>
      </object_component>
      <object_component id="oc-211">
         <name>.data:sLID</name>
         <load_address>0x524</load_address>
         <run_address>0x524</run_address>
         <size>0x8</size>
         <input_file_ref idref="fl-2"/>
      </object_component>
      <object_component id="oc-1a9">
         <name>.data</name>
         <load_address>0x508</load_address>
         <run_address>0x508</run_address>
         <size>0xa</size>
         <input_file_ref idref="fl-2"/>
      </object_component>
      <object_component id="oc-1f6">
         <name>.data:lAddr</name>
         <load_address>0x533</load_address>
         <run_address>0x533</run_address>
         <size>0x4</size>
         <input_file_ref idref="fl-2"/>
      </object_component>
      <object_component id="oc-415">
         <name>.data</name>
         <load_address>0x507</load_address>
         <run_address>0x507</run_address>
         <size>0x1</size>
         <input_file_ref idref="fl-3"/>
      </object_component>
      <object_component id="oc-3b2">
         <name>.data</name>
         <load_address>0x512</load_address>
         <run_address>0x512</run_address>
         <size>0x9</size>
         <input_file_ref idref="fl-4"/>
      </object_component>
      <object_component id="oc-52c">
         <name>.data:mrfiRxFilterAddr</name>
         <load_address>0x538</load_address>
         <run_address>0x538</run_address>
         <size>0x4</size>
         <input_file_ref idref="fl-4"/>
      </object_component>
      <object_component id="oc-4a4">
         <name>.data:sPersistInfo</name>
         <load_address>0x484</load_address>
         <run_address>0x484</run_address>
         <size>0x78</size>
         <input_file_ref idref="fl-5"/>
      </object_component>
      <object_component id="oc-2f1">
         <name>.data</name>
         <load_address>0x51b</load_address>
         <run_address>0x51b</run_address>
         <size>0x1</size>
         <input_file_ref idref="fl-7"/>
      </object_component>
      <object_component id="oc-579">
         <name>.data</name>
         <load_address>0x51c</load_address>
         <run_address>0x51c</run_address>
         <size>0x8</size>
         <input_file_ref idref="fl-8"/>
      </object_component>
      <object_component id="oc-569">
         <name>.data</name>
         <load_address>0x537</load_address>
         <run_address>0x537</run_address>
         <size>0x1</size>
         <input_file_ref idref="fl-9"/>
      </object_component>
      <object_component id="oc-574">
         <name>.data</name>
         <load_address>0x4fc</load_address>
         <run_address>0x4fc</run_address>
         <size>0xb</size>
         <input_file_ref idref="fl-c"/>
      </object_component>
      <object_component id="oc-4ee">
         <name>.data</name>
         <load_address>0x52c</load_address>
         <run_address>0x52c</run_address>
         <size>0x7</size>
         <input_file_ref idref="fl-d"/>
      </object_component>
      <object_component id="oc-5d1">
         <name>.data:sSFMarker</name>
         <load_address>0x53c</load_address>
         <run_address>0x53c</run_address>
         <size>0x3</size>
         <input_file_ref idref="fl-e"/>
      </object_component>
      <object_component id="oc-5ce">
         <name>.data</name>
         <load_address>0x53f</load_address>
         <run_address>0x53f</run_address>
         <size>0x1</size>
         <input_file_ref idref="fl-e"/>
      </object_component>
      <object_component id="oc-5b6">
         <name>.data</name>
         <load_address>0x540</load_address>
         <run_address>0x540</run_address>
         <size>0x1</size>
         <input_file_ref idref="fl-f"/>
      </object_component>
      <object_component id="oc-ee">
         <name>.stack</name>
         <uninitialized>true</uninitialized>
         <run_address>0x5b0</run_address>
         <size>0x2</size>
         <input_file_ref idref="fl-30"/>
      </object_component>
      <object_component id="oc-781">
         <name>.stack</name>
         <uninitialized>true</uninitialized>
         <run_address>0x5b0</run_address>
         <size>0x0</size>
      </object_component>
      <object_component id="oc-1b2">
         <name>.text:__mspabi_addd</name>
         <load_address>0x8000</load_address>
         <run_address>0x8000</run_address>
         <size>0x2e8</size>
         <input_file_ref idref="fl-2d"/>
      </object_component>
      <object_component id="oc-293">
         <name>.text:__TI_frcaddd</name>
         <load_address>0x82e8</load_address>
         <run_address>0x82e8</run_address>
         <size>0x260</size>
         <input_file_ref idref="fl-3d"/>
      </object_component>
      <object_component id="oc-332">
         <name>.text:MRFI_Init</name>
         <load_address>0x8548</load_address>
         <run_address>0x8548</run_address>
         <size>0x1c6</size>
         <input_file_ref idref="fl-4"/>
      </object_component>
      <object_component id="oc-15d">
         <name>.text:main</name>
         <load_address>0x870e</load_address>
         <run_address>0x870e</run_address>
         <size>0x1b2</size>
         <input_file_ref idref="fl-2"/>
      </object_component>
      <object_component id="oc-6bd">
         <name>.text:smpl_send_link_reply</name>
         <load_address>0x88c0</load_address>
         <run_address>0x88c0</run_address>
         <size>0x1a4</size>
         <input_file_ref idref="fl-d"/>
      </object_component>
      <object_component id="oc-508">
         <name>.text:nwk_QfindOldest</name>
         <load_address>0x8a64</load_address>
         <run_address>0x8a64</run_address>
         <size>0x16c</size>
         <input_file_ref idref="fl-6"/>
      </object_component>
      <object_component id="oc-545">
         <name>.text:dispatchFrame</name>
         <load_address>0x8bd0</load_address>
         <run_address>0x8bd0</run_address>
         <size>0x14e</size>
         <input_file_ref idref="fl-8"/>
      </object_component>
      <object_component id="oc-22c">
         <name>.text</name>
         <load_address>0x8d1e</load_address>
         <run_address>0x8d1e</run_address>
         <size>0x132</size>
         <input_file_ref idref="fl-3e"/>
      </object_component>
      <object_component id="oc-6c4">
         <name>.text:smpl_send_join_reply</name>
         <load_address>0x8e50</load_address>
         <run_address>0x8e50</run_address>
         <size>0x10e</size>
         <input_file_ref idref="fl-c"/>
      </object_component>
      <object_component id="oc-57d">
         <name>.text:MRFI_Transmit</name>
         <load_address>0x8f5e</load_address>
         <run_address>0x8f5e</run_address>
         <size>0x102</size>
         <input_file_ref idref="fl-4"/>
      </object_component>
      <object_component id="oc-264">
         <name>.text:Mrfi_SyncPinRxIsr</name>
         <load_address>0x9060</load_address>
         <run_address>0x9060</run_address>
         <size>0xda</size>
         <input_file_ref idref="fl-4"/>
      </object_component>
      <object_component id="oc-6ef">
         <name>.text:nwk_allocateLocalRxPort</name>
         <load_address>0x913a</load_address>
         <run_address>0x913a</run_address>
         <size>0xd8</size>
         <input_file_ref idref="fl-5"/>
      </object_component>
      <object_component id="oc-177">
         <name>.text:__sti___16_UART_HANDLER_cpp_3daaade3</name>
         <load_address>0x9212</load_address>
         <run_address>0x9212</run_address>
         <size>0xd2</size>
         <input_file_ref idref="fl-11"/>
      </object_component>
      <object_component id="oc-3fb">
         <name>.text:__TI_renormd</name>
         <load_address>0x92e4</load_address>
         <run_address>0x92e4</run_address>
         <size>0xbe</size>
         <input_file_ref idref="fl-54"/>
      </object_component>
      <object_component id="oc-1f9">
         <name>.text:SMPL_Ioctl</name>
         <load_address>0x93a2</load_address>
         <run_address>0x93a2</run_address>
         <size>0xbc</size>
         <input_file_ref idref="fl-7"/>
      </object_component>
      <object_component id="oc-3a1">
         <name>.text:nwk_retrieveFrame</name>
         <load_address>0x945e</load_address>
         <run_address>0x945e</run_address>
         <size>0xb2</size>
         <input_file_ref idref="fl-8"/>
      </object_component>
      <object_component id="oc-721">
         <name>.text:nwk_SendEmptyPollRspFrame</name>
         <load_address>0x9510</load_address>
         <run_address>0x9510</run_address>
         <size>0xac</size>
         <input_file_ref idref="fl-8"/>
      </object_component>
      <object_component id="oc-606">
         <name>.text:isDupSandFFrame</name>
         <load_address>0x95bc</load_address>
         <run_address>0x95bc</run_address>
         <size>0xa0</size>
         <input_file_ref idref="fl-8"/>
      </object_component>
      <object_component id="oc-452">
         <name>.text:nwk_buildFrame</name>
         <load_address>0x965c</load_address>
         <run_address>0x965c</run_address>
         <size>0x9e</size>
         <input_file_ref idref="fl-8"/>
      </object_component>
      <object_component id="oc-38d">
         <name>.text:SMPL_SendOpt</name>
         <load_address>0x96fa</load_address>
         <run_address>0x96fa</run_address>
         <size>0x9c</size>
         <input_file_ref idref="fl-7"/>
      </object_component>
      <object_component id="oc-6cf">
         <name>.text:send_poll_reply</name>
         <load_address>0x9796</load_address>
         <run_address>0x9796</run_address>
         <size>0x92</size>
         <input_file_ref idref="fl-e"/>
      </object_component>
      <object_component id="oc-1b8">
         <name>.text:__mspabi_cvtdf</name>
         <load_address>0x9828</load_address>
         <run_address>0x9828</run_address>
         <size>0x8c</size>
         <input_file_ref idref="fl-35"/>
      </object_component>
      <object_component id="oc-539">
         <name>.text:nwk_QfindSlot</name>
         <load_address>0x98b4</load_address>
         <run_address>0x98b4</run_address>
         <size>0x86</size>
         <input_file_ref idref="fl-6"/>
      </object_component>
      <object_component id="oc-338">
         <name>.text:nwk_nwkInit</name>
         <load_address>0x993a</load_address>
         <run_address>0x993a</run_address>
         <size>0x86</size>
         <input_file_ref idref="fl-5"/>
      </object_component>
      <object_component id="oc-521">
         <name>.text:spiBurstFifoAccess</name>
         <load_address>0x99c0</load_address>
         <run_address>0x99c0</run_address>
         <size>0x86</size>
         <input_file_ref idref="fl-4"/>
      </object_component>
      <object_component id="oc-32">
         <name>.text:decompress:lzss:__TI_decompress_lzss</name>
         <load_address>0x9a46</load_address>
         <run_address>0x9a46</run_address>
         <size>0x7c</size>
         <input_file_ref idref="fl-32"/>
      </object_component>
      <object_component id="oc-71b">
         <name>.text:nwk_getSandFFrame</name>
         <load_address>0x9ac2</load_address>
         <run_address>0x9ac2</run_address>
         <size>0x7c</size>
         <input_file_ref idref="fl-8"/>
      </object_component>
      <object_component id="oc-318">
         <name>.text:nwk_radioControl</name>
         <load_address>0x9b3e</load_address>
         <run_address>0x9b3e</run_address>
         <size>0x7c</size>
         <input_file_ref idref="fl-b"/>
      </object_component>
      <object_component id="oc-214">
         <name>.text:SMPL_LinkListen</name>
         <load_address>0x9bba</load_address>
         <run_address>0x9bba</run_address>
         <size>0x76</size>
         <input_file_ref idref="fl-7"/>
      </object_component>
      <object_component id="oc-1ac">
         <name>.text:__mspabi_cvtfd</name>
         <load_address>0x9c30</load_address>
         <run_address>0x9c30</run_address>
         <size>0x72</size>
         <input_file_ref idref="fl-36"/>
      </object_component>
      <object_component id="oc-143">
         <name>.text:_auto_init</name>
         <load_address>0x9ca2</load_address>
         <run_address>0x9ca2</run_address>
         <size>0x6e</size>
         <input_file_ref idref="fl-58"/>
      </object_component>
      <object_component id="oc-708">
         <name>.text:nwk_saveJoinedDevice</name>
         <load_address>0x9d10</load_address>
         <run_address>0x9d10</run_address>
         <size>0x6a</size>
         <input_file_ref idref="fl-5"/>
      </object_component>
      <object_component id="oc-60c">
         <name>.text:nwk_isConnectionValid</name>
         <load_address>0x9d7a</load_address>
         <run_address>0x9d7a</run_address>
         <size>0x68</size>
         <input_file_ref idref="fl-5"/>
      </object_component>
      <object_component id="oc-1ea">
         <name>.text:_Z9Init_UARTv</name>
         <load_address>0x9de2</load_address>
         <run_address>0x9de2</run_address>
         <size>0x66</size>
         <input_file_ref idref="fl-11"/>
      </object_component>
      <object_component id="oc-555">
         <name>.text:l_lsr_const</name>
         <load_address>0x9e48</load_address>
         <run_address>0x9e48</run_address>
         <size>0x5c</size>
         <input_file_ref idref="fl-4b"/>
      </object_component>
      <object_component id="oc-1c2">
         <name>.text:copy_in</name>
         <load_address>0x9ea4</load_address>
         <run_address>0x9ea4</run_address>
         <size>0x5a</size>
         <input_file_ref idref="fl-59"/>
      </object_component>
      <object_component id="oc-49e">
         <name>.text</name>
         <load_address>0x9efe</load_address>
         <run_address>0x9efe</run_address>
         <size>0x58</size>
         <input_file_ref idref="fl-39"/>
      </object_component>
      <object_component id="oc-130">
         <name>.text:_Z11TIMERA0_ISRv</name>
         <load_address>0x9f56</load_address>
         <run_address>0x9f56</run_address>
         <size>0x56</size>
         <input_file_ref idref="fl-2"/>
      </object_component>
      <object_component id="oc-33e">
         <name>.text:MRFI_WakeUp</name>
         <load_address>0x9fac</load_address>
         <run_address>0x9fac</run_address>
         <size>0x54</size>
         <input_file_ref idref="fl-4"/>
      </object_component>
      <object_component id="oc-31e">
         <name>.text:nwk_rawSend</name>
         <load_address>0xa000</load_address>
         <run_address>0xa000</run_address>
         <size>0x54</size>
         <input_file_ref idref="fl-b"/>
      </object_component>
      <object_component id="oc-6e9">
         <name>.text:nwk_getNextConnection</name>
         <load_address>0xa054</load_address>
         <run_address>0xa054</run_address>
         <size>0x50</size>
         <input_file_ref idref="fl-5"/>
      </object_component>
      <object_component id="oc-232">
         <name>.text:SMPL_Receive</name>
         <load_address>0xa0a4</load_address>
         <run_address>0xa0a4</run_address>
         <size>0x4c</size>
         <input_file_ref idref="fl-7"/>
      </object_component>
      <object_component id="oc-f7">
         <name>.text</name>
         <load_address>0xa0f0</load_address>
         <run_address>0xa0f0</run_address>
         <size>0x4c</size>
         <input_file_ref idref="fl-4a"/>
      </object_component>
      <object_component id="oc-3dc">
         <name>.text:mrfiSpiCmdStrobe</name>
         <load_address>0xa13c</load_address>
         <run_address>0xa13c</run_address>
         <size>0x4a</size>
         <input_file_ref idref="fl-4"/>
      </object_component>
      <object_component id="oc-21d">
         <name>.text</name>
         <load_address>0xa186</load_address>
         <run_address>0xa186</run_address>
         <size>0x4a</size>
         <input_file_ref idref="fl-3f"/>
      </object_component>
      <object_component id="oc-66c">
         <name>.text:nwk_processMgmt</name>
         <load_address>0xa1d0</load_address>
         <run_address>0xa1d0</run_address>
         <size>0x48</size>
         <input_file_ref idref="fl-e"/>
      </object_component>
      <object_component id="oc-3ca">
         <name>.text:MRFI_RxAddrIsFiltered</name>
         <load_address>0xa218</load_address>
         <run_address>0xa218</run_address>
         <size>0x46</size>
         <input_file_ref idref="fl-4"/>
      </object_component>
      <object_component id="oc-6e3">
         <name>.text:nwk_findAlreadyJoined</name>
         <load_address>0xa25e</load_address>
         <run_address>0xa25e</run_address>
         <size>0x46</size>
         <input_file_ref idref="fl-5"/>
      </object_component>
      <object_component id="oc-6dd">
         <name>.text:nwk_isLinkDuplicate</name>
         <load_address>0xa2a4</load_address>
         <run_address>0xa2a4</run_address>
         <size>0x46</size>
         <input_file_ref idref="fl-5"/>
      </object_component>
      <object_component id="oc-6b6">
         <name>.text:smpl_send_ping_reply</name>
         <load_address>0xa2ea</load_address>
         <run_address>0xa2ea</run_address>
         <size>0x46</size>
         <input_file_ref idref="fl-f"/>
      </object_component>
      <object_component id="oc-44b">
         <name>.text:MRFI_Rssi</name>
         <load_address>0xa330</load_address>
         <run_address>0xa330</run_address>
         <size>0x44</size>
         <input_file_ref idref="fl-4"/>
      </object_component>
      <object_component id="oc-3ab">
         <name>.text:_Z17tx_bytes_to_slavePhi</name>
         <load_address>0xa374</load_address>
         <run_address>0xa374</run_address>
         <size>0x44</size>
         <input_file_ref idref="fl-11"/>
      </object_component>
      <object_component id="oc-51a">
         <name>.text:spiRegAccess</name>
         <load_address>0xa3b8</load_address>
         <run_address>0xa3b8</run_address>
         <size>0x44</size>
         <input_file_ref idref="fl-4"/>
      </object_component>
      <object_component id="oc-24a">
         <name>.text:_Z10ParseRXCmdi</name>
         <load_address>0xa3fc</load_address>
         <run_address>0xa3fc</run_address>
         <size>0x42</size>
         <input_file_ref idref="fl-2"/>
      </object_component>
      <object_component id="oc-4f9">
         <name>.text:nwk_isSandFClient</name>
         <load_address>0xa43e</load_address>
         <run_address>0xa43e</run_address>
         <size>0x40</size>
         <input_file_ref idref="fl-c"/>
      </object_component>
      <object_component id="oc-730">
         <name>.text:initializeConnection</name>
         <load_address>0xa47e</load_address>
         <run_address>0xa47e</run_address>
         <size>0x3e</size>
         <input_file_ref idref="fl-5"/>
      </object_component>
      <object_component id="oc-287">
         <name>.text:l_asr_const</name>
         <load_address>0xa4bc</load_address>
         <run_address>0xa4bc</run_address>
         <size>0x3e</size>
         <input_file_ref idref="fl-2f"/>
      </object_component>
      <object_component id="oc-2a0">
         <name>.text:l_lsl_const</name>
         <load_address>0xa4fa</load_address>
         <run_address>0xa4fa</run_address>
         <size>0x3e</size>
         <input_file_ref idref="fl-49"/>
      </object_component>
      <object_component id="oc-360">
         <name>.text:nwk_getLocalLinkID</name>
         <load_address>0xa538</load_address>
         <run_address>0xa538</run_address>
         <size>0x3e</size>
         <input_file_ref idref="fl-d"/>
      </object_component>
      <object_component id="oc-65a">
         <name>.text:nwk_processJoin</name>
         <load_address>0xa576</load_address>
         <run_address>0xa576</run_address>
         <size>0x3e</size>
         <input_file_ref idref="fl-c"/>
      </object_component>
      <object_component id="oc-702">
         <name>.text:nwk_putNumObjectIntoMsg</name>
         <load_address>0xa5b4</load_address>
         <run_address>0xa5b4</run_address>
         <size>0x3c</size>
         <input_file_ref idref="fl-5"/>
      </object_component>
      <object_component id="oc-124">
         <name>.text:_Z13USCIAB0TX_ISRv</name>
         <load_address>0xa5f0</load_address>
         <run_address>0xa5f0</run_address>
         <size>0x3a</size>
         <input_file_ref idref="fl-11"/>
      </object_component>
      <object_component id="oc-68d">
         <name>.text:nwk_isValidReply</name>
         <load_address>0xa62a</load_address>
         <run_address>0xa62a</run_address>
         <size>0x3a</size>
         <input_file_ref idref="fl-5"/>
      </object_component>
      <object_component id="oc-4c5">
         <name>.text:nwk_joinInit</name>
         <load_address>0xa664</load_address>
         <run_address>0xa664</run_address>
         <size>0x3a</size>
         <input_file_ref idref="fl-c"/>
      </object_component>
      <object_component id="oc-600">
         <name>.text:nwk_replayFrame</name>
         <load_address>0xa69e</load_address>
         <run_address>0xa69e</run_address>
         <size>0x3a</size>
         <input_file_ref idref="fl-8"/>
      </object_component>
      <object_component id="oc-50e">
         <name>.text:nwk_QadjustOrder</name>
         <load_address>0xa6d8</load_address>
         <run_address>0xa6d8</run_address>
         <size>0x36</size>
         <input_file_ref idref="fl-6"/>
      </object_component>
      <object_component id="oc-48d">
         <name>.text:MRFI_SetRFPwr</name>
         <load_address>0xa70e</load_address>
         <run_address>0xa70e</run_address>
         <size>0x34</size>
         <input_file_ref idref="fl-4"/>
      </object_component>
      <object_component id="oc-472">
         <name>.text:mrfiSpiInit</name>
         <load_address>0xa742</load_address>
         <run_address>0xa742</run_address>
         <size>0x34</size>
         <input_file_ref idref="fl-4"/>
      </object_component>
      <object_component id="oc-30c">
         <name>.text:nwk_deviceAddress</name>
         <load_address>0xa776</load_address>
         <run_address>0xa776</run_address>
         <size>0x34</size>
         <input_file_ref idref="fl-b"/>
      </object_component>
      <object_component id="oc-487">
         <name>.text:MRFI_SetLogicalChannel</name>
         <load_address>0xa7aa</load_address>
         <run_address>0xa7aa</run_address>
         <size>0x32</size>
         <input_file_ref idref="fl-4"/>
      </object_component>
      <object_component id="oc-395">
         <name>.text:nwk_getConnInfo</name>
         <load_address>0xa7dc</load_address>
         <run_address>0xa7dc</run_address>
         <size>0x32</size>
         <input_file_ref idref="fl-5"/>
      </object_component>
      <object_component id="oc-4d1">
         <name>.text:nwk_linkInit</name>
         <load_address>0xa80e</load_address>
         <run_address>0xa80e</run_address>
         <size>0x32</size>
         <input_file_ref idref="fl-d"/>
      </object_component>
      <object_component id="oc-500">
         <name>.text:map_lid2idx</name>
         <load_address>0xa840</load_address>
         <run_address>0xa840</run_address>
         <size>0x30</size>
         <input_file_ref idref="fl-5"/>
      </object_component>
      <object_component id="oc-64e">
         <name>.text:nwk_processPing</name>
         <load_address>0xa870</load_address>
         <run_address>0xa870</run_address>
         <size>0x30</size>
         <input_file_ref idref="fl-f"/>
      </object_component>
      <object_component id="oc-324">
         <name>.text:nwk_rawReceive</name>
         <load_address>0xa8a0</load_address>
         <run_address>0xa8a0</run_address>
         <size>0x30</size>
         <input_file_ref idref="fl-b"/>
      </object_component>
      <object_component id="oc-458">
         <name>.text:nwk_sendFrame</name>
         <load_address>0xa8d0</load_address>
         <run_address>0xa8d0</run_address>
         <size>0x30</size>
         <input_file_ref idref="fl-8"/>
      </object_component>
      <object_component id="oc-3d0">
         <name>.text:Mrfi_CalculateRssi</name>
         <load_address>0xa900</load_address>
         <run_address>0xa900</run_address>
         <size>0x2e</size>
         <input_file_ref idref="fl-4"/>
      </object_component>
      <object_component id="oc-12a">
         <name>.text:_Z13USCIAB0RX_ISRv</name>
         <load_address>0xa92e</load_address>
         <run_address>0xa92e</run_address>
         <size>0x2e</size>
         <input_file_ref idref="fl-11"/>
      </object_component>
      <object_component id="oc-654">
         <name>.text:nwk_processLink</name>
         <load_address>0xa95c</load_address>
         <run_address>0xa95c</run_address>
         <size>0x2e</size>
         <input_file_ref idref="fl-d"/>
      </object_component>
      <object_component id="oc-478">
         <name>.text:Mrfi_DelayUsec</name>
         <load_address>0xa98a</load_address>
         <run_address>0xa98a</run_address>
         <size>0x2c</size>
         <input_file_ref idref="fl-4"/>
      </object_component>
      <object_component id="oc-493">
         <name>.text:Mrfi_RxModeOff</name>
         <load_address>0xa9b6</load_address>
         <run_address>0xa9b6</run_address>
         <size>0x2c</size>
         <input_file_ref idref="fl-4"/>
      </object_component>
      <object_component id="oc-205">
         <name>.text:SMPL_Init</name>
         <load_address>0xa9e2</load_address>
         <run_address>0xa9e2</run_address>
         <size>0x2c</size>
         <input_file_ref idref="fl-7"/>
      </object_component>
      <object_component id="oc-69a">
         <name>.text:handleLinkRequest</name>
         <load_address>0xaa0e</load_address>
         <run_address>0xaa0e</run_address>
         <size>0x2c</size>
         <input_file_ref idref="fl-d"/>
      </object_component>
      <object_component id="oc-715">
         <name>.text:nwk_checkAppMsgTID</name>
         <load_address>0xaa3a</load_address>
         <run_address>0xaa3a</run_address>
         <size>0x2c</size>
         <input_file_ref idref="fl-5"/>
      </object_component>
      <object_component id="oc-282">
         <name>.text</name>
         <load_address>0xaa66</load_address>
         <run_address>0xaa66</run_address>
         <size>0x2c</size>
         <input_file_ref idref="fl-2e"/>
      </object_component>
      <object_component id="oc-533">
         <name>.text</name>
         <load_address>0xaa92</load_address>
         <run_address>0xaa92</run_address>
         <size>0x2c</size>
         <input_file_ref idref="fl-37"/>
      </object_component>
      <object_component id="oc-f2">
         <name>.text</name>
         <load_address>0xaabe</load_address>
         <run_address>0xaabe</run_address>
         <size>0x2c</size>
         <input_file_ref idref="fl-48"/>
      </object_component>
      <object_component id="oc-39b">
         <name>.text:nwk_checkConnInfo</name>
         <load_address>0xaaea</load_address>
         <run_address>0xaaea</run_address>
         <size>0x2a</size>
         <input_file_ref idref="fl-5"/>
      </object_component>
      <object_component id="oc-372">
         <name>.text:MRFI_Sleep</name>
         <load_address>0xab14</load_address>
         <run_address>0xab14</run_address>
         <size>0x26</size>
         <input_file_ref idref="fl-4"/>
      </object_component>
      <object_component id="oc-626">
         <name>.text:Mrfi_RandomBackoffDelay</name>
         <load_address>0xab3a</load_address>
         <run_address>0xab3a</run_address>
         <size>0x26</size>
         <input_file_ref idref="fl-4"/>
      </object_component>
      <object_component id="oc-306">
         <name>.text:nwk_connectionControl</name>
         <load_address>0xab60</load_address>
         <run_address>0xab60</run_address>
         <size>0x26</size>
         <input_file_ref idref="fl-b"/>
      </object_component>
      <object_component id="oc-4ad">
         <name>.text:nwk_frameInit</name>
         <load_address>0xab86</load_address>
         <run_address>0xab86</run_address>
         <size>0x26</size>
         <input_file_ref idref="fl-8"/>
      </object_component>
      <object_component id="oc-4a7">
         <name>.text:nwk_globalsInit</name>
         <load_address>0xabac</load_address>
         <run_address>0xabac</run_address>
         <size>0x26</size>
         <input_file_ref idref="fl-9"/>
      </object_component>
      <object_component id="oc-499">
         <name>.text</name>
         <load_address>0xabd2</load_address>
         <run_address>0xabd2</run_address>
         <size>0x26</size>
         <input_file_ref idref="fl-53"/>
      </object_component>
      <object_component id="oc-344">
         <name>.text:MRFI_RxOn</name>
         <load_address>0xabf8</load_address>
         <run_address>0xabf8</run_address>
         <size>0x22</size>
         <input_file_ref idref="fl-4"/>
      </object_component>
      <object_component id="oc-5de">
         <name>.text:memcmp</name>
         <load_address>0xac1a</load_address>
         <run_address>0xac1a</run_address>
         <size>0x22</size>
         <input_file_ref idref="fl-4d"/>
      </object_component>
      <object_component id="oc-1e4">
         <name>.text:BSP_Init</name>
         <load_address>0xac3c</load_address>
         <run_address>0xac3c</run_address>
         <size>0x20</size>
         <input_file_ref idref="fl-3"/>
      </object_component>
      <object_component id="oc-2d6">
         <name>.text:BSP_InitBoard</name>
         <load_address>0xac5c</load_address>
         <run_address>0xac5c</run_address>
         <size>0x20</size>
         <input_file_ref idref="fl-3"/>
      </object_component>
      <object_component id="oc-3d6">
         <name>.text:MRFI_RxCompleteISR</name>
         <load_address>0xac7c</load_address>
         <run_address>0xac7c</run_address>
         <size>0x20</size>
         <input_file_ref idref="fl-8"/>
      </object_component>
      <object_component id="oc-36c">
         <name>.text:MRFI_RxIdle</name>
         <load_address>0xac9c</load_address>
         <run_address>0xac9c</run_address>
         <size>0x20</size>
         <input_file_ref idref="fl-4"/>
      </object_component>
      <object_component id="oc-728">
         <name>.text:memmove</name>
         <load_address>0xacbc</load_address>
         <run_address>0xacbc</run_address>
         <size>0x20</size>
         <input_file_ref idref="fl-4f"/>
      </object_component>
      <object_component id="oc-587">
         <name>.text:BSP_Delay</name>
         <load_address>0xacdc</load_address>
         <run_address>0xacdc</run_address>
         <size>0x1e</size>
         <input_file_ref idref="fl-3"/>
      </object_component>
      <object_component id="oc-3b5">
         <name>.text:mrfiSpiReadReg</name>
         <load_address>0xacfa</load_address>
         <run_address>0xacfa</run_address>
         <size>0x1e</size>
         <input_file_ref idref="fl-4"/>
      </object_component>
      <object_component id="oc-4b3">
         <name>.text:nwk_QInit</name>
         <load_address>0xad18</load_address>
         <run_address>0xad18</run_address>
         <size>0x1e</size>
         <input_file_ref idref="fl-6"/>
      </object_component>
      <object_component id="oc-197">
         <name>.text:MRFI_GpioIsr</name>
         <load_address>0xad36</load_address>
         <run_address>0xad36</run_address>
         <size>0x1c</size>
         <input_file_ref idref="fl-4"/>
      </object_component>
      <object_component id="oc-171">
         <name>.text:__sti___32_main_AP_Async_TalkandListen__cpp_time</name>
         <load_address>0xad52</load_address>
         <run_address>0xad52</run_address>
         <size>0x1c</size>
         <input_file_ref idref="fl-2"/>
      </object_component>
      <object_component id="oc-437">
         <name>.text:nwk_setMyAddress</name>
         <load_address>0xad6e</load_address>
         <run_address>0xad6e</run_address>
         <size>0x1c</size>
         <input_file_ref idref="fl-9"/>
      </object_component>
      <object_component id="oc-11e">
         <name>.text:BSP_GpioPort1Isr</name>
         <load_address>0xad8a</load_address>
         <run_address>0xad8a</run_address>
         <size>0x1a</size>
         <input_file_ref idref="fl-4"/>
      </object_component>
      <object_component id="oc-67">
         <name>.text:_c_int00_noargs_noexit</name>
         <load_address>0xada4</load_address>
         <run_address>0xada4</run_address>
         <size>0x1a</size>
         <input_file_ref idref="fl-31"/>
      </object_component>
      <object_component id="oc-47e">
         <name>.text:mrfiSpiWriteReg</name>
         <load_address>0xadbe</load_address>
         <run_address>0xadbe</run_address>
         <size>0x1a</size>
         <input_file_ref idref="fl-4"/>
      </object_component>
      <object_component id="oc-366">
         <name>.text:MRFI_DelayMs</name>
         <load_address>0xadd8</load_address>
         <run_address>0xadd8</run_address>
         <size>0x18</size>
         <input_file_ref idref="fl-4"/>
      </object_component>
      <object_component id="oc-6a1">
         <name>.text:handleJoinRequest</name>
         <load_address>0xadf0</load_address>
         <run_address>0xadf0</run_address>
         <size>0x18</size>
         <input_file_ref idref="fl-c"/>
      </object_component>
      <object_component id="oc-4cb">
         <name>.text:nwk_mgmtInit</name>
         <load_address>0xae08</load_address>
         <run_address>0xae08</run_address>
         <size>0x18</size>
         <input_file_ref idref="fl-e"/>
      </object_component>
      <object_component id="oc-5a7">
         <name>.text:MRFI_RandomByte</name>
         <load_address>0xae20</load_address>
         <run_address>0xae20</run_address>
         <size>0x16</size>
         <input_file_ref idref="fl-4"/>
      </object_component>
      <object_component id="oc-4e5">
         <name>.text:Mrfi_RxModeOn</name>
         <load_address>0xae36</load_address>
         <run_address>0xae36</run_address>
         <size>0x16</size>
         <input_file_ref idref="fl-4"/>
      </object_component>
      <object_component id="oc-5f5">
         <name>.text</name>
         <load_address>0xae4c</load_address>
         <run_address>0xae4c</run_address>
         <size>0x16</size>
         <input_file_ref idref="fl-38"/>
      </object_component>
      <object_component id="oc-1f0">
         <name>.text:_Z9InitTimerv</name>
         <load_address>0xae62</load_address>
         <run_address>0xae62</run_address>
         <size>0x14</size>
         <input_file_ref idref="fl-2"/>
      </object_component>
      <object_component id="oc-20b">
         <name>.text:_Z9toggleLEDh</name>
         <load_address>0xae76</load_address>
         <run_address>0xae76</run_address>
         <size>0x14</size>
         <input_file_ref idref="fl-2"/>
      </object_component>
      <object_component id="oc-49">
         <name>.text:decompress:ZI:__TI_zero_init</name>
         <load_address>0xae8a</load_address>
         <run_address>0xae8a</run_address>
         <size>0x14</size>
         <input_file_ref idref="fl-34"/>
      </object_component>
      <object_component id="oc-2f4">
         <name>.text:ioctlPreInitAccessIsOK</name>
         <load_address>0xae9e</load_address>
         <run_address>0xae9e</run_address>
         <size>0x14</size>
         <input_file_ref idref="fl-7"/>
      </object_component>
      <object_component id="oc-3c4">
         <name>.text:memset</name>
         <load_address>0xaeb2</load_address>
         <run_address>0xaeb2</run_address>
         <size>0x14</size>
         <input_file_ref idref="fl-50"/>
      </object_component>
      <object_component id="oc-312">
         <name>.text:nwk_joinContext</name>
         <load_address>0xaec6</load_address>
         <run_address>0xaec6</run_address>
         <size>0x14</size>
         <input_file_ref idref="fl-b"/>
      </object_component>
      <object_component id="oc-2a7">
         <name>.text</name>
         <load_address>0xaeda</load_address>
         <run_address>0xaeda</run_address>
         <size>0x14</size>
         <input_file_ref idref="fl-52"/>
      </object_component>
      <object_component id="oc-419">
         <name>.text:BSP_InitLeds</name>
         <load_address>0xaeee</load_address>
         <run_address>0xaeee</run_address>
         <size>0x12</size>
         <input_file_ref idref="fl-3"/>
      </object_component>
      <object_component id="oc-1ff">
         <name>.text:_Z3sCBh</name>
         <load_address>0xaf00</load_address>
         <run_address>0xaf00</run_address>
         <size>0x12</size>
         <input_file_ref idref="fl-2"/>
      </object_component>
      <object_component id="oc-38">
         <name>.text:decompress:none:__TI_decompress_none</name>
         <load_address>0xaf12</load_address>
         <run_address>0xaf12</run_address>
         <size>0x12</size>
         <input_file_ref idref="fl-33"/>
      </object_component>
      <object_component id="oc-3f1">
         <name>.text:l_lsr</name>
         <load_address>0xaf24</load_address>
         <run_address>0xaf24</run_address>
         <size>0x12</size>
         <input_file_ref idref="fl-4b"/>
      </object_component>
      <object_component id="oc-10c">
         <name>.text:memcpy</name>
         <load_address>0xaf36</load_address>
         <run_address>0xaf36</run_address>
         <size>0x12</size>
         <input_file_ref idref="fl-4e"/>
      </object_component>
      <object_component id="oc-6fc">
         <name>.text:nwk_getLinkToken</name>
         <load_address>0xaf48</load_address>
         <run_address>0xaf48</run_address>
         <size>0x12</size>
         <input_file_ref idref="fl-d"/>
      </object_component>
      <object_component id="oc-43d">
         <name>.text:nwk_getMyAddress</name>
         <load_address>0xaf5a</load_address>
         <run_address>0xaf5a</run_address>
         <size>0x12</size>
         <input_file_ref idref="fl-9"/>
      </object_component>
      <object_component id="oc-5c0">
         <name>.text:nwk_setLinkToken</name>
         <load_address>0xaf6c</load_address>
         <run_address>0xaf6c</run_address>
         <size>0x12</size>
         <input_file_ref idref="fl-d"/>
      </object_component>
      <object_component id="oc-3f6">
         <name>.text:l_asr</name>
         <load_address>0xaf7e</load_address>
         <run_address>0xaf7e</run_address>
         <size>0x10</size>
         <input_file_ref idref="fl-2f"/>
      </object_component>
      <object_component id="oc-3ec">
         <name>.text:l_lsl</name>
         <load_address>0xaf8e</load_address>
         <run_address>0xaf8e</run_address>
         <size>0x10</size>
         <input_file_ref idref="fl-49"/>
      </object_component>
      <object_component id="oc-675">
         <name>.text:nwk_getQ</name>
         <load_address>0xaf9e</load_address>
         <run_address>0xaf9e</run_address>
         <size>0x10</size>
         <input_file_ref idref="fl-6"/>
      </object_component>
      <object_component id="oc-fc">
         <name>.text</name>
         <load_address>0xafae</load_address>
         <run_address>0xafae</run_address>
         <size>0x10</size>
         <input_file_ref idref="fl-3a"/>
      </object_component>
      <object_component id="oc-53f">
         <name>.text:MRFI_Receive</name>
         <load_address>0xafbe</load_address>
         <run_address>0xafbe</run_address>
         <size>0xe</size>
         <input_file_ref idref="fl-4"/>
      </object_component>
      <object_component id="oc-620">
         <name>.text:mrfiSpiWriteTxFifo</name>
         <load_address>0xafcc</load_address>
         <run_address>0xafcc</run_address>
         <size>0xe</size>
         <input_file_ref idref="fl-4"/>
      </object_component>
      <object_component id="oc-6d7">
         <name>.text:nwk_getNumObjectFromMsg</name>
         <load_address>0xafda</load_address>
         <run_address>0xafda</run_address>
         <size>0xe</size>
         <input_file_ref idref="fl-5"/>
      </object_component>
      <object_component id="oc-444">
         <name>.text:nwk_setJoinContext</name>
         <load_address>0xafe8</load_address>
         <run_address>0xafe8</run_address>
         <size>0xe</size>
         <input_file_ref idref="fl-c"/>
      </object_component>
      <object_component id="oc-35a">
         <name>.text:nwk_setListenContext</name>
         <load_address>0xaff6</load_address>
         <run_address>0xaff6</run_address>
         <size>0xe</size>
         <input_file_ref idref="fl-d"/>
      </object_component>
      <object_component id="oc-67c">
         <name>.text:MRFI_PostKillSem</name>
         <load_address>0xb004</load_address>
         <run_address>0xb004</run_address>
         <size>0xc</size>
         <input_file_ref idref="fl-4"/>
      </object_component>
      <object_component id="oc-238">
         <name>.text:_Z13proc_RXRF_MsghPhh</name>
         <load_address>0xb010</load_address>
         <run_address>0xb010</run_address>
         <size>0xc</size>
         <input_file_ref idref="fl-2"/>
      </object_component>
      <object_component id="oc-693">
         <name>.text:handlePingRequest</name>
         <load_address>0xb01c</load_address>
         <run_address>0xb01c</run_address>
         <size>0xc</size>
         <input_file_ref idref="fl-f"/>
      </object_component>
      <object_component id="oc-3bb">
         <name>.text:mrfiSpiReadRxFifo</name>
         <load_address>0xb028</load_address>
         <run_address>0xb028</run_address>
         <size>0xc</size>
         <input_file_ref idref="fl-4"/>
      </object_component>
      <object_component id="oc-6ac">
         <name>.text:smpl_send_mgmt_reply</name>
         <load_address>0xb034</load_address>
         <run_address>0xb034</run_address>
         <size>0xc</size>
         <input_file_ref idref="fl-e"/>
      </object_component>
      <object_component id="oc-41f">
         <name>.text:BSP_InitButtons</name>
         <load_address>0xb040</load_address>
         <run_address>0xb040</run_address>
         <size>0xa</size>
         <input_file_ref idref="fl-3"/>
      </object_component>
      <object_component id="oc-2dc">
         <name>.text:BSP_InitDrivers</name>
         <load_address>0xb04a</load_address>
         <run_address>0xb04a</run_address>
         <size>0xa</size>
         <input_file_ref idref="fl-3"/>
      </object_component>
      <object_component id="oc-23e">
         <name>.text:_Z11Disable_Intv</name>
         <load_address>0xb054</load_address>
         <run_address>0xb054</run_address>
         <size>0xa</size>
         <input_file_ref idref="fl-12"/>
      </object_component>
      <object_component id="oc-13d">
         <name>.text:_system_pre_init</name>
         <load_address>0xb05e</load_address>
         <run_address>0xb05e</run_address>
         <size>0xa</size>
         <input_file_ref idref="fl-3"/>
      </object_component>
      <object_component id="oc-5ba">
         <name>.text:generateLinkToken</name>
         <load_address>0xb068</load_address>
         <run_address>0xb068</run_address>
         <size>0xa</size>
         <input_file_ref idref="fl-c"/>
      </object_component>
      <object_component id="oc-4bf">
         <name>.text:nwk_pingInit</name>
         <load_address>0xb072</load_address>
         <run_address>0xb072</run_address>
         <size>0xa</size>
         <input_file_ref idref="fl-f"/>
      </object_component>
      <object_component id="oc-226">
         <name>.text:SMPL_Send</name>
         <load_address>0xb07c</load_address>
         <run_address>0xb07c</run_address>
         <size>0x8</size>
         <input_file_ref idref="fl-7"/>
      </object_component>
      <object_component id="oc-119">
         <name>.text:_isr:__TI_ISR_TRAP</name>
         <load_address>0xb084</load_address>
         <run_address>0xb084</run_address>
         <size>0x8</size>
         <input_file_ref idref="fl-47"/>
      </object_component>
      <object_component id="oc-70e">
         <name>.text:nwk_resetSFMarker</name>
         <load_address>0xb08c</load_address>
         <run_address>0xb08c</run_address>
         <size>0x8</size>
         <input_file_ref idref="fl-e"/>
      </object_component>
      <object_component id="oc-354">
         <name>.text:MRFI_GetRadioState</name>
         <load_address>0xb094</load_address>
         <run_address>0xb094</run_address>
         <size>0x6</size>
         <input_file_ref idref="fl-4"/>
      </object_component>
      <object_component id="oc-244">
         <name>.text:_Z11Restore_Intt</name>
         <load_address>0xb09a</load_address>
         <run_address>0xb09a</run_address>
         <size>0x6</size>
         <input_file_ref idref="fl-12"/>
      </object_component>
      <object_component id="oc-165">
         <name>.text:abort</name>
         <load_address>0xb0a0</load_address>
         <run_address>0xb0a0</run_address>
         <size>0x6</size>
         <input_file_ref idref="fl-3b"/>
      </object_component>
      <object_component id="oc-42f">
         <name>.text:nwk_freeConnection</name>
         <load_address>0xb0a6</load_address>
         <run_address>0xb0a6</run_address>
         <size>0x6</size>
         <input_file_ref idref="fl-5"/>
      </object_component>
      <object_component id="oc-4dd">
         <name>.text:nwk_getBCastAddress</name>
         <load_address>0xb0ac</load_address>
         <run_address>0xb0ac</run_address>
         <size>0x6</size>
         <input_file_ref idref="fl-9"/>
      </object_component>
      <object_component id="oc-300">
         <name>.text:nwk_getFWVersion</name>
         <load_address>0xb0b2</load_address>
         <run_address>0xb0b2</run_address>
         <size>0x6</size>
         <input_file_ref idref="fl-9"/>
      </object_component>
      <object_component id="oc-6f5">
         <name>.text:nwk_getMyRxType</name>
         <load_address>0xb0b8</load_address>
         <run_address>0xb0b8</run_address>
         <size>0x6</size>
         <input_file_ref idref="fl-8"/>
      </object_component>
      <object_component id="oc-2fa">
         <name>.text:nwk_getProtocolVersion</name>
         <load_address>0xb0be</load_address>
         <run_address>0xb0be</run_address>
         <size>0x6</size>
         <input_file_ref idref="fl-9"/>
      </object_component>
      <object_component id="oc-5c6">
         <name>.text:nwk_getSFInfoPtr</name>
         <load_address>0xb0c4</load_address>
         <run_address>0xb0c4</run_address>
         <size>0x6</size>
         <input_file_ref idref="fl-5"/>
      </object_component>
      <object_component id="oc-34a">
         <name>.text:nwk_join</name>
         <load_address>0xb0ca</load_address>
         <run_address>0xb0ca</run_address>
         <size>0x4</size>
         <input_file_ref idref="fl-c"/>
      </object_component>
      <object_component id="oc-666">
         <name>.text:nwk_processFreq</name>
         <load_address>0xb0ce</load_address>
         <run_address>0xb0ce</run_address>
         <size>0x4</size>
         <input_file_ref idref="fl-a"/>
      </object_component>
      <object_component id="oc-660">
         <name>.text:nwk_processSecurity</name>
         <load_address>0xb0d2</load_address>
         <run_address>0xb0d2</run_address>
         <size>0x4</size>
         <input_file_ref idref="fl-10"/>
      </object_component>
      <object_component id="oc-1c8">
         <name>.text:_system_post_cinit</name>
         <load_address>0xb0d6</load_address>
         <run_address>0xb0d6</run_address>
         <size>0x2</size>
         <input_file_ref idref="fl-5a"/>
      </object_component>
      <object_component id="oc-4b9">
         <name>.text:nwk_freqInit</name>
         <load_address>0xb0d8</load_address>
         <run_address>0xb0d8</run_address>
         <size>0x2</size>
         <input_file_ref idref="fl-a"/>
      </object_component>
      <object_component id="oc-4d7">
         <name>.text:nwk_securityInit</name>
         <load_address>0xb0da</load_address>
         <run_address>0xb0da</run_address>
         <size>0x2</size>
         <input_file_ref idref="fl-10"/>
      </object_component>
      <object_component id="oc-780">
         <name>.cinit..data.load</name>
         <load_address>0xb13e</load_address>
         <run_address>0xb13e</run_address>
         <size>0x13</size>
      </object_component>
      <object_component id="oc-77d">
         <name>__TI_handler_table</name>
         <load_address>0xb152</load_address>
         <run_address>0xb152</run_address>
         <size>0x6</size>
      </object_component>
      <object_component id="oc-77f">
         <name>.cinit..bss.load</name>
         <load_address>0xb158</load_address>
         <run_address>0xb158</run_address>
         <size>0x4</size>
      </object_component>
      <object_component id="oc-77e">
         <name>__TI_cinit_table</name>
         <load_address>0xb15c</load_address>
         <run_address>0xb15c</run_address>
         <size>0x8</size>
      </object_component>
      <object_component id="oc-484">
         <name>.const:mrfiRadioCfg</name>
         <load_address>0xb0dc</load_address>
         <run_address>0xb0dc</run_address>
         <size>0x3c</size>
         <input_file_ref idref="fl-4"/>
      </object_component>
      <object_component id="oc-5fd">
         <name>.const:func</name>
         <load_address>0xb118</load_address>
         <run_address>0xb118</run_address>
         <size>0xc</size>
         <input_file_ref idref="fl-8"/>
      </object_component>
      <object_component id="oc-429">
         <name>.const:sVersionInfo</name>
         <load_address>0xb124</load_address>
         <run_address>0xb124</run_address>
         <size>0x5</size>
         <input_file_ref idref="fl-9"/>
      </object_component>
      <object_component id="oc-52f">
         <name>.const:.string:mrfiBroadcastAddr</name>
         <load_address>0xb12a</load_address>
         <run_address>0xb12a</run_address>
         <size>0x4</size>
         <input_file_ref idref="fl-4"/>
      </object_component>
      <object_component id="oc-591">
         <name>.const:.string:mrfiLogicalChanTable</name>
         <load_address>0xb12e</load_address>
         <run_address>0xb12e</run_address>
         <size>0x4</size>
         <input_file_ref idref="fl-4"/>
      </object_component>
      <object_component id="oc-570">
         <name>.const:sMyROMAddress</name>
         <load_address>0xb132</load_address>
         <run_address>0xb132</run_address>
         <size>0x4</size>
         <input_file_ref idref="fl-9"/>
      </object_component>
      <object_component id="oc-595">
         <name>.const:.string:mrfiRFPowerTable</name>
         <load_address>0xb136</load_address>
         <run_address>0xb136</run_address>
         <size>0x3</size>
         <input_file_ref idref="fl-4"/>
      </object_component>
      <object_component id="oc-747">
         <name>.binit</name>
         <load_address>0x8000</load_address>
         <run_address>0x8000</run_address>
         <size>0x0</size>
      </object_component>
      <object_component id="oc-ed">
         <name>.init_array</name>
         <load_address>0xb13a</load_address>
         <run_address>0xb13a</run_address>
         <size>0x2</size>
         <input_file_ref idref="fl-11"/>
      </object_component>
      <object_component id="oc-ec">
         <name>.init_array</name>
         <load_address>0xb13c</load_address>
         <run_address>0xb13c</run_address>
         <size>0x2</size>
         <input_file_ref idref="fl-2"/>
      </object_component>
      <object_component id="oc-3e">
         <name>.int02</name>
         <load_address>0xffe4</load_address>
         <run_address>0xffe4</run_address>
         <size>0x2</size>
         <input_file_ref idref="fl-40"/>
      </object_component>
      <object_component id="oc-3f">
         <name>.int03</name>
         <load_address>0xffe6</load_address>
         <run_address>0xffe6</run_address>
         <size>0x2</size>
         <input_file_ref idref="fl-4"/>
      </object_component>
      <object_component id="oc-40">
         <name>.int05</name>
         <load_address>0xffea</load_address>
         <run_address>0xffea</run_address>
         <size>0x2</size>
         <input_file_ref idref="fl-41"/>
      </object_component>
      <object_component id="oc-41">
         <name>.int06</name>
         <load_address>0xffec</load_address>
         <run_address>0xffec</run_address>
         <size>0x2</size>
         <input_file_ref idref="fl-11"/>
      </object_component>
      <object_component id="oc-42">
         <name>.int07</name>
         <load_address>0xffee</load_address>
         <run_address>0xffee</run_address>
         <size>0x2</size>
         <input_file_ref idref="fl-11"/>
      </object_component>
      <object_component id="oc-43">
         <name>.int08</name>
         <load_address>0xfff0</load_address>
         <run_address>0xfff0</run_address>
         <size>0x2</size>
         <input_file_ref idref="fl-42"/>
      </object_component>
      <object_component id="oc-44">
         <name>.int09</name>
         <load_address>0xfff2</load_address>
         <run_address>0xfff2</run_address>
         <size>0x2</size>
         <input_file_ref idref="fl-2"/>
      </object_component>
      <object_component id="oc-45">
         <name>.int10</name>
         <load_address>0xfff4</load_address>
         <run_address>0xfff4</run_address>
         <size>0x2</size>
         <input_file_ref idref="fl-43"/>
      </object_component>
      <object_component id="oc-46">
         <name>.int12</name>
         <load_address>0xfff8</load_address>
         <run_address>0xfff8</run_address>
         <size>0x2</size>
         <input_file_ref idref="fl-44"/>
      </object_component>
      <object_component id="oc-47">
         <name>.int13</name>
         <load_address>0xfffa</load_address>
         <run_address>0xfffa</run_address>
         <size>0x2</size>
         <input_file_ref idref="fl-45"/>
      </object_component>
      <object_component id="oc-48">
         <name>.int14</name>
         <load_address>0xfffc</load_address>
         <run_address>0xfffc</run_address>
         <size>0x2</size>
         <input_file_ref idref="fl-46"/>
      </object_component>
      <object_component id="oc-f1">
         <name>.reset</name>
         <load_address>0xfffe</load_address>
         <run_address>0xfffe</run_address>
         <size>0x2</size>
         <input_file_ref idref="fl-30"/>
      </object_component>
      <object_component id="oc-223">
         <name>.debug_info</name>
         <load_address>0x0</load_address>
         <run_address>0x0</run_address>
         <size>0x891</size>
         <input_file_ref idref="fl-2"/>
      </object_component>
      <object_component id="oc-212">
         <name>.debug_info</name>
         <load_address>0x891</load_address>
         <run_address>0x891</run_address>
         <size>0x106</size>
         <input_file_ref idref="fl-2"/>
      </object_component>
      <object_component id="oc-1aa">
         <name>.debug_info</name>
         <load_address>0x997</load_address>
         <run_address>0x997</run_address>
         <size>0x1d4</size>
         <input_file_ref idref="fl-2"/>
      </object_component>
      <object_component id="oc-21b">
         <name>.debug_info</name>
         <load_address>0xb6b</load_address>
         <run_address>0xb6b</run_address>
         <size>0x119</size>
         <input_file_ref idref="fl-2"/>
      </object_component>
      <object_component id="oc-1f7">
         <name>.debug_info</name>
         <load_address>0xc84</load_address>
         <run_address>0xc84</run_address>
         <size>0x109</size>
         <input_file_ref idref="fl-2"/>
      </object_component>
      <object_component id="oc-1f1">
         <name>.debug_info</name>
         <load_address>0xd8d</load_address>
         <run_address>0xd8d</run_address>
         <size>0x1bf</size>
         <input_file_ref idref="fl-2"/>
      </object_component>
      <object_component id="oc-131">
         <name>.debug_info</name>
         <load_address>0xf4c</load_address>
         <run_address>0xf4c</run_address>
         <size>0x203</size>
         <input_file_ref idref="fl-2"/>
      </object_component>
      <object_component id="oc-15e">
         <name>.debug_info</name>
         <load_address>0x114f</load_address>
         <run_address>0x114f</run_address>
         <size>0x39e</size>
         <input_file_ref idref="fl-2"/>
      </object_component>
      <object_component id="oc-20c">
         <name>.debug_info</name>
         <load_address>0x14ed</load_address>
         <run_address>0x14ed</run_address>
         <size>0x1e8</size>
         <input_file_ref idref="fl-2"/>
      </object_component>
      <object_component id="oc-200">
         <name>.debug_info</name>
         <load_address>0x16d5</load_address>
         <run_address>0x16d5</run_address>
         <size>0x1d3</size>
         <input_file_ref idref="fl-2"/>
      </object_component>
      <object_component id="oc-239">
         <name>.debug_info</name>
         <load_address>0x18a8</load_address>
         <run_address>0x18a8</run_address>
         <size>0x22c</size>
         <input_file_ref idref="fl-2"/>
      </object_component>
      <object_component id="oc-24b">
         <name>.debug_info</name>
         <load_address>0x1ad4</load_address>
         <run_address>0x1ad4</run_address>
         <size>0x250</size>
         <input_file_ref idref="fl-2"/>
      </object_component>
      <object_component id="oc-172">
         <name>.debug_info</name>
         <load_address>0x1d24</load_address>
         <run_address>0x1d24</run_address>
         <size>0x182</size>
         <input_file_ref idref="fl-2"/>
      </object_component>
      <object_component id="oc-2ec">
         <name>.debug_info</name>
         <load_address>0x1ea6</load_address>
         <run_address>0x1ea6</run_address>
         <size>0x8c7</size>
         <input_file_ref idref="fl-2"/>
      </object_component>
      <object_component id="oc-26d">
         <name>.debug_info</name>
         <load_address>0x276d</load_address>
         <run_address>0x276d</run_address>
         <size>0x11e</size>
         <input_file_ref idref="fl-2"/>
      </object_component>
      <object_component id="oc-107">
         <name>.debug_info</name>
         <load_address>0x288b</load_address>
         <run_address>0x288b</run_address>
         <size>0x84</size>
         <input_file_ref idref="fl-2"/>
      </object_component>
      <object_component id="oc-251">
         <name>.debug_info</name>
         <load_address>0x290f</load_address>
         <run_address>0x290f</run_address>
         <size>0x6d</size>
         <input_file_ref idref="fl-2"/>
      </object_component>
      <object_component id="oc-256">
         <name>.debug_info</name>
         <load_address>0x297c</load_address>
         <run_address>0x297c</run_address>
         <size>0x2c</size>
         <input_file_ref idref="fl-2"/>
      </object_component>
      <object_component id="oc-37e">
         <name>.debug_info</name>
         <load_address>0x29a8</load_address>
         <run_address>0x29a8</run_address>
         <size>0xdf</size>
         <input_file_ref idref="fl-2"/>
      </object_component>
      <object_component id="oc-383">
         <name>.debug_info</name>
         <load_address>0x2a87</load_address>
         <run_address>0x2a87</run_address>
         <size>0xeb</size>
         <input_file_ref idref="fl-2"/>
      </object_component>
      <object_component id="oc-279">
         <name>.debug_info</name>
         <load_address>0x2b72</load_address>
         <run_address>0x2b72</run_address>
         <size>0x105</size>
         <input_file_ref idref="fl-2"/>
      </object_component>
      <object_component id="oc-388">
         <name>.debug_info</name>
         <load_address>0x2c77</load_address>
         <run_address>0x2c77</run_address>
         <size>0x7b</size>
         <input_file_ref idref="fl-2"/>
      </object_component>
      <object_component id="oc-62e">
         <name>.debug_info</name>
         <load_address>0x2cf2</load_address>
         <run_address>0x2cf2</run_address>
         <size>0x25a</size>
         <input_file_ref idref="fl-3"/>
      </object_component>
      <object_component id="oc-416">
         <name>.debug_info</name>
         <load_address>0x2f4c</load_address>
         <run_address>0x2f4c</run_address>
         <size>0xf0</size>
         <input_file_ref idref="fl-3"/>
      </object_component>
      <object_component id="oc-1e5">
         <name>.debug_info</name>
         <load_address>0x303c</load_address>
         <run_address>0x303c</run_address>
         <size>0x15f</size>
         <input_file_ref idref="fl-3"/>
      </object_component>
      <object_component id="oc-13e">
         <name>.debug_info</name>
         <load_address>0x319b</load_address>
         <run_address>0x319b</run_address>
         <size>0x1a9</size>
         <input_file_ref idref="fl-3"/>
      </object_component>
      <object_component id="oc-2d7">
         <name>.debug_info</name>
         <load_address>0x3344</load_address>
         <run_address>0x3344</run_address>
         <size>0x19f</size>
         <input_file_ref idref="fl-3"/>
      </object_component>
      <object_component id="oc-588">
         <name>.debug_info</name>
         <load_address>0x34e3</load_address>
         <run_address>0x34e3</run_address>
         <size>0x1ed</size>
         <input_file_ref idref="fl-3"/>
      </object_component>
[...]
         <name>__mspabi_sral_13</name>
         <value>0xa4c4</value>
         <object_component_ref idref="oc-287"/>
      </symbol>
      <symbol id="sm-82c">
         <name>__mspabi_sral_12</name>
         <value>0xa4c8</value>
         <object_component_ref idref="oc-287"/>
      </symbol>
      <symbol id="sm-82d">
         <name>__mspabi_sral_11</name>
         <value>0xa4cc</value>
         <object_component_ref idref="oc-287"/>
      </symbol>
      <symbol id="sm-82e">
         <name>__mspabi_sral_10</name>
         <value>0xa4d0</value>
         <object_component_ref idref="oc-287"/>
      </symbol>
      <symbol id="sm-82f">
         <name>__mspabi_sral_8</name>
         <value>0xa4d8</value>
         <object_component_ref idref="oc-287"/>
      </symbol>
      <symbol id="sm-830">
         <name>__mspabi_sral_9</name>
         <value>0xa4d4</value>
         <object_component_ref idref="oc-287"/>
      </symbol>
      <symbol id="sm-831">
         <name>__mspabi_sral_6</name>
         <value>0xa4e0</value>
         <object_component_ref idref="oc-287"/>
      </symbol>
      <symbol id="sm-832">
         <name>__mspabi_sral_7</name>
         <value>0xa4dc</value>
         <object_component_ref idref="oc-287"/>
      </symbol>
      <symbol id="sm-833">
         <name>__mspabi_sral_4</name>
         <value>0xa4e8</value>
         <object_component_ref idref="oc-287"/>
      </symbol>
      <symbol id="sm-834">
         <name>__mspabi_sral_5</name>
         <value>0xa4e4</value>
         <object_component_ref idref="oc-287"/>
      </symbol>
      <symbol id="sm-835">
         <name>__mspabi_sral_2</name>
         <value>0xa4f0</value>
         <object_component_ref idref="oc-287"/>
      </symbol>
      <symbol id="sm-836">
         <name>__mspabi_sral_3</name>
         <value>0xa4ec</value>
         <object_component_ref idref="oc-287"/>
      </symbol>
      <symbol id="sm-837">
         <name>__mspabi_sral_1</name>
         <value>0xa4f4</value>
         <object_component_ref idref="oc-287"/>
      </symbol>
      <symbol id="sm-83f">
         <name>_stack</name>
         <value>0x5b0</value>
         <object_component_ref idref="oc-ee"/>
      </symbol>
      <symbol id="sm-840">
         <name>_reset_vector</name>
         <value>0xfffe</value>
         <object_component_ref idref="oc-f1"/>
      </symbol>
      <symbol id="sm-84a">
         <name>_c_int00_noargs_noexit</name>
         <value>0xada4</value>
         <object_component_ref idref="oc-67"/>
      </symbol>
      <symbol id="sm-868">
         <name>__TI_decompress_lzss</name>
         <value>0x9a46</value>
         <object_component_ref idref="oc-32"/>
      </symbol>
      <symbol id="sm-87e">
         <name>__TI_decompress_none</name>
         <value>0xaf12</value>
         <object_component_ref idref="oc-38"/>
      </symbol>
      <symbol id="sm-891">
         <name>__TI_zero_init</name>
         <value>0xae8a</value>
         <object_component_ref idref="oc-49"/>
      </symbol>
      <symbol id="sm-8a9">
         <name>__mspabi_cvtdf</name>
         <value>0x9828</value>
         <object_component_ref idref="oc-1b8"/>
      </symbol>
      <symbol id="sm-8ba">
         <name>__mspabi_cvtfd</name>
         <value>0x9c30</value>
         <object_component_ref idref="oc-1ac"/>
      </symbol>
      <symbol id="sm-8c6">
         <name>__mspabi_remi</name>
         <value>0xaa92</value>
         <object_component_ref idref="oc-533"/>
      </symbol>
      <symbol id="sm-8c7">
         <name>__mspabi_divi</name>
         <value>0xaa92</value>
         <object_component_ref idref="oc-533"/>
      </symbol>
      <symbol id="sm-8d1">
         <name>__mspabi_remu</name>
         <value>0xae4c</value>
         <object_component_ref idref="oc-5f5"/>
      </symbol>
      <symbol id="sm-8d2">
         <name>__mspabi_divu</name>
         <value>0xae4c</value>
         <object_component_ref idref="oc-5f5"/>
      </symbol>
      <symbol id="sm-8e0">
         <name>__mspabi_remul</name>
         <value>0x9efe</value>
         <object_component_ref idref="oc-49e"/>
      </symbol>
      <symbol id="sm-8e1">
         <name>__mspabi_divul</name>
         <value>0x9efe</value>
         <object_component_ref idref="oc-49e"/>
      </symbol>
      <symbol id="sm-8ea">
         <name>__mspabi_func_epilog_2</name>
         <value>0xafb8</value>
         <object_component_ref idref="oc-fc"/>
      </symbol>
      <symbol id="sm-8eb">
         <name>__mspabi_func_epilog_3</name>
         <value>0xafb6</value>
         <object_component_ref idref="oc-fc"/>
      </symbol>
      <symbol id="sm-8ec">
         <name>__mspabi_func_epilog_1</name>
         <value>0xafba</value>
         <object_component_ref idref="oc-fc"/>
      </symbol>
      <symbol id="sm-8ed">
         <name>__mspabi_func_epilog_6</name>
         <value>0xafb0</value>
         <object_component_ref idref="oc-fc"/>
      </symbol>
      <symbol id="sm-8ee">
         <name>__mspabi_func_epilog_7</name>
         <value>0xafae</value>
         <object_component_ref idref="oc-fc"/>
      </symbol>
      <symbol id="sm-8ef">
         <name>__mspabi_func_epilog_4</name>
         <value>0xafb4</value>
         <object_component_ref idref="oc-fc"/>
      </symbol>
      <symbol id="sm-8f0">
         <name>__mspabi_func_epilog_5</name>
         <value>0xafb2</value>
         <object_component_ref idref="oc-fc"/>
      </symbol>
      <symbol id="sm-8fa">
         <name>C$$EXIT</name>
         <value>0xb0a0</value>
         <object_component_ref idref="oc-165"/>
      </symbol>
      <symbol id="sm-8fb">
         <name>abort</name>
         <value>0xb0a0</value>
         <object_component_ref idref="oc-165"/>
      </symbol>
      <symbol id="sm-91d">
         <name>__TI_frcaddd</name>
         <value>0x82e8</value>
         <object_component_ref idref="oc-293"/>
      </symbol>
      <symbol id="sm-938">
         <name>__mspabi_subf</name>
         <value>0x8d1e</value>
         <object_component_ref idref="oc-22c"/>
      </symbol>
      <symbol id="sm-939">
         <name>__mspabi_addf</name>
         <value>0x8d24</value>
         <object_component_ref idref="oc-22c"/>
      </symbol>
      <symbol id="sm-949">
         <name>__mspabi_cmpf</name>
         <value>0xa186</value>
         <object_component_ref idref="oc-21d"/>
      </symbol>
      <symbol id="sm-94c">
         <name>__TI_int02</name>
         <value>0xffe4</value>
         <object_component_ref idref="oc-3e"/>
      </symbol>
      <symbol id="sm-94f">
         <name>__TI_int05</name>
         <value>0xffea</value>
         <object_component_ref idref="oc-40"/>
      </symbol>
      <symbol id="sm-952">
         <name>__TI_int08</name>
         <value>0xfff0</value>
         <object_component_ref idref="oc-43"/>
      </symbol>
      <symbol id="sm-955">
         <name>__TI_int10</name>
         <value>0xfff4</value>
         <object_component_ref idref="oc-45"/>
      </symbol>
      <symbol id="sm-958">
         <name>__TI_int12</name>
         <value>0xfff8</value>
         <object_component_ref idref="oc-46"/>
      </symbol>
      <symbol id="sm-95b">
         <name>__TI_int13</name>
         <value>0xfffa</value>
         <object_component_ref idref="oc-47"/>
      </symbol>
      <symbol id="sm-95e">
         <name>__TI_int14</name>
         <value>0xfffc</value>
         <object_component_ref idref="oc-48"/>
      </symbol>
      <symbol id="sm-966">
         <name>__TI_ISR_TRAP</name>
         <value>0xb084</value>
         <object_component_ref idref="oc-119"/>
      </symbol>
      <symbol id="sm-96e">
         <name>__mspabi_slli</name>
         <value>0xaabe</value>
         <object_component_ref idref="oc-f2"/>
      </symbol>
      <symbol id="sm-96f">
         <name>__mspabi_slli_9</name>
         <value>0xaad6</value>
         <object_component_ref idref="oc-f2"/>
      </symbol>
      <symbol id="sm-970">
         <name>__mspabi_slli_8</name>
         <value>0xaad8</value>
         <object_component_ref idref="oc-f2"/>
      </symbol>
      <symbol id="sm-971">
         <name>__mspabi_slli_7</name>
         <value>0xaada</value>
         <object_component_ref idref="oc-f2"/>
      </symbol>
      <symbol id="sm-972">
         <name>__mspabi_slli_6</name>
         <value>0xaadc</value>
         <object_component_ref idref="oc-f2"/>
      </symbol>
      <symbol id="sm-973">
         <name>__mspabi_slli_5</name>
         <value>0xaade</value>
         <object_component_ref idref="oc-f2"/>
      </symbol>
      <symbol id="sm-974">
         <name>__mspabi_slli_4</name>
         <value>0xaae0</value>
         <object_component_ref idref="oc-f2"/>
      </symbol>
      <symbol id="sm-975">
         <name>__mspabi_slli_3</name>
         <value>0xaae2</value>
         <object_component_ref idref="oc-f2"/>
      </symbol>
      <symbol id="sm-976">
         <name>__mspabi_slli_2</name>
         <value>0xaae4</value>
         <object_component_ref idref="oc-f2"/>
      </symbol>
      <symbol id="sm-977">
         <name>__mspabi_slli_1</name>
         <value>0xaae6</value>
         <object_component_ref idref="oc-f2"/>
      </symbol>
      <symbol id="sm-978">
         <name>__mspabi_slli_15</name>
         <value>0xaaca</value>
         <object_component_ref idref="oc-f2"/>
      </symbol>
      <symbol id="sm-979">
         <name>__mspabi_slli_14</name>
         <value>0xaacc</value>
         <object_component_ref idref="oc-f2"/>
      </symbol>
      <symbol id="sm-97a">
         <name>__mspabi_slli_13</name>
         <value>0xaace</value>
         <object_component_ref idref="oc-f2"/>
      </symbol>
      <symbol id="sm-97b">
         <name>__mspabi_slli_12</name>
         <value>0xaad0</value>
         <object_component_ref idref="oc-f2"/>
      </symbol>
      <symbol id="sm-97c">
         <name>__mspabi_slli_11</name>
         <value>0xaad2</value>
         <object_component_ref idref="oc-f2"/>
      </symbol>
      <symbol id="sm-97d">
         <name>__mspabi_slli_10</name>
         <value>0xaad4</value>
         <object_component_ref idref="oc-f2"/>
      </symbol>
      <symbol id="sm-98d">
         <name>__mspabi_slll_9</name>
         <value>0xa512</value>
         <object_component_ref idref="oc-2a0"/>
      </symbol>
      <symbol id="sm-98e">
         <name>__mspabi_slll_8</name>
         <value>0xa516</value>
         <object_component_ref idref="oc-2a0"/>
      </symbol>
      <symbol id="sm-98f">
         <name>__mspabi_slll_7</name>
         <value>0xa51a</value>
         <object_component_ref idref="oc-2a0"/>
      </symbol>
      <symbol id="sm-990">
         <name>__mspabi_slll_6</name>
         <value>0xa51e</value>
         <object_component_ref idref="oc-2a0"/>
      </symbol>
      <symbol id="sm-991">
         <name>__mspabi_slll_5</name>
         <value>0xa522</value>
         <object_component_ref idref="oc-2a0"/>
      </symbol>
      <symbol id="sm-992">
         <name>__mspabi_slll_4</name>
         <value>0xa526</value>
         <object_component_ref idref="oc-2a0"/>
      </symbol>
      <symbol id="sm-993">
         <name>__mspabi_slll_3</name>
         <value>0xa52a</value>
         <object_component_ref idref="oc-2a0"/>
      </symbol>
      <symbol id="sm-994">
         <name>__mspabi_slll_2</name>
         <value>0xa52e</value>
         <object_component_ref idref="oc-2a0"/>
      </symbol>
      <symbol id="sm-995">
         <name>__mspabi_slll_1</name>
         <value>0xa532</value>
         <object_component_ref idref="oc-2a0"/>
      </symbol>
      <symbol id="sm-996">
         <name>__mspabi_slll</name>
         <value>0xaf8e</value>
         <object_component_ref idref="oc-3ec"/>
      </symbol>
      <symbol id="sm-997">
         <name>__mspabi_slll_15</name>
         <value>0xa4fa</value>
         <object_component_ref idref="oc-2a0"/>
      </symbol>
      <symbol id="sm-998">
         <name>__mspabi_slll_14</name>
         <value>0xa4fe</value>
         <object_component_ref idref="oc-2a0"/>
      </symbol>
      <symbol id="sm-999">
         <name>__mspabi_slll_13</name>
         <value>0xa502</value>
         <object_component_ref idref="oc-2a0"/>
      </symbol>
      <symbol id="sm-99a">
         <name>__mspabi_slll_12</name>
         <value>0xa506</value>
         <object_component_ref idref="oc-2a0"/>
      </symbol>
      <symbol id="sm-99b">
         <name>__mspabi_slll_11</name>
         <value>0xa50a</value>
         <object_component_ref idref="oc-2a0"/>
      </symbol>
      <symbol id="sm-99c">
         <name>__mspabi_slll_10</name>
         <value>0xa50e</value>
         <object_component_ref idref="oc-2a0"/>
      </symbol>
      <symbol id="sm-9a4">
         <name>__mspabi_srli_8</name>
         <value>0xa11a</value>
         <object_component_ref idref="oc-f7"/>
      </symbol>
      <symbol id="sm-9a5">
         <name>__mspabi_srli_9</name>
         <value>0xa116</value>
         <object_component_ref idref="oc-f7"/>
      </symbol>
      <symbol id="sm-9a6">
         <name>__mspabi_srli_6</name>
         <value>0xa122</value>
         <object_component_ref idref="oc-f7"/>
      </symbol>
      <symbol id="sm-9a7">
         <name>__mspabi_srli_7</name>
         <value>0xa11e</value>
         <object_component_ref idref="oc-f7"/>
      </symbol>
      <symbol id="sm-9a8">
         <name>__mspabi_srli_4</name>
         <value>0xa12a</value>
         <object_component_ref idref="oc-f7"/>
      </symbol>
      <symbol id="sm-9a9">
         <name>__mspabi_srli_5</name>
         <value>0xa126</value>
         <object_component_ref idref="oc-f7"/>
      </symbol>
      <symbol id="sm-9aa">
         <name>__mspabi_srli_2</name>
         <value>0xa132</value>
         <object_component_ref idref="oc-f7"/>
      </symbol>
      <symbol id="sm-9ab">
         <name>__mspabi_srli_3</name>
         <value>0xa12e</value>
         <object_component_ref idref="oc-f7"/>
      </symbol>
      <symbol id="sm-9ac">
         <name>__mspabi_srli_1</name>
         <value>0xa136</value>
         <object_component_ref idref="oc-f7"/>
      </symbol>
      <symbol id="sm-9ad">
         <name>__mspabi_srli</name>
         <value>0xa0f0</value>
         <object_component_ref idref="oc-f7"/>
      </symbol>
      <symbol id="sm-9ae">
         <name>__mspabi_srli_15</name>
         <value>0xa0fe</value>
         <object_component_ref idref="oc-f7"/>
      </symbol>
      <symbol id="sm-9af">
         <name>__mspabi_srli_14</name>
         <value>0xa102</value>
         <object_component_ref idref="oc-f7"/>
      </symbol>
      <symbol id="sm-9b0">
         <name>__mspabi_srli_13</name>
         <value>0xa106</value>
         <object_component_ref idref="oc-f7"/>
      </symbol>
      <symbol id="sm-9b1">
         <name>__mspabi_srli_12</name>
         <value>0xa10a</value>
         <object_component_ref idref="oc-f7"/>
      </symbol>
      <symbol id="sm-9b2">
         <name>__mspabi_srli_11</name>
         <value>0xa10e</value>
         <object_component_ref idref="oc-f7"/>
      </symbol>
      <symbol id="sm-9b3">
         <name>__mspabi_srli_10</name>
         <value>0xa112</value>
         <object_component_ref idref="oc-f7"/>
      </symbol>
      <symbol id="sm-9c3">
         <name>__mspabi_srll_8</name>
         <value>0x9e72</value>
         <object_component_ref idref="oc-555"/>
      </symbol>
      <symbol id="sm-9c4">
         <name>__mspabi_srll_9</name>
         <value>0x9e6c</value>
         <object_component_ref idref="oc-555"/>
      </symbol>
      <symbol id="sm-9c5">
         <name>__mspabi_srll_6</name>
         <value>0x9e7e</value>
         <object_component_ref idref="oc-555"/>
      </symbol>
      <symbol id="sm-9c6">
         <name>__mspabi_srll_7</name>
         <value>0x9e78</value>
         <object_component_ref idref="oc-555"/>
      </symbol>
      <symbol id="sm-9c7">
         <name>__mspabi_srll_4</name>
         <value>0x9e8a</value>
         <object_component_ref idref="oc-555"/>
      </symbol>
      <symbol id="sm-9c8">
         <name>__mspabi_srll_5</name>
         <value>0x9e84</value>
         <object_component_ref idref="oc-555"/>
      </symbol>
      <symbol id="sm-9c9">
         <name>__mspabi_srll_2</name>
         <value>0x9e96</value>
         <object_component_ref idref="oc-555"/>
      </symbol>
      <symbol id="sm-9ca">
         <name>__mspabi_srll_3</name>
         <value>0x9e90</value>
         <object_component_ref idref="oc-555"/>
      </symbol>
      <symbol id="sm-9cb">
         <name>__mspabi_srll_1</name>
         <value>0x9e9c</value>
         <object_component_ref idref="oc-555"/>
      </symbol>
      <symbol id="sm-9cc">
         <name>__mspabi_srll_15</name>
         <value>0x9e48</value>
         <object_component_ref idref="oc-555"/>
      </symbol>
      <symbol id="sm-9cd">
         <name>__mspabi_srll_14</name>
         <value>0x9e4e</value>
         <object_component_ref idref="oc-555"/>
      </symbol>
      <symbol id="sm-9ce">
         <name>__mspabi_srll_13</name>
         <value>0x9e54</value>
         <object_component_ref idref="oc-555"/>
      </symbol>
      <symbol id="sm-9cf">
         <name>__mspabi_srll_12</name>
         <value>0x9e5a</value>
         <object_component_ref idref="oc-555"/>
      </symbol>
      <symbol id="sm-9d0">
         <name>__mspabi_srll_11</name>
         <value>0x9e60</value>
         <object_component_ref idref="oc-555"/>
      </symbol>
      <symbol id="sm-9d1">
         <name>__mspabi_srll_10</name>
         <value>0x9e66</value>
         <object_component_ref idref="oc-555"/>
      </symbol>
      <symbol id="sm-9d2">
         <name>__mspabi_srll</name>
         <value>0xaf24</value>
         <object_component_ref idref="oc-3f1"/>
      </symbol>
      <symbol id="sm-9e2">
         <name>memcmp</name>
         <value>0xac1a</value>
         <object_component_ref idref="oc-5de"/>
      </symbol>
      <symbol id="sm-9f0">
         <name>memcpy</name>
         <value>0xaf36</value>
         <object_component_ref idref="oc-10c"/>
      </symbol>
      <symbol id="sm-9ff">
         <name>memmove</name>
         <value>0xacbc</value>
         <object_component_ref idref="oc-728"/>
      </symbol>
      <symbol id="sm-a0d">
         <name>memset</name>
         <value>0xaeb2</value>
         <object_component_ref idref="oc-3c4"/>
      </symbol>
      <symbol id="sm-a18">
         <name>__mspabi_mpyi_sw</name>
         <value>0xaeda</value>
         <object_component_ref idref="oc-2a7"/>
      </symbol>
      <symbol id="sm-a19">
         <name>__mspabi_mpyi</name>
         <value>0xaeda</value>
         <object_component_ref idref="oc-2a7"/>
      </symbol>
      <symbol id="sm-a23">
         <name>__mspabi_mpyl_sw</name>
         <value>0xabd2</value>
         <object_component_ref idref="oc-499"/>
      </symbol>
      <symbol id="sm-a24">
         <name>__mspabi_mpyl</name>
         <value>0xabd2</value>
         <object_component_ref idref="oc-499"/>
      </symbol>
      <symbol id="sm-a37">
         <name>__TI_renormd</name>
         <value>0x92e4</value>
         <object_component_ref idref="oc-3fb"/>
      </symbol>
      <symbol id="sm-a56">
         <name>_auto_init</name>
         <value>0x9ca2</value>
         <object_component_ref idref="oc-143"/>
      </symbol>
      <symbol id="sm-a6c">
         <name>copy_in</name>
         <value>0x9ea4</value>
         <object_component_ref idref="oc-1c2"/>
      </symbol>
      <symbol id="sm-a75">
         <name>_system_post_cinit</name>
         <value>0xb0d6</value>
         <object_component_ref idref="oc-1c8"/>
      </symbol>
      <symbol id="sm-a78">
         <name>__TI_BINIT_Base</name>
         <value>0x0</value>
      </symbol>
      <symbol id="sm-a79">
         <name>__TI_BINIT_Limit</name>
         <value>0x0</value>
      </symbol>
   </symbol_table>
   <title>Link successful</title>
</link_info>
