******************************************************************************
                  MSP430 Linker Unix v16.9.0                   
******************************************************************************
>> Linked Fri Jan 20 13:31:03 2017

OUTPUT FILE NAME:   <cubebots.out>
ENTRY POINT SYMBOL: "_c_int00_noargs_noexit"  address: 0000ada4


MEMORY CONFIGURATION

         name            origin    length      used     unused   attr    fill
----------------------  --------  ---------  --------  --------  ----  --------
  SFR                   00000000   00000010  00000000  00000010  RWIX
  PERIPHERALS_8BIT      00000010   000000f0  00000000  000000f0  RWIX
  PERIPHERALS_16BIT     00000100   00000100  00000000  00000100  RWIX
  RAM                   00000200   00000400  0000010d  000002f3  RWIX
  INFOD                 00001000   00000040  00000000  00000040  RWIX
  INFOC                 00001040   00000040  00000000  00000040  RWIX
  INFOB                 00001080   00000040  00000000  00000040  RWIX
  INFOA                 000010c0   00000040  00000000  00000040  RWIX
  FLASH                 00008000   00007fde  00003163  00004e7b  RWIX
  BSLSIGNATURE          0000ffde   00000002  00000002  00000000  RWIX  ffff 
  INT00                 0000ffe0   00000002  00000000  00000002  RWIX
  INT01                 0000ffe2   00000002  00000000  00000002  RWIX
  INT02                 0000ffe4   00000002  00000002  00000000  RWIX
  INT03                 0000ffe6   00000002  00000002  00000000  RWIX
  INT04                 0000ffe8   00000002  00000000  00000002  RWIX
  INT05                 0000ffea   00000002  00000002  00000000  RWIX
  INT06                 0000ffec   00000002  00000002  00000000  RWIX
  INT07                 0000ffee   00000002  00000002  00000000  RWIX
  INT08                 0000fff0   00000002  00000002  00000000  RWIX
  INT09                 0000fff2   00000002  00000002  00000000  RWIX
  INT10                 0000fff4   00000002  00000002  00000000  RWIX
  INT11                 0000fff6   00000002  00000000  00000002  RWIX
  INT12                 0000fff8   00000002  00000002  00000000  RWIX
  INT13                 0000fffa   00000002  00000002  00000000  RWIX
  INT14                 0000fffc   00000002  00000002  00000000  RWIX
  RESET                 0000fffe   00000002  00000002  00000000  RWIX


SECTION ALLOCATION MAP

 output                                  attributes/
section   page    origin      length       input sections
--------  ----  ----------  ----------   ----------------
.bss       0    00000000    000006bc     FAILED TO ALLOCATE
.data      0    00000200    000000bd     UNINITIALIZED
                  00000200    00000078     nwk.obj (.data:sPersistInfo)
                  00000278    0000000b     nwk_join.obj (.data)
                  00000283    00000001     bsp.obj (.data)
                  00000284    0000000a     main_AP_Async_TalkandListen_.obj (.data)
                  0000028e    00000009     mrfi.obj (.data)
                  00000297    00000001     nwk_api.obj (.data)
                  00000298    00000008     nwk_frame.obj (.data)
                  000002a0    00000008     main_AP_Async_TalkandListen_.obj (.data:sLID)
                  000002a8    00000007     nwk_link.obj (.data)
                  000002af    00000004     main_AP_Async_TalkandListen_.obj (.data:lAddr)
                  000002b3    00000001     nwk_globals.obj (.data)
                  000002b4    00000004     mrfi.obj (.data:mrfiRxFilterAddr)
                  000002b8    00000003     nwk_mgmt.obj (.data:sSFMarker)
                  000002bb    00000001     nwk_mgmt.obj (.data)
                  000002bc    00000001     nwk_ping.obj (.data)

.stack     0    000005b0    00000050     UNINITIALIZED
                  000005b0    00000002     rts430_eabi.lib : boot.obj (.stack)
                  000005b2    0000004e     --HOLE--

.text      0    00008000    000030dc     
                  00008000    000002e8     rts430_eabi.lib : addd.obj (.text:__mspabi_addd)
                  000082e8    00000260                     : frcaddd.obj (.text:__TI_frcaddd)
                  00008548    000001c6     mrfi.obj (.text:MRFI_Init)
                  0000870e    000001b2     main_AP_Async_TalkandListen_.obj (.text:main)
                  000088c0    000001a4     nwk_link.obj (.text:smpl_send_link_reply)
                  00008a64    0000016c     nwk_QMgmt.obj (.text:nwk_QfindOldest)
                  00008bd0    0000014e     nwk_frame.obj (.text:dispatchFrame)
                  00008d1e    00000132     rts430_eabi.lib : fs_add.obj (.text)
                  00008e50    0000010e     nwk_join.obj (.text:smpl_send_join_reply)
                  00008f5e    00000102     mrfi.obj (.text:MRFI_Transmit)
                  00009060    000000da     mrfi.obj (.text:Mrfi_SyncPinRxIsr)
                  0000913a    000000d8     nwk.obj (.text:nwk_allocateLocalRxPort)
                  00009212    000000d2     UART_HANDLER.obj (.text:__sti___16_UART_HANDLER_cpp_3daaade3)
                  000092e4    000000be     rts430_eabi.lib : renormd.obj (.text:__TI_renormd)
                  000093a2    000000bc     nwk_api.obj (.text:SMPL_Ioctl)
                  0000945e    000000b2     nwk_frame.obj (.text:nwk_retrieveFrame)
                  00009510    000000ac     nwk_frame.obj (.text:nwk_SendEmptyPollRspFrame)
                  000095bc    000000a0     nwk_frame.obj (.text:isDupSandFFrame)
                  0000965c    0000009e     nwk_frame.obj (.text:nwk_buildFrame)
                  000096fa    0000009c     nwk_api.obj (.text:SMPL_SendOpt)
                  00009796    00000092     nwk_mgmt.obj (.text:send_poll_reply)
                  00009828    0000008c     rts430_eabi.lib : cvtdf.obj (.text:__mspabi_cvtdf)
                  000098b4    00000086     nwk_QMgmt.obj (.text:nwk_QfindSlot)
                  0000993a    00000086     nwk.obj (.text:nwk_nwkInit)
                  000099c0    00000086     mrfi.obj (.text:spiBurstFifoAccess)
                  00009a46    0000007c     rts430_eabi.lib : copy_decompress_lzss.obj (.text:decompress:lzss:__TI_decompress_lzss)
                  00009ac2    0000007c     nwk_frame.obj (.text:nwk_getSandFFrame)
                  00009b3e    0000007c     nwk_ioctl.obj (.text:nwk_radioControl)
                  00009bba    00000076     nwk_api.obj (.text:SMPL_LinkListen)
                  00009c30    00000072     rts430_eabi.lib : cvtfd.obj (.text:__mspabi_cvtfd)
                  00009ca2    0000006e                     : autoinit.obj (.text:_auto_init)
                  00009d10    0000006a     nwk.obj (.text:nwk_saveJoinedDevice)
                  00009d7a    00000068     nwk.obj (.text:nwk_isConnectionValid)
                  00009de2    00000066     UART_HANDLER.obj (.text:_Z9Init_UARTv)
                  00009e48    0000005c     rts430_eabi.lib : lsr32.obj (.text:l_lsr_const)
                  00009ea4    0000005a                     : cpy_tbl.obj (.text:copy_in)
                  00009efe    00000058                     : div32u.obj (.text)
                  00009f56    00000056     main_AP_Async_TalkandListen_.obj (.text:_Z11TIMERA0_ISRv)
                  00009fac    00000054     mrfi.obj (.text:MRFI_WakeUp)
                  0000a000    00000054     nwk_ioctl.obj (.text:nwk_rawSend)
                  0000a054    00000050     nwk.obj (.text:nwk_getNextConnection)
                  0000a0a4    0000004c     nwk_api.obj (.text:SMPL_Receive)
                  0000a0f0    0000004c     rts430_eabi.lib : lsr16.obj (.text)
                  0000a13c    0000004a     mrfi.obj (.text:mrfiSpiCmdStrobe)
                  0000a186    0000004a     rts430_eabi.lib : fs_cmp.obj (.text)
                  0000a1d0    00000048     nwk_mgmt.obj (.text:nwk_processMgmt)
                  0000a218    00000046     mrfi.obj (.text:MRFI_RxAddrIsFiltered)
                  0000a25e    00000046     nwk.obj (.text:nwk_findAlreadyJoined)
                  0000a2a4    00000046     nwk.obj (.text:nwk_isLinkDuplicate)
                  0000a2ea    00000046     nwk_ping.obj (.text:smpl_send_ping_reply)
                  0000a330    00000044     mrfi.obj (.text:MRFI_Rssi)
                  0000a374    00000044     UART_HANDLER.obj (.text:_Z17tx_bytes_to_slavePhi)
                  0000a3b8    00000044     mrfi.obj (.text:spiRegAccess)
                  0000a3fc    00000042     main_AP_Async_TalkandListen_.obj (.text:_Z10ParseRXCmdi)
                  0000a43e    00000040     nwk_join.obj (.text:nwk_isSandFClient)
                  0000a47e    0000003e     nwk.obj (.text:initializeConnection)
                  0000a4bc    0000003e     rts430_eabi.lib : asr32.obj (.text:l_asr_const)
                  0000a4fa    0000003e                     : lsl32.obj (.text:l_lsl_const)
                  0000a538    0000003e     nwk_link.obj (.text:nwk_getLocalLinkID)
                  0000a576    0000003e     nwk_join.obj (.text:nwk_processJoin)
                  0000a5b4    0000003c     nwk.obj (.text:nwk_putNumObjectIntoMsg)
                  0000a5f0    0000003a     UART_HANDLER.obj (.text:_Z13USCIAB0TX_ISRv)
                  0000a62a    0000003a     nwk.obj (.text:nwk_isValidReply)
                  0000a664    0000003a     nwk_join.obj (.text:nwk_joinInit)
                  0000a69e    0000003a     nwk_frame.obj (.text:nwk_replayFrame)
                  0000a6d8    00000036     nwk_QMgmt.obj (.text:nwk_QadjustOrder)
                  0000a70e    00000034     mrfi.obj (.text:MRFI_SetRFPwr)
                  0000a742    00000034     mrfi.obj (.text:mrfiSpiInit)
                  0000a776    00000034     nwk_ioctl.obj (.text:nwk_deviceAddress)
                  0000a7aa    00000032     mrfi.obj (.text:MRFI_SetLogicalChannel)
                  0000a7dc    00000032     nwk.obj (.text:nwk_getConnInfo)
                  0000a80e    00000032     nwk_link.obj (.text:nwk_linkInit)
                  0000a840    00000030     nwk.obj (.text:map_lid2idx)
                  0000a870    00000030     nwk_ping.obj (.text:nwk_processPing)
                  0000a8a0    00000030     nwk_ioctl.obj (.text:nwk_rawReceive)
                  0000a8d0    00000030     nwk_frame.obj (.text:nwk_sendFrame)
                  0000a900    0000002e     mrfi.obj (.text:Mrfi_CalculateRssi)
                  0000a92e    0000002e     UART_HANDLER.obj (.text:_Z13USCIAB0RX_ISRv)
                  0000a95c    0000002e     nwk_link.obj (.text:nwk_processLink)
                  0000a98a    0000002c     mrfi.obj (.text:Mrfi_DelayUsec)
                  0000a9b6    0000002c     mrfi.obj (.text:Mrfi_RxModeOff)
                  0000a9e2    0000002c     nwk_api.obj (.text:SMPL_Init)
                  0000aa0e    0000002c     nwk_link.obj (.text:handleLinkRequest)
                  0000aa3a    0000002c     nwk.obj (.text:nwk_checkAppMsgTID)
                  0000aa66    0000002c     rts430_eabi.lib : asr16.obj (.text)
                  0000aa92    0000002c                     : div16s.obj (.text)
                  0000aabe    0000002c                     : lsl16.obj (.text)
                  0000aaea    0000002a     nwk.obj (.text:nwk_checkConnInfo)
                  0000ab14    00000026     mrfi.obj (.text:MRFI_Sleep)
                  0000ab3a    00000026     mrfi.obj (.text:Mrfi_RandomBackoffDelay)
                  0000ab60    00000026     nwk_ioctl.obj (.text:nwk_connectionControl)
                  0000ab86    00000026     nwk_frame.obj (.text:nwk_frameInit)
                  0000abac    00000026     nwk_globals.obj (.text:nwk_globalsInit)
                  0000abd2    00000026     rts430_eabi.lib : mult32.obj (.text)
                  0000abf8    00000022     mrfi.obj (.text:MRFI_RxOn)
                  0000ac1a    00000022     rts430_eabi.lib : memcmp.obj (.text:memcmp)
                  0000ac3c    00000020     bsp.obj (.text:BSP_Init)
                  0000ac5c    00000020     bsp.obj (.text:BSP_InitBoard)
                  0000ac7c    00000020     nwk_frame.obj (.text:MRFI_RxCompleteISR)
                  0000ac9c    00000020     mrfi.obj (.text:MRFI_RxIdle)
                  0000acbc    00000020     rts430_eabi.lib : memmov.obj (.text:memmove)
                  0000acdc    0000001e     bsp.obj (.text:BSP_Delay)
                  0000acfa    0000001e     mrfi.obj (.text:mrfiSpiReadReg)
                  0000ad18    0000001e     nwk_QMgmt.obj (.text:nwk_QInit)
                  0000ad36    0000001c     mrfi.obj (.text:MRFI_GpioIsr)
                  0000ad52    0000001c     main_AP_Async_TalkandListen_.obj (.text:__sti___32_main_AP_Async_TalkandListen__cpp_time)
                  0000ad6e    0000001c     nwk_globals.obj (.text:nwk_setMyAddress)
                  0000ad8a    0000001a     mrfi.obj (.text:BSP_GpioPort1Isr)
                  0000ada4    0000001a     rts430_eabi.lib : boot_special.obj (.text:_c_int00_noargs_noexit)
                  0000adbe    0000001a     mrfi.obj (.text:mrfiSpiWriteReg)
                  0000add8    00000018     mrfi.obj (.text:MRFI_DelayMs)
                  0000adf0    00000018     nwk_join.obj (.text:handleJoinRequest)
                  0000ae08    00000018     nwk_mgmt.obj (.text:nwk_mgmtInit)
                  0000ae20    00000016     mrfi.obj (.text:MRFI_RandomByte)
                  0000ae36    00000016     mrfi.obj (.text:Mrfi_RxModeOn)
                  0000ae4c    00000016     rts430_eabi.lib : div16u.obj (.text)
                  0000ae62    00000014     main_AP_Async_TalkandListen_.obj (.text:_Z9InitTimerv)
                  0000ae76    00000014     main_AP_Async_TalkandListen_.obj (.text:_Z9toggleLEDh)
                  0000ae8a    00000014     rts430_eabi.lib : copy_zero_init.obj (.text:decompress:ZI:__TI_zero_init)
                  0000ae9e    00000014     nwk_api.obj (.text:ioctlPreInitAccessIsOK)
                  0000aeb2    00000014     rts430_eabi.lib : memset.obj (.text:memset)
                  0000aec6    00000014     nwk_ioctl.obj (.text:nwk_joinContext)
                  0000aeda    00000014     rts430_eabi.lib : mult16.obj (.text)
                  0000aeee    00000012     bsp.obj (.text:BSP_InitLeds)
                  0000af00    00000012     main_AP_Async_TalkandListen_.obj (.text:_Z3sCBh)
                  0000af12    00000012     rts430_eabi.lib : copy_decompress_none.obj (.text:decompress:none:__TI_decompress_none)
                  0000af24    00000012                     : lsr32.obj (.text:l_lsr)
                  0000af36    00000012                     : memcpy.obj (.text:memcpy)
                  0000af48    00000012     nwk_link.obj (.text:nwk_getLinkToken)
                  0000af5a    00000012     nwk_globals.obj (.text:nwk_getMyAddress)
                  0000af6c    00000012     nwk_link.obj (.text:nwk_setLinkToken)
                  0000af7e    00000010     rts430_eabi.lib : asr32.obj (.text:l_asr)
                  0000af8e    00000010                     : lsl32.obj (.text:l_lsl)
                  0000af9e    00000010     nwk_QMgmt.obj (.text:nwk_getQ)
                  0000afae    00000010     rts430_eabi.lib : epilog.obj (.text)
                  0000afbe    0000000e     mrfi.obj (.text:MRFI_Receive)
                  0000afcc    0000000e     mrfi.obj (.text:mrfiSpiWriteTxFifo)
                  0000afda    0000000e     nwk.obj (.text:nwk_getNumObjectFromMsg)
                  0000afe8    0000000e     nwk_join.obj (.text:nwk_setJoinContext)
                  0000aff6    0000000e     nwk_link.obj (.text:nwk_setListenContext)
                  0000b004    0000000c     mrfi.obj (.text:MRFI_PostKillSem)
                  0000b010    0000000c     main_AP_Async_TalkandListen_.obj (.text:_Z13proc_RXRF_MsghPhh)
                  0000b01c    0000000c     nwk_ping.obj (.text:handlePingRequest)
                  0000b028    0000000c     mrfi.obj (.text:mrfiSpiReadRxFifo)
                  0000b034    0000000c     nwk_mgmt.obj (.text:smpl_send_mgmt_reply)
                  0000b040    0000000a     bsp.obj (.text:BSP_InitButtons)
                  0000b04a    0000000a     bsp.obj (.text:BSP_InitDrivers)
                  0000b054    0000000a     utils.obj (.text:_Z11Disable_Intv)
                  0000b05e    0000000a     bsp.obj (.text:_system_pre_init)
                  0000b068    0000000a     nwk_join.obj (.text:generateLinkToken)
                  0000b072    0000000a     nwk_ping.obj (.text:nwk_pingInit)
                  0000b07c    00000008     nwk_api.obj (.text:SMPL_Send)
                  0000b084    00000008     rts430_eabi.lib : isr_trap.obj (.text:_isr:__TI_ISR_TRAP)
                  0000b08c    00000008     nwk_mgmt.obj (.text:nwk_resetSFMarker)
                  0000b094    00000006     mrfi.obj (.text:MRFI_GetRadioState)
                  0000b09a    00000006     utils.obj (.text:_Z11Restore_Intt)
                  0000b0a0    00000006     rts430_eabi.lib : exit.obj (.text:abort)
                  0000b0a6    00000006     nwk.obj (.text:nwk_freeConnection)
                  0000b0ac    00000006     nwk_globals.obj (.text:nwk_getBCastAddress)
                  0000b0b2    00000006     nwk_globals.obj (.text:nwk_getFWVersion)
                  0000b0b8    00000006     nwk_frame.obj (.text:nwk_getMyRxType)
                  0000b0be    00000006     nwk_globals.obj (.text:nwk_getProtocolVersion)
                  0000b0c4    00000006     nwk.obj (.text:nwk_getSFInfoPtr)
                  0000b0ca    00000004     nwk_join.obj (.text:nwk_join)
                  0000b0ce    00000004     nwk_freq.obj (.text:nwk_processFreq)
                  0000b0d2    00000004     nwk_security.obj (.text:nwk_processSecurity)
                  0000b0d6    00000002     rts430_eabi.lib : startup.obj (.text:_system_post_cinit)
                  0000b0d8    00000002     nwk_freq.obj (.text:nwk_freqInit)
                  0000b0da    00000002     nwk_security.obj (.text:nwk_securityInit)

.const     0    0000b0dc    0000005d     
                  0000b0dc    0000003c     mrfi.obj (.const:mrfiRadioCfg)
                  0000b118    0000000c     nwk_frame.obj (.const:func)
                  0000b124    00000005     nwk_globals.obj (.const:sVersionInfo)
                  0000b129    00000001     --HOLE-- [fill = 0]
                  0000b12a    00000004     mrfi.obj (.const:.string:mrfiBroadcastAddr)
                  0000b12e    00000004     mrfi.obj (.const:.string:mrfiLogicalChanTable)
                  0000b132    00000004     nwk_globals.obj (.const:sMyROMAddress)
                  0000b136    00000003     mrfi.obj (.const:.string:mrfiRFPowerTable)

.cinit     0    0000b13e    00000026     
                  0000b13e    00000013     (.cinit..data.load) [load image, compression = lzss]
                  0000b151    00000001     --HOLE-- [fill = 0]
                  0000b152    00000006     (__TI_handler_table)
                  0000b158    00000004     (.cinit..bss.load) [load image, compression = zero_init]
                  0000b15c    00000008     (__TI_cinit_table)

.binit     0    00008000    00000000     

.init_array 
*          0    0000b13a    00000004     
                  0000b13a    00000002     UART_HANDLER.obj (.init_array)
                  0000b13c    00000002     main_AP_Async_TalkandListen_.obj (.init_array)

PORT1      0    0000ffe4    00000002     
                  0000ffe4    00000002     rts430_eabi.lib : int02.obj (.int02)

PORT2      0    0000ffe6    00000002     
                  0000ffe6    00000002     mrfi.obj (.int03)

ADC10      0    0000ffea    00000002     
                  0000ffea    00000002     rts430_eabi.lib : int05.obj (.int05)

USCIAB0TX 
*          0    0000ffec    00000002     
                  0000ffec    00000002     UART_HANDLER.obj (.int06)

USCIAB0RX 
*          0    0000ffee    00000002     
                  0000ffee    00000002     UART_HANDLER.obj (.int07)

TIMERA1    0    0000fff0    00000002     
                  0000fff0    00000002     rts430_eabi.lib : int08.obj (.int08)

TIMERA0    0    0000fff2    00000002     
                  0000fff2    00000002     main_AP_Async_TalkandListen_.obj (.int09)

WDT        0    0000fff4    00000002     
                  0000fff4    00000002     rts430_eabi.lib : int10.obj (.int10)

TIMERB1    0    0000fff8    00000002     
                  0000fff8    00000002     rts430_eabi.lib : int12.obj (.int12)

TIMERB0    0    0000fffa    00000002     
                  0000fffa    00000002     rts430_eabi.lib : int13.obj (.int13)

NMI        0    0000fffc    00000002     
                  0000fffc    00000002     rts430_eabi.lib : int14.obj (.int14)

.reset     0    0000fffe    00000002     
                  0000fffe    00000002     rts430_eabi.lib : boot.obj (.reset)

$fill000   0    0000ffde    00000002     
                  0000ffde    00000002     --HOLE-- [fill = ffff]

MODULE SUMMARY

       Module                             code    ro data   rw data
       ------                             ----    -------   -------
    ./Applications/application/Access Point/
       main_AP_Async_TalkandListen_.obj   684     4         22     
    +--+----------------------------------+-------+---------+---------+
       Total:                             684     4         22     
                                                                   
    ./Components/bsp/
       bsp.obj                            142     0         1      
    +--+----------------------------------+-------+---------+---------+
       Total:                             142     0         1      
                                                                   
    ./Components/mrfi/
       mrfi.obj                           2094    73        13     
    +--+----------------------------------+-------+---------+---------+
       Total:                             2094    73        13     
                                                                   
    ./Components/simpliciti/nwk/
       nwk_frame.obj                      1308    12        8      
       nwk.obj                            1170    0         120    
       nwk_api.obj                        610     0         1      
       nwk_QMgmt.obj                      598     0         0      
       nwk_globals.obj                    102     9         1      
    +--+----------------------------------+-------+---------+---------+
       Total:                             3788    21        130    
                                                                   
    ./Components/simpliciti/nwk_applications/
       nwk_link.obj                       672     0         7      
       nwk_join.obj                       506     0         11     
       nwk_ioctl.obj                      366     0         0      
       nwk_mgmt.obj                       262     0         4      
       nwk_ping.obj                       140     0         1      
       nwk_freq.obj                       6       0         0      
       nwk_security.obj                   6       0         0      
    +--+----------------------------------+-------+---------+---------+
       Total:                             1958    0         23     
                                                                   
    ./utils/
       UART_HANDLER.obj                   484     6         0      
       utils.obj                          16      0         0      
    +--+----------------------------------+-------+---------+---------+
       Total:                             500     6         0      
                                                                   
    /Applications/ti/ccsv7/tools/compiler/ti-cgt-msp430_16.9.0.LTS/lib/rts430_eabi.lib
       addd.obj                           744     0         0      
       frcaddd.obj                        608     0         0      
       fs_add.obj                         306     0         0      
       renormd.obj                        190     0         0      
       cvtdf.obj                          140     0         0      
       copy_decompress_lzss.obj           124     0         0      
       cvtfd.obj                          114     0         0      
       autoinit.obj                       110     0         0      
       lsr32.obj                          110     0         0      
       cpy_tbl.obj                        90      0         0      
       div32u.obj                         88      0         0      
       asr32.obj                          78      0         0      
       lsl32.obj                          78      0         0      
       lsr16.obj                          76      0         0      
       fs_cmp.obj                         74      0         0      
       asr16.obj                          44      0         0      
       div16s.obj                         44      0         0      
       lsl16.obj                          44      0         0      
       mult32.obj                         38      0         0      
       memcmp.obj                         34      0         0      
       memmov.obj                         32      0         0      
       boot_special.obj                   26      0         0      
       div16u.obj                         22      0         0      
       copy_zero_init.obj                 20      0         0      
       memset.obj                         20      0         0      
       mult16.obj                         20      0         0      
       copy_decompress_none.obj           18      0         0      
       memcpy.obj                         18      0         0      
       epilog.obj                         16      0         0      
       isr_trap.obj                       8       0         0      
       exit.obj                           6       0         0      
       boot.obj                           0       2         0      
       int02.obj                          0       2         0      
       int05.obj                          0       2         0      
       int08.obj                          0       2         0      
       int10.obj                          0       2         0      
       int12.obj                          0       2         0      
       int13.obj                          0       2         0      
       int14.obj                          0       2         0      
       startup.obj                        2       0         0      
    +--+----------------------------------+-------+---------+---------+
       Total:                             3342    16        0      
                                                                   
       Stack:                             0       0         80     
       Linker Generated:                  0       37        0      
    +--+----------------------------------+-------+---------+---------+
       Grand Total:                       12508   157       269    


LINKER GENERATED COPY TABLES

__TI_cinit_table @ 0000b15c records: 2, size/record: 4, table size: 8
	.data: load addr=0000b13e, load size=00000013 bytes, run addr=00000200, run size=000000bd bytes, compression=lzss
	.bss: load addr=0000b158, load size=00000004 bytes, run addr=00000000, run size=000006bc bytes, compression=zero_init


LINKER GENERATED HANDLER TABLE

__TI_handler_table @ 0000b152 records: 3, size/record: 2, table size: 6
	index: 0, handler: __TI_zero_init
	index: 1, handler: __TI_decompress_lzss
	index: 2, handler: __TI_decompress_none


GLOBAL SYMBOLS: SORTED ALPHABETICALLY BY Name 

address   name                                            
-------   ----                                            
0000004a  ADC10AE0                                        
0000004b  ADC10AE1                                        
000001b0  ADC10CTL0                                       
000001b2  ADC10CTL1                                       
00000048  ADC10DTC0                                       
00000049  ADC10DTC1                                       
000001b4  ADC10MEM                                        
000001bc  ADC10SA                                         
00000057  BCSCTL1                                         
00000058  BCSCTL2                                         
00000053  BCSCTL3                                         
0000acdc  BSP_Delay                                       
0000ad8a  BSP_GpioPort1Isr                                
0000ac3c  BSP_Init                                        
0000ac5c  BSP_InitBoard                                   
0000b040  BSP_InitButtons                                 
0000b04a  BSP_InitDrivers                                 
0000aeee  BSP_InitLeds                                    
0000b0a0  C$$EXIT                                         
000010fb  CALBC1_12MHZ                                    
000010f9  CALBC1_16MHZ                                    
000010ff  CALBC1_1MHZ                                     
000010fd  CALBC1_8MHZ                                     
000010fa  CALDCO_12MHZ                                    
000010f8  CALDCO_16MHZ                                    
000010fe  CALDCO_1MHZ                                     
000010fc  CALDCO_8MHZ                                     
00000056  DCOCTL                                          
00000128  FCTL1                                           
0000012a  FCTL2                                           
0000012c  FCTL3                                           
00000000  IE1                                             
00000001  IE2                                             
00000002  IFG1                                            
00000003  IFG2                                            
0000add8  MRFI_DelayMs                                    
0000b094  MRFI_GetRadioState                              
0000ad36  MRFI_GpioIsr                                    
00008548  MRFI_Init                                       
0000b004  MRFI_PostKillSem                                
0000ae20  MRFI_RandomByte                                 
0000afbe  MRFI_Receive                                    
0000a330  MRFI_Rssi                                       
0000a218  MRFI_RxAddrIsFiltered                           
0000ac7c  MRFI_RxCompleteISR                              
0000ac9c  MRFI_RxIdle                                     
0000abf8  MRFI_RxOn                                       
0000a7aa  MRFI_SetLogicalChannel                          
0000a70e  MRFI_SetRFPwr                                   
0000ab14  MRFI_Sleep                                      
00008f5e  MRFI_Transmit                                   
00009fac  MRFI_WakeUp                                     
000000c0  OA0CTL0                                         
000000c1  OA0CTL1                                         
000000c2  OA1CTL0                                         
000000c3  OA1CTL1                                         
00000022  P1DIR                                           
00000025  P1IE                                            
00000024  P1IES                                           
00000023  P1IFG                                           
00000020  P1IN                                            
00000021  P1OUT                                           
00000027  P1REN                                           
00000026  P1SEL                                           
0000002a  P2DIR                                           
0000002d  P2IE                                            
0000002c  P2IES                                           
0000002b  P2IFG                                           
00000028  P2IN                                            
00000029  P2OUT                                           
0000002f  P2REN                                           
0000002e  P2SEL                                           
0000001a  P3DIR                                           
00000018  P3IN                                            
00000019  P3OUT                                           
00000010  P3REN                                           
0000001b  P3SEL                                           
0000001e  P4DIR                                           
0000001c  P4IN                                            
0000001d  P4OUT                                           
00000011  P4REN                                           
0000001f  P4SEL                                           
00000000  RX_ser_buf                                      
0000a9e2  SMPL_Init                                       
000093a2  SMPL_Ioctl                                      
00009bba  SMPL_LinkListen                                 
0000a0a4  SMPL_Receive                                    
0000b07c  SMPL_Send                                       
000096fa  SMPL_SendOpt                                    
00000172  TACCR0                                          
00000174  TACCR1                                          
00000176  TACCR2                                          
00000162  TACCTL0                                         
00000164  TACCTL1                                         
00000166  TACCTL2                                         
00000160  TACTL                                           
0000012e  TAIV                                            
00000170  TAR                                             
00000192  TBCCR0                                          
00000194  TBCCR1                                          
00000196  TBCCR2                                          
00000182  TBCCTL0                                         
00000184  TBCCTL1                                         
00000186  TBCCTL2                                         
00000180  TBCTL                                           
0000011e  TBIV                                            
00000190  TBR                                             
000006aa  TX_Time_msg                                     
0000065e  TX_msg                                          
0000028a  TX_msg_Len                                      
00000258  TX_ser_buf                                      
0000067e  UART_RX_BUFFER                                  
00000690  UART_TX_BUFFER                                  
0000005d  UCA0ABCTL                                       
00000062  UCA0BR0                                         
00000063  UCA0BR1                                         
00000060  UCA0CTL0                                        
00000061  UCA0CTL1                                        
0000005f  UCA0IRRCTL                                      
0000005e  UCA0IRTCTL                                      
00000064  UCA0MCTL                                        
00000066  UCA0RXBUF                                       
00000065  UCA0STAT                                        
00000067  UCA0TXBUF                                       
0000006a  UCB0BR0                                         
0000006b  UCB0BR1                                         
00000068  UCB0CTL0                                        
00000069  UCB0CTL1                                        
0000006c  UCB0I2CIE                                       
00000118  UCB0I2COA                                       
0000011a  UCB0I2CSA                                       
0000006e  UCB0RXBUF                                       
0000006d  UCB0STAT                                        
0000006f  UCB0TXBUF                                       
00000120  WDTCTL                                          
0000a3fc  _Z10ParseRXCmdi                                 
0000b054  _Z11Disable_Intv                                
0000b09a  _Z11Restore_Intt                                
00009f56  _Z11TIMERA0_ISRv                                
0000a92e  _Z13USCIAB0RX_ISRv                              
0000a5f0  _Z13USCIAB0TX_ISRv                              
0000a374  _Z17tx_bytes_to_slavePhi                        
0000ae62  _Z9InitTimerv                                   
00009de2  _Z9Init_UARTv                                   
0000ae76  _Z9toggleLEDh                                   
00000600  __STACK_END                                     
00000050  __STACK_SIZE                                    
UNDEFED   __TI_BINIT_Base                                 
UNDEFED   __TI_BINIT_Limit                                
0000b15c  __TI_CINIT_Base                                 
0000b164  __TI_CINIT_Limit                                
0000b152  __TI_Handler_Table_Base                         
0000b158  __TI_Handler_Table_Limit                        
0000b13a  __TI_INITARRAY_Base                             
0000b13e  __TI_INITARRAY_Limit                            
0000b084  __TI_ISR_TRAP                                   
00009a46  __TI_decompress_lzss                            
0000af12  __TI_decompress_none                            
000082e8  __TI_frcaddd                                    
0000ffe4  __TI_int02                                      
0000ffe6  __TI_int03                                      
0000ffea  __TI_int05                                      
0000ffec  __TI_int06                                      
0000ffee  __TI_int07                                      
0000fff0  __TI_int08                                      
0000fff2  __TI_int09                                      
0000fff4  __TI_int10                                      
0000fff8  __TI_int12                                      
0000fffa  __TI_int13                                      
0000fffc  __TI_int14                                      
ffffffff  __TI_pprof_out_hndl                             
ffffffff  __TI_prof_data_size                             
ffffffff  __TI_prof_data_start                            
000092e4  __TI_renormd                                    
0000ae8a  __TI_zero_init                                  
ffffffff  __c_args__                                      
00008000  __mspabi_addd                                   
00008d24  __mspabi_addf                                   
0000a186  __mspabi_cmpf                                   
00009828  __mspabi_cvtdf                                  
00009c30  __mspabi_cvtfd                                  
0000aa92  __mspabi_divi                                   
0000ae4c  __mspabi_divu                                   
00009efe  __mspabi_divul                                  
0000afba  __mspabi_func_epilog_1                          
0000afb8  __mspabi_func_epilog_2                          
0000afb6  __mspabi_func_epilog_3                          
0000afb4  __mspabi_func_epilog_4                          
0000afb2  __mspabi_func_epilog_5                          
0000afb0  __mspabi_func_epilog_6                          
0000afae  __mspabi_func_epilog_7                          
0000aeda  __mspabi_mpyi                                   
0000aeda  __mspabi_mpyi_sw                                
0000abd2  __mspabi_mpyl                                   
0000abd2  __mspabi_mpyl_sw                                
0000aa92  __mspabi_remi                                   
0000ae4c  __mspabi_remu                                   
00009efe  __mspabi_remul                                  
0000aabe  __mspabi_slli                                   
0000aae6  __mspabi_slli_1                                 
0000aad4  __mspabi_slli_10                                
0000aad2  __mspabi_slli_11                                
0000aad0  __mspabi_slli_12                                
0000aace  __mspabi_slli_13                                
0000aacc  __mspabi_slli_14                                
0000aaca  __mspabi_slli_15                                
0000aae4  __mspabi_slli_2                                 
0000aae2  __mspabi_slli_3                                 
0000aae0  __mspabi_slli_4                                 
0000aade  __mspabi_slli_5                                 
0000aadc  __mspabi_slli_6                                 
0000aada  __mspabi_slli_7                                 
0000aad8  __mspabi_slli_8                                 
0000aad6  __mspabi_slli_9                                 
0000af8e  __mspabi_slll                                   
0000a532  __mspabi_slll_1                                 
0000a50e  __mspabi_slll_10                                
0000a50a  __mspabi_slll_11                                
0000a506  __mspabi_slll_12                                
0000a502  __mspabi_slll_13                                
0000a4fe  __mspabi_slll_14                                
0000a4fa  __mspabi_slll_15                                
0000a52e  __mspabi_slll_2                                 
0000a52a  __mspabi_slll_3                                 
0000a526  __mspabi_slll_4                                 
0000a522  __mspabi_slll_5                                 
0000a51e  __mspabi_slll_6                                 
0000a51a  __mspabi_slll_7                                 
0000a516  __mspabi_slll_8                                 
0000a512  __mspabi_slll_9                                 
0000aa66  __mspabi_srai                                   
0000aa8e  __mspabi_srai_1                                 
0000aa7c  __mspabi_srai_10                                
0000aa7a  __mspabi_srai_11                                
0000aa78  __mspabi_srai_12                                
0000aa76  __mspabi_srai_13                                
0000aa74  __mspabi_srai_14                                
0000aa72  __mspabi_srai_15                                
0000aa8c  __mspabi_srai_2                                 
0000aa8a  __mspabi_srai_3                                 
0000aa88  __mspabi_srai_4                                 
0000aa86  __mspabi_srai_5                                 
0000aa84  __mspabi_srai_6                                 
0000aa82  __mspabi_srai_7                                 
0000aa80  __mspabi_srai_8                                 
0000aa7e  __mspabi_srai_9                                 
0000af7e  __mspabi_sral                                   
0000a4f4  __mspabi_sral_1                                 
0000a4d0  __mspabi_sral_10                                
0000a4cc  __mspabi_sral_11                                
0000a4c8  __mspabi_sral_12                                
0000a4c4  __mspabi_sral_13                                
0000a4c0  __mspabi_sral_14                                
0000a4bc  __mspabi_sral_15                                
0000a4f0  __mspabi_sral_2                                 
0000a4ec  __mspabi_sral_3                                 
0000a4e8  __mspabi_sral_4                                 
0000a4e4  __mspabi_sral_5                                 
0000a4e0  __mspabi_sral_6                                 
0000a4dc  __mspabi_sral_7                                 
0000a4d8  __mspabi_sral_8                                 
0000a4d4  __mspabi_sral_9                                 
0000a0f0  __mspabi_srli                                   
0000a136  __mspabi_srli_1                                 
0000a112  __mspabi_srli_10                                
0000a10e  __mspabi_srli_11                                
0000a10a  __mspabi_srli_12                                
0000a106  __mspabi_srli_13                                
0000a102  __mspabi_srli_14                                
0000a0fe  __mspabi_srli_15                                
0000a132  __mspabi_srli_2                                 
0000a12e  __mspabi_srli_3                                 
0000a12a  __mspabi_srli_4                                 
0000a126  __mspabi_srli_5                                 
0000a122  __mspabi_srli_6                                 
0000a11e  __mspabi_srli_7                                 
0000a11a  __mspabi_srli_8                                 
0000a116  __mspabi_srli_9                                 
0000af24  __mspabi_srll                                   
00009e9c  __mspabi_srll_1                                 
00009e66  __mspabi_srll_10                                
00009e60  __mspabi_srll_11                                
00009e5a  __mspabi_srll_12                                
00009e54  __mspabi_srll_13                                
00009e4e  __mspabi_srll_14                                
00009e48  __mspabi_srll_15                                
00009e96  __mspabi_srll_2                                 
00009e90  __mspabi_srll_3                                 
00009e8a  __mspabi_srll_4                                 
00009e84  __mspabi_srll_5                                 
00009e7e  __mspabi_srll_6                                 
00009e78  __mspabi_srll_7                                 
00009e72  __mspabi_srll_8                                 
00009e6c  __mspabi_srll_9                                 
00008d1e  __mspabi_subf                                   
00009212  __sti___16_UART_HANDLER_cpp_3daaade3            
0000ad52  __sti___32_main_AP_Async_TalkandListen__cpp_time
00009ca2  _auto_init                                      
0000ada4  _c_int00_noargs_noexit                          
0000fffe  _reset_vector                                   
000005b0  _stack                                          
0000b0d6  _system_post_cinit                              
0000b05e  _system_pre_init                                
0000b0a0  abort                                           
00009ea4  copy_in                                         
000095bc  isDupSandFFrame                                 
000002af  lAddr                                           
0000870e  main                                            
0000ac1a  memcmp                                          
0000af36  memcpy                                          
0000acbc  memmove                                         
0000aeb2  memset                                          
0000b12a  mrfiBroadcastAddr                               
0000a13c  mrfiSpiCmdStrobe                                
0000a742  mrfiSpiInit                                     
0000acfa  mrfiSpiReadReg                                  
0000b028  mrfiSpiReadRxFifo                               
0000adbe  mrfiSpiWriteReg                                 
0000afcc  mrfiSpiWriteTxFifo                              
000006b0  next_time_Jam                                   
0000ad18  nwk_QInit                                       
0000a6d8  nwk_QadjustOrder                                
00008a64  nwk_QfindOldest                                 
000098b4  nwk_QfindSlot                                   
00009510  nwk_SendEmptyPollRspFrame                       
0000913a  nwk_allocateLocalRxPort                         
0000965c  nwk_buildFrame                                  
0000aa3a  nwk_checkAppMsgTID                              
0000aaea  nwk_checkConnInfo                               
0000ab60  nwk_connectionControl                           
0000a776  nwk_deviceAddress                               
0000a25e  nwk_findAlreadyJoined                           
0000ab86  nwk_frameInit                                   
0000b0a6  nwk_freeConnection                              
0000b0d8  nwk_freqInit                                    
0000b0ac  nwk_getBCastAddress                             
0000a7dc  nwk_getConnInfo                                 
0000b0b2  nwk_getFWVersion                                
0000af48  nwk_getLinkToken                                
0000a538  nwk_getLocalLinkID                              
0000af5a  nwk_getMyAddress                                
0000b0b8  nwk_getMyRxType                                 
0000a054  nwk_getNextConnection                           
0000afda  nwk_getNumObjectFromMsg                         
0000b0be  nwk_getProtocolVersion                          
0000af9e  nwk_getQ                                        
0000b0c4  nwk_getSFInfoPtr                                
00009ac2  nwk_getSandFFrame                               
0000abac  nwk_globalsInit                                 
00009d7a  nwk_isConnectionValid                           
0000a2a4  nwk_isLinkDuplicate                             
0000a43e  nwk_isSandFClient                               
0000a62a  nwk_isValidReply                                
0000b0ca  nwk_join                                        
0000aec6  nwk_joinContext                                 
0000a664  nwk_joinInit                                    
0000a80e  nwk_linkInit                                    
0000ae08  nwk_mgmtInit                                    
0000993a  nwk_nwkInit                                     
0000b072  nwk_pingInit                                    
0000b0ce  nwk_processFreq                                 
0000a576  nwk_processJoin                                 
0000a95c  nwk_processLink                                 
0000a1d0  nwk_processMgmt                                 
0000a870  nwk_processPing                                 
0000b0d2  nwk_processSecurity                             
0000a5b4  nwk_putNumObjectIntoMsg                         
00009b3e  nwk_radioControl                                
0000a8a0  nwk_rawReceive                                  
0000a000  nwk_rawSend                                     
0000a69e  nwk_replayFrame                                 
0000b08c  nwk_resetSFMarker                               
0000945e  nwk_retrieveFrame                               
00009d10  nwk_saveJoinedDevice                            
0000b0da  nwk_securityInit                                
0000a8d0  nwk_sendFrame                                   
0000afe8  nwk_setJoinContext                              
0000af6c  nwk_setLinkToken                                
0000aff6  nwk_setListenContext                            
0000ad6e  nwk_setMyAddress                                
00000286  time                                            


GLOBAL SYMBOLS: SORTED BY Symbol Address 

address   name                                            
-------   ----                                            
00000000  IE1                                             
00000000  RX_ser_buf                                      
00000001  IE2                                             
00000002  IFG1                                            
00000003  IFG2                                            
00000010  P3REN                                           
00000011  P4REN                                           
00000018  P3IN                                            
00000019  P3OUT                                           
0000001a  P3DIR                                           
0000001b  P3SEL                                           
0000001c  P4IN                                            
0000001d  P4OUT                                           
0000001e  P4DIR                                           
0000001f  P4SEL                                           
00000020  P1IN                                            
00000021  P1OUT                                           
00000022  P1DIR                                           
00000023  P1IFG                                           
00000024  P1IES                                           
00000025  P1IE                                            
00000026  P1SEL                                           
00000027  P1REN                                           
00000028  P2IN                                            
00000029  P2OUT                                           
0000002a  P2DIR                                           
0000002b  P2IFG                                           
0000002c  P2IES                                           
0000002d  P2IE                                            
0000002e  P2SEL                                           
0000002f  P2REN                                           
00000048  ADC10DTC0                                       
00000049  ADC10DTC1                                       
0000004a  ADC10AE0                                        
0000004b  ADC10AE1                                        
00000050  __STACK_SIZE                                    
00000053  BCSCTL3                                         
00000056  DCOCTL                                          
00000057  BCSCTL1                                         
00000058  BCSCTL2                                         
0000005d  UCA0ABCTL                                       
0000005e  UCA0IRTCTL                                      
0000005f  UCA0IRRCTL                                      
00000060  UCA0CTL0                                        
00000061  UCA0CTL1                                        
00000062  UCA0BR0                                         
00000063  UCA0BR1                                         
00000064  UCA0MCTL                                        
00000065  UCA0STAT                                        
00000066  UCA0RXBUF                                       
00000067  UCA0TXBUF                                       
00000068  UCB0CTL0                                        
00000069  UCB0CTL1                                        
0000006a  UCB0BR0                                         
0000006b  UCB0BR1                                         
0000006c  UCB0I2CIE                                       
0000006d  UCB0STAT                                        
0000006e  UCB0RXBUF                                       
0000006f  UCB0TXBUF                                       
000000c0  OA0CTL0                                         
000000c1  OA0CTL1                                         
000000c2  OA1CTL0                                         
000000c3  OA1CTL1                                         
00000118  UCB0I2COA                                       
0000011a  UCB0I2CSA                                       
0000011e  TBIV                                            
00000120  WDTCTL                                          
00000128  FCTL1                                           
0000012a  FCTL2                                           
0000012c  FCTL3                                           
0000012e  TAIV                                            
00000160  TACTL                                           
00000162  TACCTL0                                         
00000164  TACCTL1                                         
00000166  TACCTL2                                         
00000170  TAR                                             
00000172  TACCR0                                          
00000174  TACCR1                                          
00000176  TACCR2                                          
00000180  TBCTL                                           
00000182  TBCCTL0                                         
00000184  TBCCTL1                                         
00000186  TBCCTL2                                         
00000190  TBR                                             
00000192  TBCCR0                                          
00000194  TBCCR1                                          
00000196  TBCCR2                                          
000001b0  ADC10CTL0                                       
000001b2  ADC10CTL1                                       
000001b4  ADC10MEM                                        
000001bc  ADC10SA                                         
00000258  TX_ser_buf                                      
00000286  time                                            
0000028a  TX_msg_Len                                      
000002af  lAddr                                           
000005b0  _stack                                          
00000600  __STACK_END                                     
0000065e  TX_msg                                          
0000067e  UART_RX_BUFFER                                  
00000690  UART_TX_BUFFER                                  
000006aa  TX_Time_msg                                     
000006b0  next_time_Jam                                   
000010f8  CALDCO_16MHZ                                    
000010f9  CALBC1_16MHZ                                    
000010fa  CALDCO_12MHZ                                    
000010fb  CALBC1_12MHZ                                    
000010fc  CALDCO_8MHZ                                     
000010fd  CALBC1_8MHZ                                     
000010fe  CALDCO_1MHZ                                     
000010ff  CALBC1_1MHZ                                     
00008000  __mspabi_addd                                   
000082e8  __TI_frcaddd                                    
00008548  MRFI_Init                                       
0000870e  main                                            
00008a64  nwk_QfindOldest                                 
00008d1e  __mspabi_subf                                   
00008d24  __mspabi_addf                                   
00008f5e  MRFI_Transmit                                   
0000913a  nwk_allocateLocalRxPort                         
00009212  __sti___16_UART_HANDLER_cpp_3daaade3            
000092e4  __TI_renormd                                    
000093a2  SMPL_Ioctl                                      
0000945e  nwk_retrieveFrame                               
00009510  nwk_SendEmptyPollRspFrame                       
000095bc  isDupSandFFrame                                 
0000965c  nwk_buildFrame                                  
000096fa  SMPL_SendOpt                                    
00009828  __mspabi_cvtdf                                  
000098b4  nwk_QfindSlot                                   
0000993a  nwk_nwkInit                                     
00009a46  __TI_decompress_lzss                            
00009ac2  nwk_getSandFFrame                               
00009b3e  nwk_radioControl                                
00009bba  SMPL_LinkListen                                 
00009c30  __mspabi_cvtfd                                  
00009ca2  _auto_init                                      
00009d10  nwk_saveJoinedDevice                            
00009d7a  nwk_isConnectionValid                           
00009de2  _Z9Init_UARTv                                   
00009e48  __mspabi_srll_15                                
00009e4e  __mspabi_srll_14                                
00009e54  __mspabi_srll_13                                
00009e5a  __mspabi_srll_12                                
00009e60  __mspabi_srll_11                                
00009e66  __mspabi_srll_10                                
00009e6c  __mspabi_srll_9                                 
00009e72  __mspabi_srll_8                                 
00009e78  __mspabi_srll_7                                 
00009e7e  __mspabi_srll_6                                 
00009e84  __mspabi_srll_5                                 
00009e8a  __mspabi_srll_4                                 
00009e90  __mspabi_srll_3                                 
00009e96  __mspabi_srll_2                                 
00009e9c  __mspabi_srll_1                                 
00009ea4  copy_in                                         
00009efe  __mspabi_divul                                  
00009efe  __mspabi_remul                                  
00009f56  _Z11TIMERA0_ISRv                                
00009fac  MRFI_WakeUp                                     
0000a000  nwk_rawSend                                     
0000a054  nwk_getNextConnection                           
0000a0a4  SMPL_Receive                                    
0000a0f0  __mspabi_srli                                   
0000a0fe  __mspabi_srli_15                                
0000a102  __mspabi_srli_14                                
0000a106  __mspabi_srli_13                                
0000a10a  __mspabi_srli_12                                
0000a10e  __mspabi_srli_11                                
0000a112  __mspabi_srli_10                                
0000a116  __mspabi_srli_9                                 
0000a11a  __mspabi_srli_8                                 
0000a11e  __mspabi_srli_7                                 
0000a122  __mspabi_srli_6                                 
0000a126  __mspabi_srli_5                                 
0000a12a  __mspabi_srli_4                                 
0000a12e  __mspabi_srli_3                                 
0000a132  __mspabi_srli_2                                 
0000a136  __mspabi_srli_1                                 
0000a13c  mrfiSpiCmdStrobe                                
0000a186  __mspabi_cmpf                                   
0000a1d0  nwk_processMgmt                                 
0000a218  MRFI_RxAddrIsFiltered                           
0000a25e  nwk_findAlreadyJoined                           
0000a2a4  nwk_isLinkDuplicate                             
0000a330  MRFI_Rssi                                       
0000a374  _Z17tx_bytes_to_slavePhi                        
0000a3fc  _Z10ParseRXCmdi                                 
0000a43e  nwk_isSandFClient                               
0000a4bc  __mspabi_sral_15                                
0000a4c0  __mspabi_sral_14                                
0000a4c4  __mspabi_sral_13                                
0000a4c8  __mspabi_sral_12                                
0000a4cc  __mspabi_sral_11                                
0000a4d0  __mspabi_sral_10                                
0000a4d4  __mspabi_sral_9                                 
0000a4d8  __mspabi_sral_8                                 
0000a4dc  __mspabi_sral_7                                 
0000a4e0  __mspabi_sral_6                                 
0000a4e4  __mspabi_sral_5                                 
0000a4e8  __mspabi_sral_4                                 
0000a4ec  __mspabi_sral_3                                 
0000a4f0  __mspabi_sral_2                                 
0000a4f4  __mspabi_sral_1                                 
0000a4fa  __mspabi_slll_15                                
0000a4fe  __mspabi_slll_14                                
0000a502  __mspabi_slll_13                                
0000a506  __mspabi_slll_12                                
0000a50a  __mspabi_slll_11                                
0000a50e  __mspabi_slll_10                                
0000a512  __mspabi_slll_9                                 
0000a516  __mspabi_slll_8                                 
0000a51a  __mspabi_slll_7                                 
0000a51e  __mspabi_slll_6                                 
0000a522  __mspabi_slll_5                                 
0000a526  __mspabi_slll_4                                 
0000a52a  __mspabi_slll_3                                 
0000a52e  __mspabi_slll_2                                 
0000a532  __mspabi_slll_1                                 
0000a538  nwk_getLocalLinkID                              
0000a576  nwk_processJoin                                 
0000a5b4  nwk_putNumObjectIntoMsg                         
0000a5f0  _Z13USCIAB0TX_ISRv                              
0000a62a  nwk_isValidReply                                
0000a664  nwk_joinInit                                    
0000a69e  nwk_replayFrame                                 
0000a6d8  nwk_QadjustOrder                                
0000a70e  MRFI_SetRFPwr                                   
0000a742  mrfiSpiInit                                     
0000a776  nwk_deviceAddress                               
0000a7aa  MRFI_SetLogicalChannel                          
0000a7dc  nwk_getConnInfo                                 
0000a80e  nwk_linkInit                                    
0000a870  nwk_processPing                                 
0000a8a0  nwk_rawReceive                                  
0000a8d0  nwk_sendFrame                                   
0000a92e  _Z13USCIAB0RX_ISRv                              
0000a95c  nwk_processLink                                 
0000a9e2  SMPL_Init                                       
0000aa3a  nwk_checkAppMsgTID                              
0000aa66  __mspabi_srai                                   
0000aa72  __mspabi_srai_15                                
0000aa74  __mspabi_srai_14                                
0000aa76  __mspabi_srai_13                                
0000aa78  __mspabi_srai_12                                
0000aa7a  __mspabi_srai_11                                
0000aa7c  __mspabi_srai_10                                
0000aa7e  __mspabi_srai_9                                 
0000aa80  __mspabi_srai_8                                 
0000aa82  __mspabi_srai_7                                 
0000aa84  __mspabi_srai_6                                 
0000aa86  __mspabi_srai_5                                 
0000aa88  __mspabi_srai_4                                 
0000aa8a  __mspabi_srai_3                                 
0000aa8c  __mspabi_srai_2                                 
0000aa8e  __mspabi_srai_1                                 
0000aa92  __mspabi_divi                                   
0000aa92  __mspabi_remi                                   
0000aabe  __mspabi_slli                                   
0000aaca  __mspabi_slli_15                                
0000aacc  __mspabi_slli_14                                
0000aace  __mspabi_slli_13                                
0000aad0  __mspabi_slli_12                                
0000aad2  __mspabi_slli_11                                
0000aad4  __mspabi_slli_10                                
0000aad6  __mspabi_slli_9                                 
0000aad8  __mspabi_slli_8                                 
0000aada  __mspabi_slli_7                                 
0000aadc  __mspabi_slli_6                                 
0000aade  __mspabi_slli_5                                 
0000aae0  __mspabi_slli_4                                 
0000aae2  __mspabi_slli_3                                 
0000aae4  __mspabi_slli_2                                 
0000aae6  __mspabi_slli_1                                 
0000aaea  nwk_checkConnInfo                               
0000ab14  MRFI_Sleep                                      
0000ab60  nwk_connectionControl                           
0000ab86  nwk_frameInit                                   
0000abac  nwk_globalsInit                                 
0000abd2  __mspabi_mpyl                                   
0000abd2  __mspabi_mpyl_sw                                
0000abf8  MRFI_RxOn                                       
0000ac1a  memcmp                                          
0000ac3c  BSP_Init                                        
0000ac5c  BSP_InitBoard                                   
0000ac7c  MRFI_RxCompleteISR                              
0000ac9c  MRFI_RxIdle                                     
0000acbc  memmove                                         
0000acdc  BSP_Delay                                       
0000acfa  mrfiSpiReadReg                                  
0000ad18  nwk_QInit                                       
0000ad36  MRFI_GpioIsr                                    
0000ad52  __sti___32_main_AP_Async_TalkandListen__cpp_time
0000ad6e  nwk_setMyAddress                                
0000ad8a  BSP_GpioPort1Isr                                
0000ada4  _c_int00_noargs_noexit                          
0000adbe  mrfiSpiWriteReg                                 
0000add8  MRFI_DelayMs                                    
0000ae08  nwk_mgmtInit                                    
0000ae20  MRFI_RandomByte                                 
0000ae4c  __mspabi_divu                                   
0000ae4c  __mspabi_remu                                   
0000ae62  _Z9InitTimerv                                   
0000ae76  _Z9toggleLEDh                                   
0000ae8a  __TI_zero_init                                  
0000aeb2  memset                                          
0000aec6  nwk_joinContext                                 
0000aeda  __mspabi_mpyi                                   
0000aeda  __mspabi_mpyi_sw                                
0000aeee  BSP_InitLeds                                    
0000af12  __TI_decompress_none                            
0000af24  __mspabi_srll                                   
0000af36  memcpy                                          
0000af48  nwk_getLinkToken                                
0000af5a  nwk_getMyAddress                                
0000af6c  nwk_setLinkToken                                
0000af7e  __mspabi_sral                                   
0000af8e  __mspabi_slll                                   
0000af9e  nwk_getQ                                        
0000afae  __mspabi_func_epilog_7                          
0000afb0  __mspabi_func_epilog_6                          
0000afb2  __mspabi_func_epilog_5                          
0000afb4  __mspabi_func_epilog_4                          
0000afb6  __mspabi_func_epilog_3                          
0000afb8  __mspabi_func_epilog_2                          
0000afba  __mspabi_func_epilog_1                          
0000afbe  MRFI_Receive                                    
0000afcc  mrfiSpiWriteTxFifo                              
0000afda  nwk_getNumObjectFromMsg                         
0000afe8  nwk_setJoinContext                              
0000aff6  nwk_setListenContext                            
0000b004  MRFI_PostKillSem                                
0000b028  mrfiSpiReadRxFifo                               
0000b040  BSP_InitButtons                                 
0000b04a  BSP_InitDrivers                                 
0000b054  _Z11Disable_Intv                                
0000b05e  _system_pre_init                                
0000b072  nwk_pingInit                                    
0000b07c  SMPL_Send                                       
0000b084  __TI_ISR_TRAP                                   
0000b08c  nwk_resetSFMarker                               
0000b094  MRFI_GetRadioState                              
0000b09a  _Z11Restore_Intt                                
0000b0a0  C$$EXIT                                         
0000b0a0  abort                                           
0000b0a6  nwk_freeConnection                              
0000b0ac  nwk_getBCastAddress                             
0000b0b2  nwk_getFWVersion                                
0000b0b8  nwk_getMyRxType                                 
0000b0be  nwk_getProtocolVersion                          
0000b0c4  nwk_getSFInfoPtr                                
0000b0ca  nwk_join                                        
0000b0ce  nwk_processFreq                                 
0000b0d2  nwk_processSecurity                             
0000b0d6  _system_post_cinit                              
0000b0d8  nwk_freqInit                                    
0000b0da  nwk_securityInit                                
0000b12a  mrfiBroadcastAddr                               
0000b13a  __TI_INITARRAY_Base                             
0000b13e  __TI_INITARRAY_Limit                            
0000b152  __TI_Handler_Table_Base                         
0000b158  __TI_Handler_Table_Limit                        
0000b15c  __TI_CINIT_Base                                 
0000b164  __TI_CINIT_Limit                                
0000ffe4  __TI_int02                                      
0000ffe6  __TI_int03                                      
0000ffea  __TI_int05                                      
0000ffec  __TI_int06                                      
0000ffee  __TI_int07                                      
0000fff0  __TI_int08                                      
0000fff2  __TI_int09                                      
0000fff4  __TI_int10                                      
0000fff8  __TI_int12                                      
0000fffa  __TI_int13                                      
0000fffc  __TI_int14                                      
0000fffe  _reset_vector                                   
ffffffff  __TI_pprof_out_hndl                             
ffffffff  __TI_prof_data_size                             
ffffffff  __TI_prof_data_start                            
ffffffff  __c_args__                                      
UNDEFED   __TI_BINIT_Base                                 
UNDEFED   __TI_BINIT_Limit                                

[381 symbols]
